Product: MDK-ARM Lite 5.10
Component: ARM Compiler 5.04 update 1 (build 49)
Tool: armlink [5040049]

==============================================================================

Section Cross References

    board.o(i.CC3100_InterruptDisable) refers to gpio.o(i.GPIOIntDisable) for GPIOIntDisable
    board.o(i.CC3100_InterruptEnable) refers to gpio.o(i.GPIOIntEnable) for GPIOIntEnable
    board.o(i.DisableTimer0) refers to timer.o(i.TimerDisable) for TimerDisable
    board.o(i.EnableTimer0) refers to timer.o(i.TimerEnable) for TimerEnable
    board.o(i.GPIOM_intHandler) refers to gpio.o(i.GPIOIntStatus) for GPIOIntStatus
    board.o(i.GPIOM_intHandler) refers to gpio.o(i.GPIOIntClear) for GPIOIntClear
    board.o(i.GPIOM_intHandler) refers to board.o(.data) for .data
    board.o(i.GetLEDStatus) refers to gpio.o(i.GPIOPinRead) for GPIOPinRead
    board.o(i.IntHandlerGPIOPortH) refers to gpio.o(i.GPIOIntStatus) for GPIOIntStatus
    board.o(i.IntHandlerGPIOPortH) refers to gpio.o(i.GPIOIntClear) for GPIOIntClear
    board.o(i.IntHandlerGPIOPortH) refers to tmp006.o(i.TMP006DataRead) for TMP006DataRead
    board.o(i.IntHandlerGPIOPortH) refers to board.o(.bss) for .bss
    board.o(i.IntHandlerGPIOPortH) refers to board.o(i.TMP006AppCallback) for TMP006AppCallback
    board.o(i.MaskIntHdlr) refers to board.o(.data) for .data
    board.o(i.TMP006AppCallback) refers to memseta.o(.text) for __aeabi_memclr4
    board.o(i.TMP006AppCallback) refers to gpio.o(i.GPIOPinWrite) for GPIOPinWrite
    board.o(i.TMP006AppCallback) refers to tmp006.o(i.TMP006DataTemperatureGetFloat) for TMP006DataTemperatureGetFloat
    board.o(i.TMP006AppCallback) refers to ffixi.o(.text) for __aeabi_f2iz
    board.o(i.TMP006AppCallback) refers to fmul.o(.text) for __aeabi_fmul
    board.o(i.TMP006AppCallback) refers to printf6.o(i.__0sprintf$6) for __2sprintf
    board.o(i.TMP006AppCallback) refers to cli_uart.o(i.CLI_Write) for CLI_Write
    board.o(i.TMP006AppCallback) refers to board.o(.data) for .data
    board.o(i.TMP006AppCallback) refers to board.o(.bss) for .bss
    board.o(i.TMP006I2CIntHandler) refers to i2cm_drv.o(i.I2CMIntHandler) for I2CMIntHandler
    board.o(i.TMP006I2CIntHandler) refers to board.o(.bss) for .bss
    board.o(i.Timer0IntHandler) refers to timer.o(i.TimerIntClear) for TimerIntClear
    board.o(i.Timer0IntHandler) refers to gpio.o(i.GPIOPinRead) for GPIOPinRead
    board.o(i.Timer0IntHandler) refers to gpio.o(i.GPIOPinWrite) for GPIOPinWrite
    board.o(i.UnMaskIntHdlr) refers to board.o(.data) for .data
    board.o(i.initClk) refers to fpu.o(i.FPUEnable) for FPUEnable
    board.o(i.initClk) refers to fpu.o(i.FPULazyStackingEnable) for FPULazyStackingEnable
    board.o(i.initClk) refers to sysctl.o(i.SysCtlClockFreqSet) for SysCtlClockFreqSet
    board.o(i.initClk) refers to board.o(.data) for .data
    board.o(i.initI2C) refers to sysctl.o(i.SysCtlPeripheralEnable) for SysCtlPeripheralEnable
    board.o(i.initI2C) refers to gpio.o(i.GPIOPinConfigure) for GPIOPinConfigure
    board.o(i.initI2C) refers to gpio.o(i.GPIOPinTypeI2CSCL) for GPIOPinTypeI2CSCL
    board.o(i.initI2C) refers to gpio.o(i.GPIOPinTypeI2C) for GPIOPinTypeI2C
    board.o(i.initI2C) refers to gpio.o(i.GPIOPinTypeGPIOInput) for GPIOPinTypeGPIOInput
    board.o(i.initI2C) refers to gpio.o(i.GPIOIntEnable) for GPIOIntEnable
    board.o(i.initI2C) refers to gpio.o(i.GPIOIntTypeSet) for GPIOIntTypeSet
    board.o(i.initI2C) refers to interrupt.o(i.IntEnable) for IntEnable
    board.o(i.initI2C) refers to i2cm_drv.o(i.I2CMInit) for I2CMInit
    board.o(i.initI2C) refers to tmp006.o(i.TMP006Init) for TMP006Init
    board.o(i.initI2C) refers to tmp006.o(i.TMP006ReadModifyWrite) for TMP006ReadModifyWrite
    board.o(i.initI2C) refers to board.o(.data) for .data
    board.o(i.initI2C) refers to board.o(.bss) for .bss
    board.o(i.initI2C) refers to board.o(i.TMP006AppCallback) for TMP006AppCallback
    board.o(i.initLEDs) refers to sysctl.o(i.SysCtlPeripheralEnable) for SysCtlPeripheralEnable
    board.o(i.initLEDs) refers to gpio.o(i.GPIOPinTypeGPIOOutput) for GPIOPinTypeGPIOOutput
    board.o(i.initLEDs) refers to gpio.o(i.GPIOPinWrite) for GPIOPinWrite
    board.o(i.initTimer) refers to sysctl.o(i.SysCtlPeripheralEnable) for SysCtlPeripheralEnable
    board.o(i.initTimer) refers to interrupt.o(i.IntMasterEnable) for IntMasterEnable
    board.o(i.initTimer) refers to timer.o(i.TimerConfigure) for TimerConfigure
    board.o(i.initTimer) refers to timer.o(i.TimerLoadSet) for TimerLoadSet
    board.o(i.initTimer) refers to interrupt.o(i.IntPriorityGroupingSet) for IntPriorityGroupingSet
    board.o(i.initTimer) refers to interrupt.o(i.IntPrioritySet) for IntPrioritySet
    board.o(i.initTimer) refers to interrupt.o(i.IntEnable) for IntEnable
    board.o(i.initTimer) refers to timer.o(i.TimerIntEnable) for TimerIntEnable
    board.o(i.initTimer) refers to timer.o(i.TimerEnable) for TimerEnable
[...]
    printf2.o(i.__0sprintf$2) refers to printf2.o(i._printf_core) for _printf_core
    printf2.o(i.__0sprintf$2) refers to printf2.o(i._sputc) for _sputc
    printf2.o(i.__0vfprintf$2) refers to printf2.o(i._printf_core) for _printf_core
    printf2.o(i.__0vfprintf$2) refers to fputc.o(i.fputc) for fputc
    printf2.o(i.__0vprintf$2) refers to printf2.o(i._printf_core) for _printf_core
    printf2.o(i.__0vprintf$2) refers to fputc.o(i.fputc) for fputc
    printf2.o(i.__0vprintf$2) refers to stdout.o(.data) for __stdout
    printf2.o(i.__0vsnprintf$2) refers to printf2.o(i._printf_core) for _printf_core
    printf2.o(i.__0vsnprintf$2) refers to printf2.o(i._snputc) for _snputc
    printf2.o(i.__0vsprintf$2) refers to printf2.o(i._printf_core) for _printf_core
    printf2.o(i.__0vsprintf$2) refers to printf2.o(i._sputc) for _sputc
    printf3.o(i.__0fprintf$3) refers to printf3.o(i._printf_core) for _printf_core
    printf3.o(i.__0fprintf$3) refers to fputc.o(i.fputc) for fputc
    printf3.o(i.__0printf$3) refers to printf3.o(i._printf_core) for _printf_core
    printf3.o(i.__0printf$3) refers to fputc.o(i.fputc) for fputc
    printf3.o(i.__0printf$3) refers to stdout.o(.data) for __stdout
    printf3.o(i.__0snprintf$3) refers to printf3.o(i._printf_core) for _printf_core
    printf3.o(i.__0snprintf$3) refers to printf3.o(i._snputc) for _snputc
    printf3.o(i.__0sprintf$3) refers to printf3.o(i._printf_core) for _printf_core
    printf3.o(i.__0sprintf$3) refers to printf3.o(i._sputc) for _sputc
    printf3.o(i.__0vfprintf$3) refers to printf3.o(i._printf_core) for _printf_core
    printf3.o(i.__0vfprintf$3) refers to fputc.o(i.fputc) for fputc
    printf3.o(i.__0vprintf$3) refers to printf3.o(i._printf_core) for _printf_core
    printf3.o(i.__0vprintf$3) refers to fputc.o(i.fputc) for fputc
    printf3.o(i.__0vprintf$3) refers to stdout.o(.data) for __stdout
    printf3.o(i.__0vsnprintf$3) refers to printf3.o(i._printf_core) for _printf_core
    printf3.o(i.__0vsnprintf$3) refers to printf3.o(i._snputc) for _snputc
    printf3.o(i.__0vsprintf$3) refers to printf3.o(i._printf_core) for _printf_core
    printf3.o(i.__0vsprintf$3) refers to printf3.o(i._sputc) for _sputc
    printf3.o(i._printf_core) refers to uidiv.o(.text) for __aeabi_uidivmod
    printf4.o(i.__0fprintf$4) refers to printf4.o(i._printf_core) for _printf_core
    printf4.o(i.__0fprintf$4) refers to fputc.o(i.fputc) for fputc
    printf4.o(i.__0printf$4) refers to printf4.o(i._printf_core) for _printf_core
    printf4.o(i.__0printf$4) refers to fputc.o(i.fputc) for fputc
    printf4.o(i.__0printf$4) refers to stdout.o(.data) for __stdout
    printf4.o(i.__0snprintf$4) refers to printf4.o(i._printf_core) for _printf_core
    printf4.o(i.__0snprintf$4) refers to printf4.o(i._snputc) for _snputc
    printf4.o(i.__0sprintf$4) refers to printf4.o(i._printf_core) for _printf_core
    printf4.o(i.__0sprintf$4) refers to printf4.o(i._sputc) for _sputc
    printf4.o(i.__0vfprintf$4) refers to printf4.o(i._printf_core) for _printf_core
    printf4.o(i.__0vfprintf$4) refers to fputc.o(i.fputc) for fputc
    printf4.o(i.__0vprintf$4) refers to printf4.o(i._printf_core) for _printf_core
    printf4.o(i.__0vprintf$4) refers to fputc.o(i.fputc) for fputc
    printf4.o(i.__0vprintf$4) refers to stdout.o(.data) for __stdout
    printf4.o(i.__0vsnprintf$4) refers to printf4.o(i._printf_core) for _printf_core
    printf4.o(i.__0vsnprintf$4) refers to printf4.o(i._snputc) for _snputc
    printf4.o(i.__0vsprintf$4) refers to printf4.o(i._printf_core) for _printf_core
    printf4.o(i.__0vsprintf$4) refers to printf4.o(i._sputc) for _sputc
    printf4.o(i._printf_core) refers to uldiv.o(.text) for __aeabi_uldivmod
    printf5.o(i.__0fprintf$5) refers to printf5.o(i._printf_core) for _printf_core
    printf5.o(i.__0fprintf$5) refers to fputc.o(i.fputc) for fputc
    printf5.o(i.__0printf$5) refers to printf5.o(i._printf_core) for _printf_core
    printf5.o(i.__0printf$5) refers to fputc.o(i.fputc) for fputc
    printf5.o(i.__0printf$5) refers to stdout.o(.data) for __stdout
    printf5.o(i.__0snprintf$5) refers to printf5.o(i._printf_core) for _printf_core
    printf5.o(i.__0snprintf$5) refers to printf5.o(i._snputc) for _snputc
    printf5.o(i.__0sprintf$5) refers to printf5.o(i._printf_core) for _printf_core
    printf5.o(i.__0sprintf$5) refers to printf5.o(i._sputc) for _sputc
    printf5.o(i.__0vfprintf$5) refers to printf5.o(i._printf_core) for _printf_core
    printf5.o(i.__0vfprintf$5) refers to fputc.o(i.fputc) for fputc
    printf5.o(i.__0vprintf$5) refers to printf5.o(i._printf_core) for _printf_core
    printf5.o(i.__0vprintf$5) refers to fputc.o(i.fputc) for fputc
    printf5.o(i.__0vprintf$5) refers to stdout.o(.data) for __stdout
    printf5.o(i.__0vsnprintf$5) refers to printf5.o(i._printf_core) for _printf_core
    printf5.o(i.__0vsnprintf$5) refers to printf5.o(i._snputc) for _snputc
    printf5.o(i.__0vsprintf$5) refers to printf5.o(i._printf_core) for _printf_core
    printf5.o(i.__0vsprintf$5) refers to printf5.o(i._sputc) for _sputc
    printf5.o(i._printf_core) refers to uldiv.o(.text) for __aeabi_uldivmod
    printf6.o(i.__0fprintf$6) refers to printf6.o(i._printf_core) for _printf_core
    printf6.o(i.__0fprintf$6) refers to fputc.o(i.fputc) for fputc
    printf6.o(i.__0printf$6) refers to printf6.o(i._printf_core) for _printf_core
    printf6.o(i.__0printf$6) refers to fputc.o(i.fputc) for fputc
    printf6.o(i.__0printf$6) refers to stdout.o(.data) for __stdout
    printf6.o(i.__0snprintf$6) refers to printf6.o(i._printf_core) for _printf_core
    printf6.o(i.__0snprintf$6) refers to printf6.o(i._snputc) for _snputc
    printf6.o(i.__0sprintf$6) refers to printf6.o(i._printf_core) for _printf_core
    printf6.o(i.__0sprintf$6) refers to printf6.o(i._sputc) for _sputc
    printf6.o(i.__0vfprintf$6) refers to printf6.o(i._printf_core) for _printf_core
    printf6.o(i.__0vfprintf$6) refers to fputc.o(i.fputc) for fputc
    printf6.o(i.__0vprintf$6) refers to printf6.o(i._printf_core) for _printf_core
    printf6.o(i.__0vprintf$6) refers to fputc.o(i.fputc) for fputc
    printf6.o(i.__0vprintf$6) refers to stdout.o(.data) for __stdout
    printf6.o(i.__0vsnprintf$6) refers to printf6.o(i._printf_core) for _printf_core
    printf6.o(i.__0vsnprintf$6) refers to printf6.o(i._snputc) for _snputc
    printf6.o(i.__0vsprintf$6) refers to printf6.o(i._printf_core) for _printf_core
    printf6.o(i.__0vsprintf$6) refers to printf6.o(i._sputc) for _sputc
    printf6.o(i._printf_core) refers to printf6.o(i._printf_pre_padding) for _printf_pre_padding
    printf6.o(i._printf_core) refers to uidiv.o(.text) for __aeabi_uidivmod
    printf6.o(i._printf_core) refers to printf6.o(i._printf_post_padding) for _printf_post_padding
    printf7.o(i.__0fprintf$7) refers to printf7.o(i._printf_core) for _printf_core
    printf7.o(i.__0fprintf$7) refers to fputc.o(i.fputc) for fputc
    printf7.o(i.__0printf$7) refers to printf7.o(i._printf_core) for _printf_core
    printf7.o(i.__0printf$7) refers to fputc.o(i.fputc) for fputc
    printf7.o(i.__0printf$7) refers to stdout.o(.data) for __stdout
    printf7.o(i.__0snprintf$7) refers to printf7.o(i._printf_core) for _printf_core
    printf7.o(i.__0snprintf$7) refers to printf7.o(i._snputc) for _snputc
    printf7.o(i.__0sprintf$7) refers to printf7.o(i._printf_core) for _printf_core
    printf7.o(i.__0sprintf$7) refers to printf7.o(i._sputc) for _sputc
    printf7.o(i.__0vfprintf$7) refers to printf7.o(i._printf_core) for _printf_core
    printf7.o(i.__0vfprintf$7) refers to fputc.o(i.fputc) for fputc
    printf7.o(i.__0vprintf$7) refers to printf7.o(i._printf_core) for _printf_core
    printf7.o(i.__0vprintf$7) refers to fputc.o(i.fputc) for fputc
    printf7.o(i.__0vprintf$7) refers to stdout.o(.data) for __stdout
    printf7.o(i.__0vsnprintf$7) refers to printf7.o(i._printf_core) for _printf_core
    printf7.o(i.__0vsnprintf$7) refers to printf7.o(i._snputc) for _snputc
    printf7.o(i.__0vsprintf$7) refers to printf7.o(i._printf_core) for _printf_core
    printf7.o(i.__0vsprintf$7) refers to printf7.o(i._sputc) for _sputc
    printf7.o(i._printf_core) refers to printf7.o(i._printf_pre_padding) for _printf_pre_padding
    printf7.o(i._printf_core) refers to uldiv.o(.text) for __aeabi_uldivmod
    printf7.o(i._printf_core) refers to printf7.o(i._printf_post_padding) for _printf_post_padding
    printf8.o(i.__0fprintf$8) refers to printf8.o(i._printf_core) for _printf_core
    printf8.o(i.__0fprintf$8) refers to fputc.o(i.fputc) for fputc
    printf8.o(i.__0printf$8) refers to printf8.o(i._printf_core) for _printf_core
    printf8.o(i.__0printf$8) refers to fputc.o(i.fputc) for fputc
    printf8.o(i.__0printf$8) refers to stdout.o(.data) for __stdout
    printf8.o(i.__0snprintf$8) refers to printf8.o(i._printf_core) for _printf_core
    printf8.o(i.__0snprintf$8) refers to printf8.o(i._snputc) for _snputc
    printf8.o(i.__0sprintf$8) refers to printf8.o(i._printf_core) for _printf_core
    printf8.o(i.__0sprintf$8) refers to printf8.o(i._sputc) for _sputc
    printf8.o(i.__0vfprintf$8) refers to printf8.o(i._printf_core) for _printf_core
    printf8.o(i.__0vfprintf$8) refers to fputc.o(i.fputc) for fputc
    printf8.o(i.__0vprintf$8) refers to printf8.o(i._printf_core) for _printf_core
    printf8.o(i.__0vprintf$8) refers to fputc.o(i.fputc) for fputc
    printf8.o(i.__0vprintf$8) refers to stdout.o(.data) for __stdout
    printf8.o(i.__0vsnprintf$8) refers to printf8.o(i._printf_core) for _printf_core
    printf8.o(i.__0vsnprintf$8) refers to printf8.o(i._snputc) for _snputc
    printf8.o(i.__0vsprintf$8) refers to printf8.o(i._printf_core) for _printf_core
    printf8.o(i.__0vsprintf$8) refers to printf8.o(i._sputc) for _sputc
    printf8.o(i._printf_core) refers to printf8.o(i._printf_pre_padding) for _printf_pre_padding
    printf8.o(i._printf_core) refers to uldiv.o(.text) for __aeabi_uldivmod
    printf8.o(i._printf_core) refers to printf8.o(i._printf_post_padding) for _printf_post_padding
    printfa.o(i.__0fprintf) refers (Special) to iusefp.o(.text) for __I$use$fp
    printfa.o(i.__0fprintf) refers to printfa.o(i._printf_core) for _printf_core
    printfa.o(i.__0fprintf) refers to fputc.o(i.fputc) for fputc
    printfa.o(i.__0printf) refers (Special) to iusefp.o(.text) for __I$use$fp
    printfa.o(i.__0printf) refers to printfa.o(i._printf_core) for _printf_core
    printfa.o(i.__0printf) refers to fputc.o(i.fputc) for fputc
    printfa.o(i.__0printf) refers to stdout.o(.data) for __stdout
    printfa.o(i.__0snprintf) refers (Special) to iusefp.o(.text) for __I$use$fp
    printfa.o(i.__0snprintf) refers to printfa.o(i._printf_core) for _printf_core
    printfa.o(i.__0snprintf) refers to printfa.o(i._snputc) for _snputc
    printfa.o(i.__0sprintf) refers (Special) to iusefp.o(.text) for __I$use$fp
    printfa.o(i.__0sprintf) refers to printfa.o(i._printf_core) for _printf_core
    printfa.o(i.__0sprintf) refers to printfa.o(i._sputc) for _sputc
    printfa.o(i.__0vfprintf) refers (Special) to iusefp.o(.text) for __I$use$fp
    printfa.o(i.__0vfprintf) refers to printfa.o(i._printf_core) for _printf_core
    printfa.o(i.__0vfprintf) refers to fputc.o(i.fputc) for fputc
    printfa.o(i.__0vprintf) refers (Special) to iusefp.o(.text) for __I$use$fp
    printfa.o(i.__0vprintf) refers to printfa.o(i._printf_core) for _printf_core
    printfa.o(i.__0vprintf) refers to fputc.o(i.fputc) for fputc
    printfa.o(i.__0vprintf) refers to stdout.o(.data) for __stdout
    printfa.o(i.__0vsnprintf) refers (Special) to iusefp.o(.text) for __I$use$fp
    printfa.o(i.__0vsnprintf) refers to printfa.o(i._printf_core) for _printf_core
    printfa.o(i.__0vsnprintf) refers to printfa.o(i._snputc) for _snputc
    printfa.o(i.__0vsprintf) refers (Special) to iusefp.o(.text) for __I$use$fp
    printfa.o(i.__0vsprintf) refers to printfa.o(i._printf_core) for _printf_core
    printfa.o(i.__0vsprintf) refers to printfa.o(i._sputc) for _sputc
    printfa.o(i._fp_digits) refers (Special) to iusefp.o(.text) for __I$use$fp
    printfa.o(i._fp_digits) refers to dmul.o(.text) for __aeabi_dmul
    printfa.o(i._fp_digits) refers to ddiv.o(.text) for __aeabi_ddiv
    printfa.o(i._fp_digits) refers to cdrcmple.o(.text) for __aeabi_cdrcmple
    printfa.o(i._fp_digits) refers to dadd.o(.text) for __aeabi_dadd
    printfa.o(i._fp_digits) refers to dfixul.o(.text) for __aeabi_d2ulz
    printfa.o(i._fp_digits) refers to uldiv.o(.text) for __aeabi_uldivmod
    printfa.o(i._printf_core) refers (Special) to iusefp.o(.text) for __I$use$fp
    printfa.o(i._printf_core) refers to printfa.o(i._printf_pre_padding) for _printf_pre_padding
    printfa.o(i._printf_core) refers to uldiv.o(.text) for __aeabi_uldivmod
    printfa.o(i._printf_core) refers to printfa.o(i._printf_post_padding) for _printf_post_padding
    printfa.o(i._printf_core) refers to printfa.o(i._fp_digits) for _fp_digits
    printfa.o(i._printf_core) refers to uidiv.o(.text) for __aeabi_uidivmod
    printfa.o(i._printf_post_padding) refers (Special) to iusefp.o(.text) for __I$use$fp
    printfa.o(i._printf_pre_padding) refers (Special) to iusefp.o(.text) for __I$use$fp
    printfa.o(i._snputc) refers (Special) to iusefp.o(.text) for __I$use$fp
    printfa.o(i._sputc) refers (Special) to iusefp.o(.text) for __I$use$fp
    fmul.o(.text) refers (Special) to iusefp.o(.text) for __I$use$fp
    dadd.o(.text) refers (Special) to iusefp.o(.text) for __I$use$fp
    dadd.o(.text) refers to llshl.o(.text) for __aeabi_llsl
    dadd.o(.text) refers to llsshr.o(.text) for __aeabi_lasr
    dadd.o(.text) refers to depilogue.o(.text) for _double_epilogue
    dmul.o(.text) refers (Special) to iusefp.o(.text) for __I$use$fp
    dmul.o(.text) refers to depilogue.o(.text) for _double_epilogue
    dflti.o(.text) refers (Special) to iusefp.o(.text) for __I$use$fp
    dflti.o(.text) refers to depilogue.o(.text) for _double_epilogue
    ffixi.o(.text) refers (Special) to iusefp.o(.text) for __I$use$fp
    f2d.o(.text) refers (Special) to iusefp.o(.text) for __I$use$fp
    d2f.o(.text) refers (Special) to iusefp.o(.text) for __I$use$fp
    d2f.o(.text) refers to fepilogue.o(.text) for _float_round
    entry2.o(.ARM.Collect$$$$00000001) refers to entry2.o(.ARM.Collect$$$$00002712) for __lit__00000000
    entry2.o(.ARM.Collect$$$$00002712) refers to startup_rvmdk.o(STACK) for __initial_sp
    entry2.o(__vectab_stack_and_reset_area) refers to startup_rvmdk.o(STACK) for __initial_sp
    entry2.o(__vectab_stack_and_reset_area) refers to entry.o(.ARM.Collect$$$$00000000) for __main
    entry5.o(.ARM.Collect$$$$00000004) refers to init.o(.text) for __scatterload
    entry9a.o(.ARM.Collect$$$$0000000B) refers to main.o(i.main) for main
    entry9b.o(.ARM.Collect$$$$0000000C) refers to main.o(i.main) for main
    fputc.o(i.fputc) refers (Special) to iusesemip.o(.text) for __I$use$semihosting$fputc
    fputc.o(i.fputc) refers (Special) to semi.o(.text) for __semihosting_library_function
    uldiv.o(.text) refers to llushr.o(.text) for __aeabi_llsr
    uldiv.o(.text) refers to llshl.o(.text) for __aeabi_llsl
    errno.o(i.__aeabi_errno_addr) refers to errno.o(.data) for .data
    errno.o(i.__read_errno) refers to errno.o(.data) for .data
    errno.o(i.__set_errno) refers to errno.o(.data) for .data
    depilogue.o(.text) refers to llshl.o(.text) for __aeabi_llsl
    depilogue.o(.text) refers to llushr.o(.text) for __aeabi_llsr
    ddiv.o(.text) refers to depilogue.o(.text) for _double_round
    dfixul.o(.text) refers to llushr.o(.text) for __aeabi_llsr
    dfixul.o(.text) refers to llshl.o(.text) for __aeabi_llsl
    init.o(.text) refers to entry5.o(.ARM.Collect$$$$00000004) for __main_after_scatterload
    i2cm_drv.o(i.I2CMWrite) refers to i2cm_drv.o(i.I2CMCommand) for I2CMCommand
    i2cm_drv.o(i.I2CMRead) refers to i2cm_drv.o(i.I2CMCommand) for I2CMCommand
    i2cm_drv.o(i.I2CMWriteBatched) refers to i2cm_drv.o(i.I2CMCommand) for I2CMCommand
    i2cm_drv.o(i.I2CMReadBatched) refers to i2cm_drv.o(i.I2CMCommand) for I2CMCommand
    i2cm_drv.o(i.I2CMReadModifyWrite16BE) refers to i2cm_drv.o(i.I2CMReadModifyWrite16LE) for I2CMReadModifyWrite16LE


==============================================================================

Removing Unused input sections from the image.

    Removing board.o(i.CC3100_InterruptDisable), (12 bytes).
    Removing board.o(i.CC3100_InterruptEnable), (12 bytes).
    Removing board.o(i.CC3100_disable), (20 bytes).
    Removing board.o(i.CC3100_enable), (20 bytes).
    Removing board.o(i.DisableTimer0), (12 bytes).
    Removing board.o(i.EnableTimer0), (12 bytes).
    Removing board.o(i.GetLEDStatus), (40 bytes).
    Removing board.o(i.MaskIntHdlr), (12 bytes).
    Removing board.o(i.TMP006AppErrorHandler), (2 bytes).
    Removing board.o(i.UARTRxTxHandler), (2 bytes).
    Removing board.o(i.UnMaskIntHdlr), (12 bytes).
    Removing board.o(i.registerInterruptHandler), (12 bytes).
    Removing board.o(i.toggleLed), (64 bytes).
    Removing board.o(i.turnLedOff), (32 bytes).
    Removing board.o(i.turnLedOn), (32 bytes).
    Removing cli_uart.o(i.CLI_Read), (76 bytes).
    Removing cli_uart.o(.data), (4 bytes).
    Removing cli_uart.o(.data), (4 bytes).
    Removing main.o(i.SimpleLinkGeneralEventHandler), (28 bytes).
    Removing main.o(i.SimpleLinkHttpServerCallback), (412 bytes).
    Removing main.o(i.SimpleLinkNetAppEventHandler), (120 bytes).
    Removing main.o(i.SimpleLinkSockEventHandler), (44 bytes).
    Removing main.o(i.SimpleLinkWlanEventHandler), (268 bytes).
    Removing main.o(i.configureSimpleLinkToDefaultState), (328 bytes).
    Removing main.o(i.set_port_number), (46 bytes).
    Removing main.o(.data), (11 bytes).
    Removing spi.o(i.spi_Close), (10 bytes).
    Removing spi.o(i.spi_Open), (296 bytes).
    Removing spi.o(i.spi_Read), (96 bytes).
    Removing spi.o(i.spi_Write), (96 bytes).
    Removing startup_rvmdk.o(HEAP), (0 bytes).
    Removing startup_rvmdk.o(.text), (0 bytes).
    Removing device.o(i._SlDrvDeviceEventHandler), (98 bytes).
    Removing device.o(i._sl_GetStartResponseConvert), (16 bytes).
    Removing device.o(i._sl_HandleAsync_InitComplete), (96 bytes).
    Removing device.o(i._sl_HandleAsync_Stop), (64 bytes).
    Removing device.o(i.sl_DevGet), (128 bytes).
    Removing device.o(i.sl_DevSet), (88 bytes).
    Removing device.o(i.sl_EventMaskGet), (52 bytes).
    Removing device.o(i.sl_EventMaskSet), (48 bytes).
    Removing device.o(i.sl_Start), (160 bytes).
    Removing device.o(i.sl_Stop), (156 bytes).
    Removing device.o(i.sl_Task), (4 bytes).
    Removing device.o(.constdata), (28 bytes).
    Removing driver.o(i._SlAsyncEventGenericHandler), (124 bytes).
    Removing driver.o(i._SlDriverHandleError), (88 bytes).
    Removing driver.o(i._SlDrvBasicCmd), (48 bytes).
    Removing driver.o(i._SlDrvClassifyRxMsg), (116 bytes).
    Removing driver.o(i._SlDrvCmdOp), (108 bytes).
    Removing driver.o(i._SlDrvCmdSend), (80 bytes).
    Removing driver.o(i._SlDrvDataReadOp), (296 bytes).
    Removing driver.o(i._SlDrvDataWriteOp), (212 bytes).
    Removing driver.o(i._SlDrvDispatchHttpServerEvents), (4 bytes).
    Removing driver.o(i._SlDrvDriverCBDeinit), (140 bytes).
    Removing driver.o(i._SlDrvDriverCBInit), (224 bytes).
    Removing driver.o(i._SlDrvGlobalObjUnLock), (16 bytes).
    Removing driver.o(i._SlDrvMemZero), (4 bytes).
    Removing driver.o(i._SlDrvMsgRead), (816 bytes).
    Removing driver.o(i._SlDrvMsgReadCmdCtx), (204 bytes).
    Removing driver.o(i._SlDrvMsgReadSpawnCtx), (112 bytes).
    Removing driver.o(i._SlDrvMsgWrite), (268 bytes).
    Removing driver.o(i._SlDrvObjGlobalLockWaitForever), (32 bytes).
    Removing driver.o(i._SlDrvObjLockWaitForever), (10 bytes).
    Removing driver.o(i._SlDrvObjUnLock), (6 bytes).
    Removing driver.o(i._SlDrvProtectAsyncRespSetting), (52 bytes).
    Removing driver.o(i._SlDrvProtectionObjLockWaitForever), (20 bytes).
    Removing driver.o(i._SlDrvProtectionObjUnLock), (16 bytes).
    Removing driver.o(i._SlDrvReleasePoolObj), (200 bytes).
    Removing driver.o(i._SlDrvResetCmdExt), (6 bytes).
    Removing driver.o(i._SlDrvRxHdrRead), (336 bytes).
    Removing driver.o(i._SlDrvRxIrqHandler), (56 bytes).
    Removing driver.o(i._SlDrvSyncObjSignal), (6 bytes).
    Removing driver.o(i._SlDrvSyncObjWaitForever), (36 bytes).
    Removing driver.o(i._SlDrvSyncObjWaitTimeout), (52 bytes).
    Removing driver.o(i._SlDrvWaitForPoolObj), (196 bytes).
    Removing driver.o(i._SlFindAndSetActiveObj), (144 bytes).
    Removing driver.o(i._SlRemoveFromList), (88 bytes).
    Removing driver.o(.bss), (360 bytes).
    Removing driver.o(.constdata), (164 bytes).
    Removing driver.o(.data), (8 bytes).
    Removing driver.o(.data), (4 bytes).
    Removing fs.o(i._sl_GetCreateFsMode), (84 bytes).
    Removing fs.o(i._sl_Strlen), (22 bytes).
    Removing fs.o(i.sl_FsClose), (120 bytes).
    Removing fs.o(i.sl_FsDel), (84 bytes).
    Removing fs.o(i.sl_FsGetInfo), (116 bytes).
    Removing fs.o(i.sl_FsOpen), (104 bytes).
    Removing fs.o(i.sl_FsRead), (160 bytes).
    Removing fs.o(i.sl_FsWrite), (160 bytes).
    Removing fs.o(.constdata), (44 bytes).
    Removing netapp.o(i.CopyPingResultsToReport), (26 bytes).
    Removing netapp.o(i._SlDrvNetAppEventHandler), (204 bytes).
    Removing netapp.o(i._sl_HandleAsync_DnsGetHostByAddr), (4 bytes).
    Removing netapp.o(i._sl_HandleAsync_DnsGetHostByName), (84 bytes).
    Removing netapp.o(i._sl_HandleAsync_DnsGetHostByService), (100 bytes).
    Removing netapp.o(i._sl_HandleAsync_PingResponse), (100 bytes).
    Removing netapp.o(i._sl_NetAppSendTokenValue), (80 bytes).
    Removing netapp.o(i.sl_NetAppDnsGetHostByName), (212 bytes).
    Removing netapp.o(i.sl_NetAppDnsGetHostByService), (196 bytes).
    Removing netapp.o(i.sl_NetAppGet), (112 bytes).
    Removing netapp.o(i.sl_NetAppGetServiceList), (136 bytes).
    Removing netapp.o(i.sl_NetAppMDNSRegisterService), (44 bytes).
    Removing netapp.o(i.sl_NetAppMDNSRegisterUnregisterService), (140 bytes).
    Removing netapp.o(i.sl_NetAppMDNSUnRegisterService), (40 bytes).
    Removing netapp.o(i.sl_NetAppPingStart), (296 bytes).
    Removing netapp.o(i.sl_NetAppSet), (88 bytes).
    Removing netapp.o(i.sl_NetAppStart), (48 bytes).
    Removing netapp.o(i.sl_NetAppStop), (48 bytes).
    Removing netapp.o(.constdata), (40 bytes).
    Removing netcfg.o(i.sl_NetCfgGet), (140 bytes).
    Removing netcfg.o(i.sl_NetCfgSet), (88 bytes).
    Removing netcfg.o(.constdata), (8 bytes).
    Removing nonos.o(i._SlNonOsMainLoopTask), (52 bytes).
    Removing nonos.o(i._SlNonOsSemGet), (80 bytes).
    Removing nonos.o(i._SlNonOsSemSet), (6 bytes).
    Removing nonos.o(i._SlNonOsSpawn), (44 bytes).
    Removing nonos.o(.bss), (60 bytes).
    Removing socket.o(i.SL_FD_CLR), (16 bytes).
    Removing socket.o(i.SL_FD_ISSET), (22 bytes).
    Removing socket.o(i.SL_FD_SET), (16 bytes).
    Removing socket.o(i.SL_FD_ZERO), (6 bytes).
    Removing socket.o(i._sl_BuildAddress), (38 bytes).
    Removing socket.o(i._sl_HandleAsync_Accept), (88 bytes).
    Removing socket.o(i._sl_HandleAsync_Connect), (100 bytes).
    Removing socket.o(i._sl_HandleAsync_Select), (68 bytes).
    Removing socket.o(i._sl_ParseAddress), (50 bytes).
    Removing socket.o(i._sl_TruncatePayloadByProtocol), (24 bytes).
    Removing socket.o(i.sl_Accept), (272 bytes).
    Removing socket.o(i.sl_Bind), (112 bytes).
    Removing socket.o(i.sl_Close), (48 bytes).
    Removing socket.o(i.sl_Connect), (236 bytes).
    Removing socket.o(i.sl_GetSockOpt), (136 bytes).
    Removing socket.o(i.sl_Htonl), (40 bytes).
    Removing socket.o(i.sl_Htons), (48 bytes).
    Removing socket.o(i.sl_Listen), (52 bytes).
    Removing socket.o(i.sl_Recv), (88 bytes).
    Removing socket.o(i.sl_RecvFrom), (196 bytes).
    Removing socket.o(i.sl_Select), (236 bytes).
    Removing socket.o(i.sl_Send), (184 bytes).
    Removing socket.o(i.sl_SendTo), (188 bytes).
    Removing socket.o(i.sl_SetSockOpt), (92 bytes).
    Removing socket.o(i.sl_Socket), (64 bytes).
    Removing socket.o(.constdata), (64 bytes).
    Removing wlan.o(i.sl_WlanConnect), (460 bytes).
    Removing wlan.o(i.sl_WlanDisconnect), (28 bytes).
    Removing wlan.o(i.sl_WlanGet), (136 bytes).
    Removing wlan.o(i.sl_WlanGetNetworkList), (92 bytes).
    Removing wlan.o(i.sl_WlanPolicyGet), (132 bytes).
    Removing wlan.o(i.sl_WlanPolicySet), (80 bytes).
    Removing wlan.o(i.sl_WlanProfileAdd), (472 bytes).
    Removing wlan.o(i.sl_WlanProfileDel), (48 bytes).
    Removing wlan.o(i.sl_WlanProfileGet), (192 bytes).
    Removing wlan.o(i.sl_WlanRxFilterAdd), (108 bytes).
    Removing wlan.o(i.sl_WlanRxFilterGet), (104 bytes).
    Removing wlan.o(i.sl_WlanRxFilterSet), (76 bytes).
    Removing wlan.o(i.sl_WlanRxStatGet), (52 bytes).
    Removing wlan.o(i.sl_WlanRxStatStart), (28 bytes).
    Removing wlan.o(i.sl_WlanRxStatStop), (28 bytes).
    Removing wlan.o(i.sl_WlanSet), (88 bytes).
    Removing wlan.o(i.sl_WlanSetMode), (48 bytes).
    Removing wlan.o(i.sl_WlanSmartConfigStart), (128 bytes).
    Removing wlan.o(i.sl_WlanSmartConfigStop), (28 bytes).
    Removing wlan.o(.constdata), (52 bytes).
    Removing fpu.o(i.FPUDisable), (16 bytes).
    Removing fpu.o(i.FPUFlushToZeroModeSet), (20 bytes).
    Removing fpu.o(i.FPUHalfPrecisionModeSet), (20 bytes).
    Removing fpu.o(i.FPUNaNModeSet), (20 bytes).
    Removing fpu.o(i.FPURoundingModeSet), (20 bytes).
    Removing fpu.o(i.FPUStackingDisable), (16 bytes).
    Removing fpu.o(i.FPUStackingEnable), (20 bytes).
    Removing gpio.o(i.GPIOADCTriggerDisable), (14 bytes).
    Removing gpio.o(i.GPIOADCTriggerEnable), (12 bytes).
    Removing gpio.o(i.GPIODMATriggerDisable), (14 bytes).
    Removing gpio.o(i.GPIODMATriggerEnable), (12 bytes).
    Removing gpio.o(i.GPIODirModeGet), (34 bytes).
    Removing gpio.o(i.GPIOIntDisable), (14 bytes).
    Removing gpio.o(i.GPIOIntRegister), (88 bytes).
    Removing gpio.o(i.GPIOIntTypeGet), (68 bytes).
    Removing gpio.o(i.GPIOIntUnregister), (88 bytes).
    Removing gpio.o(i.GPIOPadConfigGet), (204 bytes).
    Removing gpio.o(i.GPIOPinTypeADC), (28 bytes).
    Removing gpio.o(i.GPIOPinTypeCAN), (28 bytes).
    Removing gpio.o(i.GPIOPinTypeComparator), (28 bytes).
    Removing gpio.o(i.GPIOPinTypeComparatorOutput), (28 bytes).
    Removing gpio.o(i.GPIOPinTypeDIVSCLK), (28 bytes).
    Removing gpio.o(i.GPIOPinTypeEPI), (28 bytes).
    Removing gpio.o(i.GPIOPinTypeEthernetLED), (28 bytes).
    Removing gpio.o(i.GPIOPinTypeEthernetMII), (28 bytes).
    Removing gpio.o(i.GPIOPinTypeGPIOOutputOD), (28 bytes).
    Removing gpio.o(i.GPIOPinTypeHibernateRTCCLK), (28 bytes).
    Removing gpio.o(i.GPIOPinTypeLCD), (28 bytes).
    Removing gpio.o(i.GPIOPinTypeOneWire), (28 bytes).
    Removing gpio.o(i.GPIOPinTypePWM), (28 bytes).
    Removing gpio.o(i.GPIOPinTypeQEI), (28 bytes).
    Removing gpio.o(i.GPIOPinTypeSSI), (28 bytes).
    Removing gpio.o(i.GPIOPinTypeTimer), (28 bytes).
    Removing gpio.o(i.GPIOPinTypeTrace), (28 bytes).
    Removing gpio.o(i.GPIOPinTypeUART), (28 bytes).
    Removing gpio.o(i.GPIOPinTypeUSBAnalog), (28 bytes).
    Removing gpio.o(i.GPIOPinTypeUSBDigital), (28 bytes).
    Removing gpio.o(i.GPIOPinTypeWakeHigh), (30 bytes).
    Removing gpio.o(i.GPIOPinTypeWakeLow), (30 bytes).
    Removing gpio.o(i.GPIOPinWakeStatus), (6 bytes).
    Removing interrupt.o(i.IntMasterDisable), (14 bytes).
    Removing interrupt.o(i.IntPendClear), (68 bytes).
    Removing interrupt.o(i.IntPendSet), (84 bytes).
    Removing interrupt.o(i.IntPriorityGet), (28 bytes).
    Removing interrupt.o(i.IntPriorityGroupingGet), (36 bytes).
    Removing interrupt.o(i.IntPriorityMaskGet), (4 bytes).
    Removing interrupt.o(i.IntPriorityMaskSet), (4 bytes).
    Removing interrupt.o(i.IntRegister), (52 bytes).
    Removing interrupt.o(i.IntUnregister), (20 bytes).
    Removing interrupt.o(i._IntDefaultHandler), (2 bytes).
    Removing interrupt.o(vtable), (620 bytes).
    Removing ssi.o(i.SSIAdvDataPutFrameEnd), (20 bytes).
    Removing ssi.o(i.SSIAdvDataPutFrameEndNonBlocking), (26 bytes).
    Removing ssi.o(i.SSIAdvFrameHoldDisable), (10 bytes).
    Removing ssi.o(i.SSIAdvFrameHoldEnable), (10 bytes).
    Removing ssi.o(i.SSIAdvModeSet), (12 bytes).
    Removing ssi.o(i.SSIBusy), (8 bytes).
    Removing ssi.o(i.SSIClockSourceGet), (6 bytes).
    Removing ssi.o(i.SSIClockSourceSet), (6 bytes).
    Removing ssi.o(i.SSIConfigSetExpClk), (58 bytes).
    Removing ssi.o(i.SSIDMADisable), (10 bytes).
    Removing ssi.o(i.SSIDMAEnable), (8 bytes).
    Removing ssi.o(i.SSIDataGet), (14 bytes).
    Removing ssi.o(i.SSIDataGetNonBlocking), (20 bytes).
    Removing ssi.o(i.SSIDataPut), (12 bytes).
    Removing ssi.o(i.SSIDataPutNonBlocking), (16 bytes).
    Removing ssi.o(i.SSIDisable), (10 bytes).
    Removing ssi.o(i.SSIEnable), (10 bytes).
    Removing ssi.o(i.SSIIntClear), (4 bytes).
    Removing ssi.o(i.SSIIntDisable), (10 bytes).
    Removing ssi.o(i.SSIIntEnable), (8 bytes).
    Removing ssi.o(i.SSIIntRegister), (88 bytes).
    Removing ssi.o(i.SSIIntStatus), (10 bytes).
    Removing ssi.o(i.SSIIntUnregister), (88 bytes).
    Removing ssi.o(.constdata), (64 bytes).
    Removing sysctl.o(.emb_text), (6 bytes).
    Removing sysctl.o(i.SysCtlAltClkConfig), (12 bytes).
    Removing sysctl.o(i.SysCtlClockGet), (340 bytes).
    Removing sysctl.o(i.SysCtlClockOutConfig), (20 bytes).
    Removing sysctl.o(i.SysCtlClockSet), (288 bytes).
    Removing sysctl.o(i.SysCtlDeepSleep), (32 bytes).
    Removing sysctl.o(i.SysCtlDeepSleepClockConfigSet), (112 bytes).
    Removing sysctl.o(i.SysCtlDeepSleepClockSet), (12 bytes).
    Removing sysctl.o(i.SysCtlDeepSleepPowerSet), (12 bytes).
    Removing sysctl.o(i.SysCtlFlashSectorSizeGet), (56 bytes).
    Removing sysctl.o(i.SysCtlFlashSizeGet), (56 bytes).
    Removing sysctl.o(i.SysCtlGPIOAHBDisable), (28 bytes).
    Removing sysctl.o(i.SysCtlGPIOAHBEnable), (24 bytes).
    Removing sysctl.o(i.SysCtlIntClear), (12 bytes).
    Removing sysctl.o(i.SysCtlIntDisable), (16 bytes).
    Removing sysctl.o(i.SysCtlIntEnable), (16 bytes).
    Removing sysctl.o(i.SysCtlIntRegister), (20 bytes).
    Removing sysctl.o(i.SysCtlIntStatus), (16 bytes).
    Removing sysctl.o(i.SysCtlIntUnregister), (18 bytes).
    Removing sysctl.o(i.SysCtlLDODeepSleepGet), (12 bytes).
    Removing sysctl.o(i.SysCtlLDODeepSleepSet), (12 bytes).
    Removing sysctl.o(i.SysCtlLDOSleepGet), (12 bytes).
    Removing sysctl.o(i.SysCtlLDOSleepSet), (12 bytes).
    Removing sysctl.o(i.SysCtlMOSCConfigSet), (12 bytes).
    Removing sysctl.o(i.SysCtlNMIClear), (16 bytes).
    Removing sysctl.o(i.SysCtlNMIStatus), (12 bytes).
    Removing sysctl.o(i.SysCtlPIOSCCalibrate), (76 bytes).
    Removing sysctl.o(i.SysCtlPWMClockGet), (24 bytes).
    Removing sysctl.o(i.SysCtlPWMClockSet), (20 bytes).
    Removing sysctl.o(i.SysCtlPeripheralClockGating), (68 bytes).
    Removing sysctl.o(i.SysCtlPeripheralDeepSleepDisable), (40 bytes).
    Removing sysctl.o(i.SysCtlPeripheralDeepSleepEnable), (40 bytes).
    Removing sysctl.o(i.SysCtlPeripheralDisable), (40 bytes).
    Removing sysctl.o(i.SysCtlPeripheralPowerOff), (40 bytes).
    Removing sysctl.o(i.SysCtlPeripheralPowerOn), (40 bytes).
    Removing sysctl.o(i.SysCtlPeripheralPresent), (44 bytes).
    Removing sysctl.o(i.SysCtlPeripheralReady), (44 bytes).
    Removing sysctl.o(i.SysCtlPeripheralReset), (60 bytes).
    Removing sysctl.o(i.SysCtlPeripheralSleepDisable), (40 bytes).
    Removing sysctl.o(i.SysCtlPeripheralSleepEnable), (40 bytes).
    Removing sysctl.o(i.SysCtlReset), (16 bytes).
    Removing sysctl.o(i.SysCtlResetBehaviorGet), (12 bytes).
    Removing sysctl.o(i.SysCtlResetBehaviorSet), (12 bytes).
    Removing sysctl.o(i.SysCtlResetCauseClear), (16 bytes).
    Removing sysctl.o(i.SysCtlResetCauseGet), (12 bytes).
    Removing sysctl.o(i.SysCtlSRAMSizeGet), (16 bytes).
    Removing sysctl.o(i.SysCtlSleep), (4 bytes).
    Removing sysctl.o(i.SysCtlSleepPowerSet), (12 bytes).
    Removing sysctl.o(i.SysCtlUSBPLLDisable), (16 bytes).
    Removing sysctl.o(i.SysCtlUSBPLLEnable), (16 bytes).
    Removing sysctl.o(i.SysCtlVoltageEventClear), (16 bytes).
    Removing sysctl.o(i.SysCtlVoltageEventConfig), (12 bytes).
    Removing sysctl.o(i.SysCtlVoltageEventStatus), (12 bytes).
    Removing timer.o(i.TimerADCEventGet), (4 bytes).
    Removing timer.o(i.TimerADCEventSet), (4 bytes).
    Removing timer.o(i.TimerClockSourceGet), (6 bytes).
    Removing timer.o(i.TimerClockSourceSet), (6 bytes).
    Removing timer.o(i.TimerControlEvent), (18 bytes).
    Removing timer.o(i.TimerControlLevel), (22 bytes).
    Removing timer.o(i.TimerControlStall), (22 bytes).
    Removing timer.o(i.TimerControlTrigger), (80 bytes).
    Removing timer.o(i.TimerControlWaitOnTrigger), (48 bytes).
    Removing timer.o(i.TimerDMAEventGet), (4 bytes).
    Removing timer.o(i.TimerDMAEventSet), (4 bytes).
    Removing timer.o(i.TimerDisable), (16 bytes).
    Removing timer.o(i.TimerIntDisable), (10 bytes).
    Removing timer.o(i.TimerIntRegister), (104 bytes).
    Removing timer.o(i.TimerIntStatus), (10 bytes).
    Removing timer.o(i.TimerIntUnregister), (104 bytes).
    Removing timer.o(i.TimerLoadGet), (10 bytes).
    Removing timer.o(i.TimerLoadGet64), (14 bytes).
    Removing timer.o(i.TimerLoadSet64), (6 bytes).
    Removing timer.o(i.TimerMatchGet), (10 bytes).
    Removing timer.o(i.TimerMatchGet64), (14 bytes).
    Removing timer.o(i.TimerMatchSet), (18 bytes).
    Removing timer.o(i.TimerMatchSet64), (6 bytes).
    Removing timer.o(i.TimerPrescaleGet), (10 bytes).
    Removing timer.o(i.TimerPrescaleMatchGet), (10 bytes).
    Removing timer.o(i.TimerPrescaleMatchSet), (18 bytes).
    Removing timer.o(i.TimerPrescaleSet), (18 bytes).
    Removing timer.o(i.TimerRTCDisable), (10 bytes).
    Removing timer.o(i.TimerRTCEnable), (10 bytes).
    Removing timer.o(i.TimerSynchronize), (4 bytes).
    Removing timer.o(i.TimerUpdateMode), (42 bytes).
    Removing timer.o(i.TimerValueGet), (10 bytes).
    Removing timer.o(i.TimerValueGet64), (14 bytes).
    Removing timer.o(.constdata), (160 bytes).
    Removing i2cm_drv.o(i.I2CMRead16BE), (80 bytes).
    Removing i2cm_drv.o(i.I2CMRead16BECallback), (52 bytes).
    Removing i2cm_drv.o(i.I2CMReadModifyWrite8), (136 bytes).
    Removing i2cm_drv.o(i.I2CMReadModifyWrite8Callback), (112 bytes).
    Removing i2cm_drv.o(i.I2CMTransferResume), (52 bytes).
    Removing i2cm_drv.o(i.I2CMWrite16BE), (84 bytes).
    Removing i2cm_drv.o(i.I2CMWrite16BECallback), (94 bytes).
    Removing i2cm_drv.o(i.I2CMWrite8), (84 bytes).
    Removing i2cm_drv.o(i.I2CMWrite8Callback), (94 bytes).
    Removing tmp006.o(i.TMP006DataTemperatureGetRaw), (14 bytes).
    Removing tmp006.o(i.TMP006Read), (80 bytes).
    Removing tmp006.o(i.TMP006Write), (80 bytes).
    Removing i2c.o(i.I2CFIFODataGet), (16 bytes).
    Removing i2c.o(i.I2CFIFODataGetNonBlocking), (24 bytes).
    Removing i2c.o(i.I2CFIFODataPut), (16 bytes).
    Removing i2c.o(i.I2CFIFODataPutNonBlocking), (20 bytes).
    Removing i2c.o(i.I2CFIFOStatus), (6 bytes).
    Removing i2c.o(i.I2CIntRegister), (96 bytes).
    Removing i2c.o(i.I2CIntUnregister), (96 bytes).
    Removing i2c.o(i.I2CLoopbackEnable), (10 bytes).
    Removing i2c.o(i.I2CMasterBurstCountGet), (4 bytes).
    Removing i2c.o(i.I2CMasterBurstLengthSet), (4 bytes).
    Removing i2c.o(i.I2CMasterBusBusy), (12 bytes).
    Removing i2c.o(i.I2CMasterBusy), (12 bytes).
    Removing i2c.o(i.I2CMasterDisable), (10 bytes).
    Removing i2c.o(i.I2CMasterEnable), (10 bytes).
    Removing i2c.o(i.I2CMasterErr), (24 bytes).
    Removing i2c.o(i.I2CMasterGlitchFilterConfigSet), (84 bytes).
    Removing i2c.o(i.I2CMasterIntClearEx), (4 bytes).
    Removing i2c.o(i.I2CMasterIntDisable), (6 bytes).
    Removing i2c.o(i.I2CMasterIntDisableEx), (10 bytes).
    Removing i2c.o(i.I2CMasterIntEnable), (6 bytes).
    Removing i2c.o(i.I2CMasterIntStatus), (24 bytes).
    Removing i2c.o(i.I2CMasterIntStatusEx), (10 bytes).
    Removing i2c.o(i.I2CMasterLineStateGet), (4 bytes).
    Removing i2c.o(i.I2CMasterTimeoutSet), (4 bytes).
    Removing i2c.o(i.I2CRxFIFOConfigSet), (22 bytes).
    Removing i2c.o(i.I2CRxFIFOFlush), (14 bytes).
    Removing i2c.o(i.I2CSlaveACKOverride), (22 bytes).
    Removing i2c.o(i.I2CSlaveACKValueSet), (22 bytes).
    Removing i2c.o(i.I2CSlaveAddressSet), (24 bytes).
    Removing i2c.o(i.I2CSlaveDataGet), (6 bytes).
    Removing i2c.o(i.I2CSlaveDataPut), (6 bytes).
    Removing i2c.o(i.I2CSlaveDisable), (16 bytes).
    Removing i2c.o(i.I2CSlaveEnable), (16 bytes).
    Removing i2c.o(i.I2CSlaveFIFODisable), (8 bytes).
    Removing i2c.o(i.I2CSlaveFIFOEnable), (10 bytes).
    Removing i2c.o(i.I2CSlaveInit), (20 bytes).
    Removing i2c.o(i.I2CSlaveIntClear), (8 bytes).
    Removing i2c.o(i.I2CSlaveIntClearEx), (6 bytes).
    Removing i2c.o(i.I2CSlaveIntDisable), (14 bytes).
    Removing i2c.o(i.I2CSlaveIntDisableEx), (14 bytes).
    Removing i2c.o(i.I2CSlaveIntEnable), (14 bytes).
    Removing i2c.o(i.I2CSlaveIntEnableEx), (12 bytes).
    Removing i2c.o(i.I2CSlaveIntStatus), (28 bytes).
    Removing i2c.o(i.I2CSlaveIntStatusEx), (14 bytes).
    Removing i2c.o(i.I2CSlaveStatus), (6 bytes).
    Removing i2c.o(i.I2CTxFIFOConfigSet), (24 bytes).
    Removing i2c.o(i.I2CTxFIFOFlush), (14 bytes).
    Removing i2c.o(.constdata), (128 bytes).
    Removing ddiv.o(.text), (222 bytes).
    Removing dfixul.o(.text), (48 bytes).
    Removing cdrcmple.o(.text), (40 bytes).
    Removing i2cm_drv.o(i.I2CMWrite), (32 bytes).
    Removing i2cm_drv.o(i.I2CMRead), (32 bytes).
    Removing i2cm_drv.o(i.I2CMWriteBatched), (36 bytes).
    Removing i2cm_drv.o(i.I2CMReadBatched), (28 bytes).
    Removing i2cm_drv.o(i.I2CMReadModifyWrite16BE), (50 bytes).

393 unused section(s) (total 23973 bytes) removed from the image.

==============================================================================

Image Symbol Table

    Local Symbols

    Symbol Name                              Value     Ov Type        Size  Object(Section)

    RESET                                    0x00000000   Section      540  startup_rvmdk.o(RESET)
    ../clib/microlib/division.c              0x00000000   Number         0  uldiv.o ABSOLUTE
    ../clib/microlib/division.c              0x00000000   Number         0  uidiv.o ABSOLUTE
    ../clib/microlib/errno.c                 0x00000000   Number         0  errno.o ABSOLUTE
    ../clib/microlib/init/entry.s            0x00000000   Number         0  entry9b.o ABSOLUTE
    ../clib/microlib/init/entry.s            0x00000000   Number         0  entry9a.o ABSOLUTE
    ../clib/microlib/init/entry.s            0x00000000   Number         0  entry10b.o ABSOLUTE
    ../clib/microlib/init/entry.s            0x00000000   Number         0  entry.o ABSOLUTE
    ../clib/microlib/init/entry.s            0x00000000   Number         0  entry5.o ABSOLUTE
    ../clib/microlib/init/entry.s            0x00000000   Number         0  entry2.o ABSOLUTE
    ../clib/microlib/init/entry.s            0x00000000   Number         0  entry8a.o ABSOLUTE
    ../clib/microlib/init/entry.s            0x00000000   Number         0  entry11a.o ABSOLUTE
    ../clib/microlib/init/entry.s            0x00000000   Number         0  entry10a.o ABSOLUTE
    ../clib/microlib/init/entry.s            0x00000000   Number         0  entry7b.o ABSOLUTE
    ../clib/microlib/init/entry.s            0x00000000   Number         0  entry8b.o ABSOLUTE
    ../clib/microlib/init/entry.s            0x00000000   Number         0  entry7a.o ABSOLUTE
    ../clib/microlib/init/entry.s            0x00000000   Number         0  entry11b.o ABSOLUTE
    ../clib/microlib/longlong.c              0x00000000   Number         0  llsshr.o ABSOLUTE
    ../clib/microlib/longlong.c              0x00000000   Number         0  llushr.o ABSOLUTE
    ../clib/microlib/longlong.c              0x00000000   Number         0  llshl.o ABSOLUTE
    ../clib/microlib/printf/printf.c         0x00000000   Number         0  printfa.o ABSOLUTE
    ../clib/microlib/printf/printf.c         0x00000000   Number         0  printf7.o ABSOLUTE
    ../clib/microlib/printf/printf.c         0x00000000   Number         0  printf8.o ABSOLUTE
    ../clib/microlib/printf/printf.c         0x00000000   Number         0  printf3.o ABSOLUTE
    ../clib/microlib/printf/printf.c         0x00000000   Number         0  printf1.o ABSOLUTE
    ../clib/microlib/printf/printf.c         0x00000000   Number         0  printf5.o ABSOLUTE
    ../clib/microlib/printf/printf.c         0x00000000   Number         0  printf6.o ABSOLUTE
    ../clib/microlib/printf/printf.c         0x00000000   Number         0  printf4.o ABSOLUTE
    ../clib/microlib/printf/printf.c         0x00000000   Number         0  printf2.o ABSOLUTE
    ../clib/microlib/printf/printf.c         0x00000000   Number         0  printf0.o ABSOLUTE
    ../clib/microlib/printf/printf.c         0x00000000   Number         0  printfb.o ABSOLUTE
    ../clib/microlib/printf/stubs.s          0x00000000   Number         0  stubs.o ABSOLUTE
    ../clib/microlib/stdio/fputc.c           0x00000000   Number         0  fputc.o ABSOLUTE
    ../clib/microlib/stdio/semi.s            0x00000000   Number         0  semi.o ABSOLUTE
    ../clib/microlib/stdio/streams.c         0x00000000   Number         0  stdout.o ABSOLUTE
    ../clib/microlib/string/memcmp.c         0x00000000   Number         0  memcmp.o ABSOLUTE
    ../clib/microlib/string/memcpy.c         0x00000000   Number         0  memcpya.o ABSOLUTE
    ../clib/microlib/string/memcpy.c         0x00000000   Number         0  memcpyb.o ABSOLUTE
    ../clib/microlib/string/memset.c         0x00000000   Number         0  memseta.o ABSOLUTE
    ../clib/microlib/string/strlen.c         0x00000000   Number         0  strlen.o ABSOLUTE
    ../clib/microlib/stubs.s                 0x00000000   Number         0  iusesemip.o ABSOLUTE
    ../clib/microlib/stubs.s                 0x00000000   Number         0  iusefp.o ABSOLUTE
    ../fplib/microlib/d2f.c                  0x00000000   Number         0  d2f.o ABSOLUTE
    ../fplib/microlib/f2d.c                  0x00000000   Number         0  f2d.o ABSOLUTE
    ../fplib/microlib/fpadd.c                0x00000000   Number         0  dadd.o ABSOLUTE
    ../fplib/microlib/fpdiv.c                0x00000000   Number         0  ddiv.o ABSOLUTE
    ../fplib/microlib/fpepilogue.c           0x00000000   Number         0  fepilogue.o ABSOLUTE
    ../fplib/microlib/fpepilogue.c           0x00000000   Number         0  depilogue.o ABSOLUTE
    ../fplib/microlib/fpfix.c                0x00000000   Number         0  ffixi.o ABSOLUTE
    ../fplib/microlib/fpfix.c                0x00000000   Number         0  dfixul.o ABSOLUTE
    ../fplib/microlib/fpflt.c                0x00000000   Number         0  dflti.o ABSOLUTE
    ../fplib/microlib/fpmul.c                0x00000000   Number         0  fmul.o ABSOLUTE
    ../fplib/microlib/fpmul.c                0x00000000   Number         0  dmul.o ABSOLUTE
    ../mathlib/sqrtf.c                       0x00000000   Number         0  sqrtf.o ABSOLUTE
    ../mathlib/sqrtf.c                       0x00000000   Number         0  sqrtf_x.o ABSOLUTE
    C:\software\tii\CC3100SDK_1.2.0\cc3100-sdk\simplelink\source\device.c 0x00000000   Number         0  device.o ABSOLUTE
    C:\software\tii\CC3100SDK_1.2.0\cc3100-sdk\simplelink\source\driver.c 0x00000000   Number         0  driver.o ABSOLUTE
    C:\software\tii\CC3100SDK_1.2.0\cc3100-sdk\simplelink\source\flowcont.c 0x00000000   Number         0  flowcont.o ABSOLUTE
    C:\software\tii\CC3100SDK_1.2.0\cc3100-sdk\simplelink\source\fs.c 0x00000000   Number         0  fs.o ABSOLUTE
    C:\software\tii\CC3100SDK_1.2.0\cc3100-sdk\simplelink\source\netapp.c 0x00000000   Number         0  netapp.o ABSOLUTE
    C:\software\tii\CC3100SDK_1.2.0\cc3100-sdk\simplelink\source\netcfg.c 0x00000000   Number         0  netcfg.o ABSOLUTE
    C:\software\tii\CC3100SDK_1.2.0\cc3100-sdk\simplelink\source\nonos.c 0x00000000   Number         0  nonos.o ABSOLUTE
    C:\software\tii\CC3100SDK_1.2.0\cc3100-sdk\simplelink\source\socket.c 0x00000000   Number         0  socket.o ABSOLUTE
    C:\software\tii\CC3100SDK_1.2.0\cc3100-sdk\simplelink\source\spawn.c 0x00000000   Number         0  spawn.o ABSOLUTE
    C:\software\tii\CC3100SDK_1.2.0\cc3100-sdk\simplelink\source\wlan.c 0x00000000   Number         0  wlan.o ABSOLUTE
    board.c                                  0x00000000   Number         0  board.o ABSOLUTE
    cdrcmple.s                               0x00000000   Number         0  cdrcmple.o ABSOLUTE
    cli_uart.c                               0x00000000   Number         0  cli_uart.o ABSOLUTE
    cpu.c                                    0x00000000   Number         0  cpu.o ABSOLUTE
    cpu.c                                    0x00000000   Number         0  cpu.o ABSOLUTE
    dc.s                                     0x00000000   Number         0  dc.o ABSOLUTE
    fpu.c                                    0x00000000   Number         0  fpu.o ABSOLUTE
    gpio.c                                   0x00000000   Number         0  gpio.o ABSOLUTE
    handlers.s                               0x00000000   Number         0  handlers.o ABSOLUTE
    i2c.c                                    0x00000000   Number         0  i2c.o ABSOLUTE
    i2cm_drv.c                               0x00000000   Number         0  i2cm_drv.o ABSOLUTE
    init.s                                   0x00000000   Number         0  init.o ABSOLUTE
    interrupt.c                              0x00000000   Number         0  interrupt.o ABSOLUTE
    main.c                                   0x00000000   Number         0  main.o ABSOLUTE
    spi.c                                    0x00000000   Number         0  spi.o ABSOLUTE
    ssi.c                                    0x00000000   Number         0  ssi.o ABSOLUTE
    startup_rvmdk.S                          0x00000000   Number         0  startup_rvmdk.o ABSOLUTE
    sysctl.c                                 0x00000000   Number         0  sysctl.o ABSOLUTE
    sysctl.c                                 0x00000000   Number         0  sysctl.o ABSOLUTE
    timer.c                                  0x00000000   Number         0  timer.o ABSOLUTE
    tmp006.c                                 0x00000000   Number         0  tmp006.o ABSOLUTE
    NmiSR                                    0x00000215   Thumb Code     0  startup_rvmdk.o(RESET)
    FaultISR                                 0x00000217   Thumb Code     0  startup_rvmdk.o(RESET)
    IntDefaultHandler                        0x00000219   Thumb Code     0  startup_rvmdk.o(RESET)
    .ARM.Collect$$$$00000000                 0x0000021c   Section        0  entry.o(.ARM.Collect$$$$00000000)
    .ARM.Collect$$$$00000001                 0x0000021c   Section        4  entry2.o(.ARM.Collect$$$$00000001)
    .ARM.Collect$$$$00000004                 0x00000220   Section        4  entry5.o(.ARM.Collect$$$$00000004)
    .ARM.Collect$$$$00000008                 0x00000224   Section        0  entry7b.o(.ARM.Collect$$$$00000008)
    .ARM.Collect$$$$0000000A                 0x00000224   Section        0  entry8b.o(.ARM.Collect$$$$0000000A)
    .ARM.Collect$$$$0000000B                 0x00000224   Section        8  entry9a.o(.ARM.Collect$$$$0000000B)
    .ARM.Collect$$$$0000000D                 0x0000022c   Section        0  entry10a.o(.ARM.Collect$$$$0000000D)
    .ARM.Collect$$$$0000000F                 0x0000022c   Section        0  entry11a.o(.ARM.Collect$$$$0000000F)
    .ARM.Collect$$$$00002712                 0x0000022c   Section        4  entry2.o(.ARM.Collect$$$$00002712)
    __lit__00000000                          0x0000022c   Data           4  entry2.o(.ARM.Collect$$$$00002712)
    .emb_text                                0x00000230   Section       38  cpu.o(.emb_text)
    $v0                                      0x00000230   Number         0  cpu.o(.emb_text)
    .text                                    0x00000256   Section        0  memseta.o(.text)
    .text                                    0x0000027a   Section        0  strlen.o(.text)
    .text                                    0x00000288   Section        0  fmul.o(.text)
    .text                                    0x000002ec   Section        0  dadd.o(.text)
    .text                                    0x0000043a   Section        0  dmul.o(.text)
    .text                                    0x0000051e   Section        0  dflti.o(.text)
    .text                                    0x00000540   Section        0  ffixi.o(.text)
    .text                                    0x00000572   Section        0  f2d.o(.text)
    .text                                    0x00000598   Section        0  d2f.o(.text)
    .text                                    0x000005d0   Section        0  uidiv.o(.text)
    .text                                    0x000005fc   Section        0  llshl.o(.text)
    .text                                    0x0000061a   Section        0  llsshr.o(.text)
    .text                                    0x0000063e   Section        0  fepilogue.o(.text)
    .text                                    0x0000063e   Section        0  iusefp.o(.text)
    .text                                    0x000006ac   Section        0  depilogue.o(.text)
    .text                                    0x00000764   Section       36  init.o(.text)
    .text                                    0x00000788   Section        0  llushr.o(.text)
    i.CLI_Configure                          0x000007a8   Section        0  cli_uart.o(i.CLI_Configure)
    i.CLI_Write                              0x00000830   Section        0  cli_uart.o(i.CLI_Write)
    i.FPUEnable                              0x00000870   Section        0  fpu.o(i.FPUEnable)
    i.FPULazyStackingEnable                  0x00000880   Section        0  fpu.o(i.FPULazyStackingEnable)
    i.GPIODirModeSet                         0x00000890   Section        0  gpio.o(i.GPIODirModeSet)
    i.GPIOIntClear                           0x000008b8   Section        0  gpio.o(i.GPIOIntClear)
    i.GPIOIntEnable                          0x000008be   Section        0  gpio.o(i.GPIOIntEnable)
    i.GPIOIntStatus                          0x000008ca   Section        0  gpio.o(i.GPIOIntStatus)
    i.GPIOIntTypeSet                         0x000008d8   Section        0  gpio.o(i.GPIOIntTypeSet)
    i.GPIOM_intHandler                       0x00000928   Section        0  board.o(i.GPIOM_intHandler)
    i.GPIOPadConfigSet                       0x0000095c   Section        0  gpio.o(i.GPIOPadConfigSet)
    i.GPIOPinConfigure                       0x00000a94   Section        0  gpio.o(i.GPIOPinConfigure)
    i.GPIOPinRead                            0x00000ad8   Section        0  gpio.o(i.GPIOPinRead)
    i.GPIOPinTypeGPIOInput                   0x00000ade   Section        0  gpio.o(i.GPIOPinTypeGPIOInput)
    i.GPIOPinTypeGPIOOutput                  0x00000afa   Section        0  gpio.o(i.GPIOPinTypeGPIOOutput)
    i.GPIOPinTypeI2C                         0x00000b16   Section        0  gpio.o(i.GPIOPinTypeI2C)
    i.GPIOPinTypeI2CSCL                      0x00000b32   Section        0  gpio.o(i.GPIOPinTypeI2CSCL)
    i.GPIOPinWrite                           0x00000b4e   Section        0  gpio.o(i.GPIOPinWrite)
    i.I2CMCommand                            0x00000b54   Section        0  i2cm_drv.o(i.I2CMCommand)
    i.I2CMInit                               0x00000be2   Section        0  i2cm_drv.o(i.I2CMInit)
    i.I2CMIntHandler                         0x00000c18   Section        0  i2cm_drv.o(i.I2CMIntHandler)
    i.I2CMReadModifyWrite16LE                0x00000f34   Section        0  i2cm_drv.o(i.I2CMReadModifyWrite16LE)
    i.I2CMReadModifyWrite16LECallback        0x00000fc0   Section        0  i2cm_drv.o(i.I2CMReadModifyWrite16LECallback)
    I2CMReadModifyWrite16LECallback          0x00000fc1   Thumb Code   114  i2cm_drv.o(i.I2CMReadModifyWrite16LECallback)
    i.I2CMasterControl                       0x00001038   Section        0  i2c.o(i.I2CMasterControl)
    i.I2CMasterDataGet                       0x0000103c   Section        0  i2c.o(i.I2CMasterDataGet)
    i.I2CMasterDataPut                       0x00001040   Section        0  i2c.o(i.I2CMasterDataPut)
    i.I2CMasterInitExpClk                    0x00001044   Section        0  i2c.o(i.I2CMasterInitExpClk)
    i.I2CMasterIntClear                      0x00001098   Section        0  i2c.o(i.I2CMasterIntClear)
    i.I2CMasterIntEnableEx                   0x000010a0   Section        0  i2c.o(i.I2CMasterIntEnableEx)
    i.I2CMasterSlaveAddrSet                  0x000010a8   Section        0  i2c.o(i.I2CMasterSlaveAddrSet)
    i.IntDisable                             0x000010b0   Section        0  interrupt.o(i.IntDisable)
    i.IntEnable                              0x00001114   Section        0  interrupt.o(i.IntEnable)
    i.IntHandlerGPIOPortH                    0x00001178   Section        0  board.o(i.IntHandlerGPIOPortH)
    i.IntIsEnabled                           0x000011b0   Section        0  interrupt.o(i.IntIsEnabled)
    i.IntMasterEnable                        0x00001210   Section        0  interrupt.o(i.IntMasterEnable)
    i.IntPriorityGroupingSet                 0x00001220   Section        0  interrupt.o(i.IntPriorityGroupingSet)
    i.IntPrioritySet                         0x0000123c   Section        0  interrupt.o(i.IntPrioritySet)
    i.IntTrigger                             0x00001264   Section        0  interrupt.o(i.IntTrigger)
    i.SysCtlClockFreqSet                     0x00001270   Section        0  sysctl.o(i.SysCtlClockFreqSet)
    i.SysCtlPeripheralEnable                 0x00001538   Section        0  sysctl.o(i.SysCtlPeripheralEnable)
    i.TMP006AppCallback                      0x00001560   Section        0  board.o(i.TMP006AppCallback)
    i.TMP006Callback                         0x00001648   Section        0  tmp006.o(i.TMP006Callback)
    TMP006Callback                           0x00001649   Thumb Code   112  tmp006.o(i.TMP006Callback)
    i.TMP006DataRead                         0x000016bc   Section        0  tmp006.o(i.TMP006DataRead)
    i.TMP006DataTemperatureGetFloat          0x00001718   Section        0  tmp006.o(i.TMP006DataTemperatureGetFloat)
    i.TMP006I2CIntHandler                    0x00001920   Section        0  board.o(i.TMP006I2CIntHandler)
    i.TMP006Init                             0x0000192c   Section        0  tmp006.o(i.TMP006Init)
    i.TMP006ReadModifyWrite                  0x0000198c   Section        0  tmp006.o(i.TMP006ReadModifyWrite)
    i.Timer0IntHandler                       0x000019f4   Section        0  board.o(i.Timer0IntHandler)
    i.TimerConfigure                         0x00001a24   Section        0  timer.o(i.TimerConfigure)
    i.TimerEnable                            0x00001a84   Section        0  timer.o(i.TimerEnable)
    i.TimerIntClear                          0x00001a92   Section        0  timer.o(i.TimerIntClear)
    i.TimerIntEnable                         0x00001a96   Section        0  timer.o(i.TimerIntEnable)
    i.TimerLoadSet                           0x00001a9e   Section        0  timer.o(i.TimerLoadSet)
    i.__0sprintf$6                           0x00001ab0   Section        0  printf6.o(i.__0sprintf$6)
    i.__hardfp_sqrtf                         0x00001ad8   Section        0  sqrtf.o(i.__hardfp_sqrtf)
    i.__scatterload_copy                     0x00001b12   Section       14  handlers.o(i.__scatterload_copy)
    i.__scatterload_null                     0x00001b20   Section        2  handlers.o(i.__scatterload_null)
    i.__scatterload_zeroinit                 0x00001b22   Section       14  handlers.o(i.__scatterload_zeroinit)
    i.__set_errno                            0x00001b30   Section        0  errno.o(i.__set_errno)
    i._printf_core                           0x00001b3c   Section        0  printf6.o(i._printf_core)
    _printf_core                             0x00001b3d   Thumb Code   748  printf6.o(i._printf_core)
    i._printf_post_padding                   0x00001e2c   Section        0  printf6.o(i._printf_post_padding)
    _printf_post_padding                     0x00001e2d   Thumb Code    36  printf6.o(i._printf_post_padding)
    i._printf_pre_padding                    0x00001e50   Section        0  printf6.o(i._printf_pre_padding)
    _printf_pre_padding                      0x00001e51   Thumb Code    46  printf6.o(i._printf_pre_padding)
    i._sputc                                 0x00001e7e   Section        0  printf6.o(i._sputc)
    _sputc                                   0x00001e7f   Thumb Code    10  printf6.o(i._sputc)
    i.initClk                                0x00001e88   Section        0  board.o(i.initClk)
    i.initI2C                                0x00001eac   Section        0  board.o(i.initI2C)
    i.initLEDs                               0x00001f70   Section        0  board.o(i.initLEDs)
    i.initTimer                              0x00001fcc   Section        0  board.o(i.initTimer)
    i.initializeAppVariables                 0x00002028   Section        0  main.o(i.initializeAppVariables)
    initializeAppVariables                   0x00002029   Thumb Code    60  main.o(i.initializeAppVariables)
    i.main                                   0x0000206c   Section        0  main.o(i.main)
    i.stopWDT                                0x00002114   Section        0  board.o(i.stopWDT)
    .constdata                               0x00002118   Section      528  gpio.o(.constdata)
    g_ppui32GPIOIntMapBlizzard               0x00002118   Data         192  gpio.o(.constdata)
    g_ppui32GPIOIntMapSnowflake              0x000021d8   Data         192  gpio.o(.constdata)
    g_pui32GPIOBaseAddrs                     0x00002298   Data         144  gpio.o(.constdata)
    .constdata                               0x00002328   Section      268  interrupt.o(.constdata)
    g_pui32Priority                          0x00002328   Data          32  interrupt.o(.constdata)
    g_pui32Regs                              0x00002348   Data         156  interrupt.o(.constdata)
    g_pui32EnRegs                            0x000023e4   Data          20  interrupt.o(.constdata)
    g_pui32Dii16Regs                         0x000023f8   Data          20  interrupt.o(.constdata)
    g_pui32PendRegs                          0x0000240c   Data          20  interrupt.o(.constdata)
    g_pui32UnpendRegs                        0x00002420   Data          20  interrupt.o(.constdata)
    .constdata                               0x00002434   Section      452  sysctl.o(.constdata)
    g_pui32VCOFrequencies                    0x00002434   Data           8  sysctl.o(.constdata)
    g_pui32Xtals                             0x0000243c   Data         108  sysctl.o(.constdata)
    g_pppui32XTALtoVCO                       0x000024a8   Data         288  sysctl.o(.constdata)
    g_sXTALtoMEMTIM                          0x000025c8   Data          48  sysctl.o(.constdata)
    .conststring                             0x000025f8   Section       84  main.o(.conststring)
    .data                                    0x20000000   Section       24  board.o(.data)
    u                                        0x20000008   Data           4  board.o(.data)
    .data                                    0x20000018   Section       41  main.o(.data)
    .data                                    0x20000044   Section        4  errno.o(.data)
    _errno                                   0x20000044   Data           4  errno.o(.data)
    .bss                                     0x20000048   Section      340  board.o(.bss)
    .bss                                     0x2000019c   Section      104  main.o(.bss)
    STACK                                    0x20000208   Section      512  startup_rvmdk.o(STACK)
    StackMem                                 0x20000208   Data           0  startup_rvmdk.o(STACK)

    Global Symbols

    Symbol Name                              Value     Ov Type        Size  Object(Section)

    BuildAttributes$$THM_ISAv4$E$P$D$K$B$S$7EM$VFPi3$EXTD16$VFPS$VFMA$PE$A:L22UL41UL21$X:L11$S22US41US21$IEEE1$IW$USESV6$~STKCKD$USESV7$~SHL$OTIME$ROPI$IEEEJ$EBA8$MICROLIB$REQ8$PRES8$EABIv2 0x00000000   Number         0  anon$$obj.o ABSOLUTE
    __ARM_use_no_argv                        0x00000000   Number         0  main.o ABSOLUTE
    __Vectors                                0x00000000   Data           0  startup_rvmdk.o(RESET)
    _printf_a                                0x00000000   Number         0  stubs.o ABSOLUTE
    _printf_c                                0x00000000   Number         0  stubs.o ABSOLUTE
    _printf_charcount                        0x00000000   Number         0  stubs.o ABSOLUTE
    _printf_d                                0x00000000   Number         0  stubs.o ABSOLUTE
    _printf_e                                0x00000000   Number         0  stubs.o ABSOLUTE
    _printf_f                                0x00000000   Number         0  stubs.o ABSOLUTE
    _printf_flags                            0x00000000   Number         0  stubs.o ABSOLUTE
    _printf_fp_dec                           0x00000000   Number         0  stubs.o ABSOLUTE
    _printf_fp_hex                           0x00000000   Number         0  stubs.o ABSOLUTE
    _printf_g                                0x00000000   Number         0  stubs.o ABSOLUTE
    _printf_i                                0x00000000   Number         0  stubs.o ABSOLUTE
    _printf_int_dec                          0x00000000   Number         0  stubs.o ABSOLUTE
    _printf_l                                0x00000000   Number         0  stubs.o ABSOLUTE
    _printf_lc                               0x00000000   Number         0  stubs.o ABSOLUTE
    _printf_ll                               0x00000000   Number         0  stubs.o ABSOLUTE
    _printf_lld                              0x00000000   Number         0  stubs.o ABSOLUTE
    _printf_lli                              0x00000000   Number         0  stubs.o ABSOLUTE
    _printf_llo                              0x00000000   Number         0  stubs.o ABSOLUTE
    _printf_llu                              0x00000000   Number         0  stubs.o ABSOLUTE
    _printf_llx                              0x00000000   Number         0  stubs.o ABSOLUTE
    _printf_longlong_dec                     0x00000000   Number         0  stubs.o ABSOLUTE
    _printf_longlong_hex                     0x00000000   Number         0  stubs.o ABSOLUTE
    _printf_longlong_oct                     0x00000000   Number         0  stubs.o ABSOLUTE
    _printf_ls                               0x00000000   Number         0  stubs.o ABSOLUTE
    _printf_mbtowc                           0x00000000   Number         0  stubs.o ABSOLUTE
    _printf_n                                0x00000000   Number         0  stubs.o ABSOLUTE
    _printf_o                                0x00000000   Number         0  stubs.o ABSOLUTE
    _printf_p                                0x00000000   Number         0  stubs.o ABSOLUTE
    _printf_percent                          0x00000000   Number         0  stubs.o ABSOLUTE
    _printf_pre_padding                      0x00000000   Number         0  stubs.o ABSOLUTE
    _printf_return_value                     0x00000000   Number         0  stubs.o ABSOLUTE
    _printf_s                                0x00000000   Number         0  stubs.o ABSOLUTE
    _printf_sizespec                         0x00000000   Number         0  stubs.o ABSOLUTE
    _printf_str                              0x00000000   Number         0  stubs.o ABSOLUTE
    _printf_truncate_signed                  0x00000000   Number         0  stubs.o ABSOLUTE
    _printf_truncate_unsigned                0x00000000   Number         0  stubs.o ABSOLUTE
    _printf_u                                0x00000000   Number         0  stubs.o ABSOLUTE
    _printf_wc                               0x00000000   Number         0  stubs.o ABSOLUTE
    _printf_wctomb                           0x00000000   Number         0  stubs.o ABSOLUTE
    _printf_widthprec                        0x00000000   Number         0  stubs.o ABSOLUTE
    _printf_x                                0x00000000   Number         0  stubs.o ABSOLUTE
    __cpp_initialize__aeabi_                  - Undefined Weak Reference
    __cxa_finalize                            - Undefined Weak Reference
    __decompress                              - Undefined Weak Reference
    _clock_init                               - Undefined Weak Reference
    _microlib_exit                            - Undefined Weak Reference
    Reset_Handler                            0x00000201   Thumb Code     0  startup_rvmdk.o(RESET)
    __main                                   0x0000021d   Thumb Code     0  entry.o(.ARM.Collect$$$$00000000)
    _main_stk                                0x0000021d   Thumb Code     0  entry2.o(.ARM.Collect$$$$00000001)
    _main_scatterload                        0x00000221   Thumb Code     0  entry5.o(.ARM.Collect$$$$00000004)
    __main_after_scatterload                 0x00000225   Thumb Code     0  entry5.o(.ARM.Collect$$$$00000004)
    _main_clock                              0x00000225   Thumb Code     0  entry7b.o(.ARM.Collect$$$$00000008)
    _main_cpp_init                           0x00000225   Thumb Code     0  entry8b.o(.ARM.Collect$$$$0000000A)
    _main_init                               0x00000225   Thumb Code     0  entry9a.o(.ARM.Collect$$$$0000000B)
    __rt_final_cpp                           0x0000022d   Thumb Code     0  entry10a.o(.ARM.Collect$$$$0000000D)
    __rt_final_exit                          0x0000022d   Thumb Code     0  entry11a.o(.ARM.Collect$$$$0000000F)
    CPUcpsid                                 0x00000231   Thumb Code     8  cpu.o(.emb_text)
    CPUprimask                               0x00000239   Thumb Code     6  cpu.o(.emb_text)
    CPUcpsie                                 0x0000023f   Thumb Code     8  cpu.o(.emb_text)
    CPUwfi                                   0x00000247   Thumb Code     4  cpu.o(.emb_text)
    CPUbasepriSet                            0x0000024b   Thumb Code     6  cpu.o(.emb_text)
    CPUbasepriGet                            0x00000251   Thumb Code     6  cpu.o(.emb_text)
    __aeabi_memset                           0x00000257   Thumb Code    14  memseta.o(.text)
    __aeabi_memset4                          0x00000257   Thumb Code     0  memseta.o(.text)
    __aeabi_memset8                          0x00000257   Thumb Code     0  memseta.o(.text)
    __aeabi_memclr                           0x00000265   Thumb Code     4  memseta.o(.text)
    __aeabi_memclr4                          0x00000265   Thumb Code     0  memseta.o(.text)
    __aeabi_memclr8                          0x00000265   Thumb Code     0  memseta.o(.text)
    _memset$wrapper                          0x00000269   Thumb Code    18  memseta.o(.text)
    strlen                                   0x0000027b   Thumb Code    14  strlen.o(.text)
    __aeabi_fmul                             0x00000289   Thumb Code   100  fmul.o(.text)
    __aeabi_dadd                             0x000002ed   Thumb Code   322  dadd.o(.text)
    __aeabi_dsub                             0x0000042f   Thumb Code     6  dadd.o(.text)
    __aeabi_drsub                            0x00000435   Thumb Code     6  dadd.o(.text)
    __aeabi_dmul                             0x0000043b   Thumb Code   228  dmul.o(.text)
    __aeabi_i2d                              0x0000051f   Thumb Code    34  dflti.o(.text)
    __aeabi_f2iz                             0x00000541   Thumb Code    50  ffixi.o(.text)
    __aeabi_f2d                              0x00000573   Thumb Code    38  f2d.o(.text)
    __aeabi_d2f                              0x00000599   Thumb Code    56  d2f.o(.text)
    __aeabi_uidiv                            0x000005d1   Thumb Code     0  uidiv.o(.text)
    __aeabi_uidivmod                         0x000005d1   Thumb Code    44  uidiv.o(.text)
    __aeabi_llsl                             0x000005fd   Thumb Code    30  llshl.o(.text)
    _ll_shift_l                              0x000005fd   Thumb Code     0  llshl.o(.text)
    __aeabi_lasr                             0x0000061b   Thumb Code    36  llsshr.o(.text)
    _ll_sshift_r                             0x0000061b   Thumb Code     0  llsshr.o(.text)
    __I$use$fp                               0x0000063f   Thumb Code     0  iusefp.o(.text)
    _float_round                             0x0000063f   Thumb Code    18  fepilogue.o(.text)
    _float_epilogue                          0x00000651   Thumb Code    92  fepilogue.o(.text)
    _double_round                            0x000006ad   Thumb Code    26  depilogue.o(.text)
    _double_epilogue                         0x000006c7   Thumb Code   156  depilogue.o(.text)
    __scatterload                            0x00000765   Thumb Code    28  init.o(.text)
    __scatterload_rt2                        0x00000765   Thumb Code     0  init.o(.text)
    __aeabi_llsr                             0x00000789   Thumb Code    32  llushr.o(.text)
    _ll_ushift_r                             0x00000789   Thumb Code     0  llushr.o(.text)
    CLI_Configure                            0x000007a9   Thumb Code   116  cli_uart.o(i.CLI_Configure)
    CLI_Write                                0x00000831   Thumb Code    58  cli_uart.o(i.CLI_Write)
    FPUEnable                                0x00000871   Thumb Code    12  fpu.o(i.FPUEnable)
    FPULazyStackingEnable                    0x00000881   Thumb Code    12  fpu.o(i.FPULazyStackingEnable)
    GPIODirModeSet                           0x00000891   Thumb Code    40  gpio.o(i.GPIODirModeSet)
    GPIOIntClear                             0x000008b9   Thumb Code     6  gpio.o(i.GPIOIntClear)
    GPIOIntEnable                            0x000008bf   Thumb Code    12  gpio.o(i.GPIOIntEnable)
    GPIOIntStatus                            0x000008cb   Thumb Code    14  gpio.o(i.GPIOIntStatus)
    GPIOIntTypeSet                           0x000008d9   Thumb Code    80  gpio.o(i.GPIOIntTypeSet)
    GPIOM_intHandler                         0x00000929   Thumb Code    44  board.o(i.GPIOM_intHandler)
    GPIOPadConfigSet                         0x0000095d   Thumb Code   312  gpio.o(i.GPIOPadConfigSet)
    GPIOPinConfigure                         0x00000a95   Thumb Code    60  gpio.o(i.GPIOPinConfigure)
    GPIOPinRead                              0x00000ad9   Thumb Code     6  gpio.o(i.GPIOPinRead)
    GPIOPinTypeGPIOInput                     0x00000adf   Thumb Code    28  gpio.o(i.GPIOPinTypeGPIOInput)
    GPIOPinTypeGPIOOutput                    0x00000afb   Thumb Code    28  gpio.o(i.GPIOPinTypeGPIOOutput)
    GPIOPinTypeI2C                           0x00000b17   Thumb Code    28  gpio.o(i.GPIOPinTypeI2C)
    GPIOPinTypeI2CSCL                        0x00000b33   Thumb Code    28  gpio.o(i.GPIOPinTypeI2CSCL)
    GPIOPinWrite                             0x00000b4f   Thumb Code     6  gpio.o(i.GPIOPinWrite)
    I2CMCommand                              0x00000b55   Thumb Code   142  i2cm_drv.o(i.I2CMCommand)
    I2CMInit                                 0x00000be3   Thumb Code    54  i2cm_drv.o(i.I2CMInit)
    I2CMIntHandler                           0x00000c19   Thumb Code   794  i2cm_drv.o(i.I2CMIntHandler)
    I2CMReadModifyWrite16LE                  0x00000f35   Thumb Code   136  i2cm_drv.o(i.I2CMReadModifyWrite16LE)
    I2CMasterControl                         0x00001039   Thumb Code     4  i2c.o(i.I2CMasterControl)
    I2CMasterDataGet                         0x0000103d   Thumb Code     4  i2c.o(i.I2CMasterDataGet)
    I2CMasterDataPut                         0x00001041   Thumb Code     4  i2c.o(i.I2CMasterDataPut)
    I2CMasterInitExpClk                      0x00001045   Thumb Code    72  i2c.o(i.I2CMasterInitExpClk)
    I2CMasterIntClear                        0x00001099   Thumb Code     8  i2c.o(i.I2CMasterIntClear)
    I2CMasterIntEnableEx                     0x000010a1   Thumb Code     8  i2c.o(i.I2CMasterIntEnableEx)
    I2CMasterSlaveAddrSet                    0x000010a9   Thumb Code     8  i2c.o(i.I2CMasterSlaveAddrSet)
    IntDisable                               0x000010b1   Thumb Code    92  interrupt.o(i.IntDisable)
    IntEnable                                0x00001115   Thumb Code    92  interrupt.o(i.IntEnable)
    IntHandlerGPIOPortH                      0x00001179   Thumb Code    42  board.o(i.IntHandlerGPIOPortH)
    IntIsEnabled                             0x000011b1   Thumb Code    88  interrupt.o(i.IntIsEnabled)
    IntMasterEnable                          0x00001211   Thumb Code    14  interrupt.o(i.IntMasterEnable)
    IntPriorityGroupingSet                   0x00001221   Thumb Code    20  interrupt.o(i.IntPriorityGroupingSet)
    IntPrioritySet                           0x0000123d   Thumb Code    36  interrupt.o(i.IntPrioritySet)
    IntTrigger                               0x00001265   Thumb Code     8  interrupt.o(i.IntTrigger)
    SysCtlClockFreqSet                       0x00001271   Thumb Code   672  sysctl.o(i.SysCtlClockFreqSet)
    SysCtlPeripheralEnable                   0x00001539   Thumb Code    36  sysctl.o(i.SysCtlPeripheralEnable)
    TMP006AppCallback                        0x00001561   Thumb Code   174  board.o(i.TMP006AppCallback)
    TMP006DataRead                           0x000016bd   Thumb Code    82  tmp006.o(i.TMP006DataRead)
    TMP006DataTemperatureGetFloat            0x00001719   Thumb Code   438  tmp006.o(i.TMP006DataTemperatureGetFloat)
    TMP006I2CIntHandler                      0x00001921   Thumb Code     6  board.o(i.TMP006I2CIntHandler)
    TMP006Init                               0x0000192d   Thumb Code    86  tmp006.o(i.TMP006Init)
    TMP006ReadModifyWrite                    0x0000198d   Thumb Code    98  tmp006.o(i.TMP006ReadModifyWrite)
    Timer0IntHandler                         0x000019f5   Thumb Code    40  board.o(i.Timer0IntHandler)
    TimerConfigure                           0x00001a25   Thumb Code    88  timer.o(i.TimerConfigure)
    TimerEnable                              0x00001a85   Thumb Code    14  timer.o(i.TimerEnable)
    TimerIntClear                            0x00001a93   Thumb Code     4  timer.o(i.TimerIntClear)
    TimerIntEnable                           0x00001a97   Thumb Code     8  timer.o(i.TimerIntEnable)
    TimerLoadSet                             0x00001a9f   Thumb Code    18  timer.o(i.TimerLoadSet)
    __0sprintf$6                             0x00001ab1   Thumb Code    34  printf6.o(i.__0sprintf$6)
    __1sprintf$6                             0x00001ab1   Thumb Code     0  printf6.o(i.__0sprintf$6)
    __2sprintf                               0x00001ab1   Thumb Code     0  printf6.o(i.__0sprintf$6)
    __hardfp_sqrtf                           0x00001ad9   Thumb Code    58  sqrtf.o(i.__hardfp_sqrtf)
    __scatterload_copy                       0x00001b13   Thumb Code    14  handlers.o(i.__scatterload_copy)
    __scatterload_null                       0x00001b21   Thumb Code     2  handlers.o(i.__scatterload_null)
    __scatterload_zeroinit                   0x00001b23   Thumb Code    14  handlers.o(i.__scatterload_zeroinit)
    __set_errno                              0x00001b31   Thumb Code     6  errno.o(i.__set_errno)
    initClk                                  0x00001e89   Thumb Code    24  board.o(i.initClk)
    initI2C                                  0x00001ead   Thumb Code   152  board.o(i.initI2C)
    initLEDs                                 0x00001f71   Thumb Code    80  board.o(i.initLEDs)
    initTimer                                0x00001fcd   Thumb Code    80  board.o(i.initTimer)
    main                                     0x0000206d   Thumb Code    68  main.o(i.main)
    stopWDT                                  0x00002115   Thumb Code     2  board.o(i.stopWDT)
    Region$$Table$$Base                      0x0000264c   Number         0  anon$$obj.o(Region$$Table)
    Region$$Table$$Limit                     0x0000266c   Number         0  anon$$obj.o(Region$$Table)
    IntIsMasked                              0x20000000   Data           1  board.o(.data)
    pIrqEventHandler                         0x20000004   Data           4  board.o(.data)
    g_SysClock                               0x2000000c   Data           4  board.o(.data)
    g_vui8DataFlag                           0x20000010   Data           4  board.o(.data)
    g_vui8ErrorFlag                          0x20000014   Data           4  board.o(.data)
    g_Toggle                                 0x20000018   Data           1  main.o(.data)
    g_Status                                 0x2000001c   Data           4  main.o(.data)
    POST_token                               0x20000020   Data          11  main.o(.data)
    POST_token1                              0x2000002b   Data          11  main.o(.data)
    GET_token                                0x20000036   Data          11  main.o(.data)
    g_sI2CInst                               0x20000048   Data         292  board.o(.bss)
    g_sTMP006Inst                            0x2000016c   Data          48  board.o(.bss)
    g_auth_name                              0x2000019c   Data          21  main.o(.bss)
    g_auth_password                          0x200001b1   Data          21  main.o(.bss)
    g_auth_realm                             0x200001c6   Data          21  main.o(.bss)
    g_domain_name                            0x200001db   Data          25  main.o(.bss)
    g_device_urn                             0x200001f4   Data          16  main.o(.bss)
    __initial_sp                             0x20000408   Data           0  startup_rvmdk.o(STACK)



==============================================================================

Memory Map of the image

  Image Entry point : 0x00000201

  Load Region LR_IROM (Base: 0x00000000, Size: 0x000026b4, Max: 0x00100000, ABSOLUTE)

    Execution Region ER_IROM (Base: 0x00000000, Size: 0x0000266c, Max: 0x00100000, ABSOLUTE)

    Base Addr    Size         Type   Attr      Idx    E Section Name        Object

    0x00000000   0x0000021c   Code   RO          423  * RESET               startup_rvmdk.o
    0x0000021c   0x00000000   Code   RO         3033  * .ARM.Collect$$$$00000000  mc_w.l(entry.o)
    0x0000021c   0x00000004   Code   RO         3321    .ARM.Collect$$$$00000001  mc_w.l(entry2.o)
    0x00000220   0x00000004   Code   RO         3324    .ARM.Collect$$$$00000004  mc_w.l(entry5.o)
    0x00000224   0x00000000   Code   RO         3326    .ARM.Collect$$$$00000008  mc_w.l(entry7b.o)
    0x00000224   0x00000000   Code   RO         3328    .ARM.Collect$$$$0000000A  mc_w.l(entry8b.o)
    0x00000224   0x00000008   Code   RO         3329    .ARM.Collect$$$$0000000B  mc_w.l(entry9a.o)
    0x0000022c   0x00000000   Code   RO         3331    .ARM.Collect$$$$0000000D  mc_w.l(entry10a.o)
    0x0000022c   0x00000000   Code   RO         3333    .ARM.Collect$$$$0000000F  mc_w.l(entry11a.o)
    0x0000022c   0x00000004   Code   RO         3322    .ARM.Collect$$$$00002712  mc_w.l(entry2.o)
    0x00000230   0x00000026   Code   RO         2674    .emb_text           driverlib.lib(cpu.o)
    0x00000256   0x00000024   Code   RO         3038    .text               mc_w.l(memseta.o)
    0x0000027a   0x0000000e   Code   RO         3040    .text               mc_w.l(strlen.o)
    0x00000288   0x00000064   Code   RO         3307    .text               mf_w.l(fmul.o)
    0x000002ec   0x0000014e   Code   RO         3309    .text               mf_w.l(dadd.o)
    0x0000043a   0x000000e4   Code   RO         3311    .text               mf_w.l(dmul.o)
    0x0000051e   0x00000022   Code   RO         3313    .text               mf_w.l(dflti.o)
    0x00000540   0x00000032   Code   RO         3315    .text               mf_w.l(ffixi.o)
    0x00000572   0x00000026   Code   RO         3317    .text               mf_w.l(f2d.o)
    0x00000598   0x00000038   Code   RO         3319    .text               mf_w.l(d2f.o)
    0x000005d0   0x0000002c   Code   RO         3338    .text               mc_w.l(uidiv.o)
    0x000005fc   0x0000001e   Code   RO         3342    .text               mc_w.l(llshl.o)
    0x0000061a   0x00000024   Code   RO         3344    .text               mc_w.l(llsshr.o)
    0x0000063e   0x00000000   Code   RO         3353    .text               mc_w.l(iusefp.o)
    0x0000063e   0x0000006e   Code   RO         3354    .text               mf_w.l(fepilogue.o)
    0x000006ac   0x000000b6   Code   RO         3356    .text               mf_w.l(depilogue.o)
    0x00000762   0x00000002   PAD
    0x00000764   0x00000024   Code   RO         3364    .text               mc_w.l(init.o)
    0x00000788   0x00000020   Code   RO         3367    .text               mc_w.l(llushr.o)
    0x000007a8   0x00000088   Code   RO          267    i.CLI_Configure     cli_uart.o
    0x00000830   0x00000040   Code   RO          269    i.CLI_Write         cli_uart.o
    0x00000870   0x00000010   Code   RO         1223    i.FPUEnable         driverlib.lib(fpu.o)
    0x00000880   0x00000010   Code   RO         1226    i.FPULazyStackingEnable  driverlib.lib(fpu.o)
    0x00000890   0x00000028   Code   RO         1299    i.GPIODirModeSet    driverlib.lib(gpio.o)
    0x000008b8   0x00000006   Code   RO         1300    i.GPIOIntClear      driverlib.lib(gpio.o)
    0x000008be   0x0000000c   Code   RO         1302    i.GPIOIntEnable     driverlib.lib(gpio.o)
    0x000008ca   0x0000000e   Code   RO         1304    i.GPIOIntStatus     driverlib.lib(gpio.o)
    0x000008d8   0x00000050   Code   RO         1306    i.GPIOIntTypeSet    driverlib.lib(gpio.o)
    0x00000928   0x00000034   Code   RO            7    i.GPIOM_intHandler  board.o
    0x0000095c   0x00000138   Code   RO         1309    i.GPIOPadConfigSet  driverlib.lib(gpio.o)
    0x00000a94   0x00000044   Code   RO         1310    i.GPIOPinConfigure  driverlib.lib(gpio.o)
    0x00000ad8   0x00000006   Code   RO         1311    i.GPIOPinRead       driverlib.lib(gpio.o)
    0x00000ade   0x0000001c   Code   RO         1320    i.GPIOPinTypeGPIOInput  driverlib.lib(gpio.o)
    0x00000afa   0x0000001c   Code   RO         1321    i.GPIOPinTypeGPIOOutput  driverlib.lib(gpio.o)
    0x00000b16   0x0000001c   Code   RO         1324    i.GPIOPinTypeI2C    driverlib.lib(gpio.o)
    0x00000b32   0x0000001c   Code   RO         1325    i.GPIOPinTypeI2CSCL  driverlib.lib(gpio.o)
    0x00000b4e   0x00000006   Code   RO         1339    i.GPIOPinWrite      driverlib.lib(gpio.o)
    0x00000b54   0x0000008e   Code   RO         2451    i.I2CMCommand       sensorlib.lib(i2cm_drv.o)
    0x00000be2   0x00000036   Code   RO         2452    i.I2CMInit          sensorlib.lib(i2cm_drv.o)
    0x00000c18   0x0000031a   Code   RO         2453    i.I2CMIntHandler    sensorlib.lib(i2cm_drv.o)
    0x00000f32   0x00000002   PAD
    0x00000f34   0x0000008c   Code   RO         2456    i.I2CMReadModifyWrite16LE  sensorlib.lib(i2cm_drv.o)
    0x00000fc0   0x00000078   Code   RO         2457    i.I2CMReadModifyWrite16LECallback  sensorlib.lib(i2cm_drv.o)
    0x00001038   0x00000004   Code   RO         2696    i.I2CMasterControl  driverlib.lib(i2c.o)
    0x0000103c   0x00000004   Code   RO         2697    i.I2CMasterDataGet  driverlib.lib(i2c.o)
    0x00001040   0x00000004   Code   RO         2698    i.I2CMasterDataPut  driverlib.lib(i2c.o)
    0x00001044   0x00000054   Code   RO         2703    i.I2CMasterInitExpClk  driverlib.lib(i2c.o)
    0x00001098   0x00000008   Code   RO         2704    i.I2CMasterIntClear  driverlib.lib(i2c.o)
    0x000010a0   0x00000008   Code   RO         2709    i.I2CMasterIntEnableEx  driverlib.lib(i2c.o)
    0x000010a8   0x00000008   Code   RO         2713    i.I2CMasterSlaveAddrSet  driverlib.lib(i2c.o)
    0x000010b0   0x00000064   Code   RO         1602    i.IntDisable        driverlib.lib(interrupt.o)
    0x00001114   0x00000064   Code   RO         1603    i.IntEnable         driverlib.lib(interrupt.o)
    0x00001178   0x00000038   Code   RO            9    i.IntHandlerGPIOPortH  board.o
    0x000011b0   0x00000060   Code   RO         1604    i.IntIsEnabled      driverlib.lib(interrupt.o)
    0x00001210   0x0000000e   Code   RO         1606    i.IntMasterEnable   driverlib.lib(interrupt.o)
    0x0000121e   0x00000002   PAD
    0x00001220   0x0000001c   Code   RO         1611    i.IntPriorityGroupingSet  driverlib.lib(interrupt.o)
    0x0000123c   0x00000028   Code   RO         1614    i.IntPrioritySet    driverlib.lib(interrupt.o)
    0x00001264   0x0000000c   Code   RO         1616    i.IntTrigger        driverlib.lib(interrupt.o)
    0x00001270   0x000002c8   Code   RO         1869    i.SysCtlClockFreqSet  driverlib.lib(sysctl.o)
    0x00001538   0x00000028   Code   RO         1901    i.SysCtlPeripheralEnable  driverlib.lib(sysctl.o)
    0x00001560   0x000000e8   Code   RO           11    i.TMP006AppCallback  board.o
    0x00001648   0x00000074   Code   RO         2598    i.TMP006Callback    sensorlib.lib(tmp006.o)
    0x000016bc   0x00000058   Code   RO         2599    i.TMP006DataRead    sensorlib.lib(tmp006.o)
    0x00001714   0x00000004   PAD
    0x00001718   0x00000208   Code   RO         2600    i.TMP006DataTemperatureGetFloat  sensorlib.lib(tmp006.o)
    0x00001920   0x0000000c   Code   RO           13    i.TMP006I2CIntHandler  board.o
    0x0000192c   0x00000060   Code   RO         2602    i.TMP006Init        sensorlib.lib(tmp006.o)
    0x0000198c   0x00000068   Code   RO         2604    i.TMP006ReadModifyWrite  sensorlib.lib(tmp006.o)
    0x000019f4   0x00000030   Code   RO           14    i.Timer0IntHandler  board.o
    0x00001a24   0x00000060   Code   RO         2213    i.TimerConfigure    driverlib.lib(timer.o)
    0x00001a84   0x0000000e   Code   RO         2222    i.TimerEnable       driverlib.lib(timer.o)
    0x00001a92   0x00000004   Code   RO         2223    i.TimerIntClear     driverlib.lib(timer.o)
    0x00001a96   0x00000008   Code   RO         2225    i.TimerIntEnable    driverlib.lib(timer.o)
    0x00001a9e   0x00000012   Code   RO         2231    i.TimerLoadSet      driverlib.lib(timer.o)
    0x00001ab0   0x00000028   Code   RO         3203    i.__0sprintf$6      mc_w.l(printf6.o)
    0x00001ad8   0x0000003a   Code   RO         3021    i.__hardfp_sqrtf    m_wm.l(sqrtf.o)
    0x00001b12   0x0000000e   Code   RO         3372    i.__scatterload_copy  mc_w.l(handlers.o)
    0x00001b20   0x00000002   Code   RO         3373    i.__scatterload_null  mc_w.l(handlers.o)
    0x00001b22   0x0000000e   Code   RO         3374    i.__scatterload_zeroinit  mc_w.l(handlers.o)
    0x00001b30   0x0000000c   Code   RO         3348    i.__set_errno       mc_w.l(errno.o)
    0x00001b3c   0x000002f0   Code   RO         3208    i._printf_core      mc_w.l(printf6.o)
    0x00001e2c   0x00000024   Code   RO         3209    i._printf_post_padding  mc_w.l(printf6.o)
    0x00001e50   0x0000002e   Code   RO         3210    i._printf_pre_padding  mc_w.l(printf6.o)
    0x00001e7e   0x0000000a   Code   RO         3212    i._sputc            mc_w.l(printf6.o)
    0x00001e88   0x00000024   Code   RO           17    i.initClk           board.o
    0x00001eac   0x000000c4   Code   RO           18    i.initI2C           board.o
    0x00001f70   0x0000005c   Code   RO           19    i.initLEDs          board.o
    0x00001fcc   0x0000005c   Code   RO           20    i.initTimer         board.o
    0x00002028   0x00000044   Code   RO          326    i.initializeAppVariables  main.o
    0x0000206c   0x000000a8   Code   RO          327    i.main              main.o
    0x00002114   0x00000002   Code   RO           22    i.stopWDT           board.o
    0x00002116   0x00000002   PAD
    0x00002118   0x00000210   Data   RO         1340    .constdata          driverlib.lib(gpio.o)
    0x00002328   0x0000010c   Data   RO         1619    .constdata          driverlib.lib(interrupt.o)
    0x00002434   0x000001c4   Data   RO         1922    .constdata          driverlib.lib(sysctl.o)
    0x000025f8   0x00000054   Data   RO          330    .conststring        main.o
    0x0000264c   0x00000020   Data   RO         3370    Region$$Table       anon$$obj.o


    Execution Region RW_IRAM (Base: 0x20000000, Size: 0x00000408, Max: 0x00040000, ABSOLUTE)

    Base Addr    Size         Type   Attr      Idx    E Section Name        Object

    0x20000000   0x00000018   Data   RW           27    .data               board.o
    0x20000018   0x00000029   Data   RW          331    .data               main.o
    0x20000041   0x00000003   PAD
    0x20000044   0x00000004   Data   RW         3349    .data               mc_w.l(errno.o)
    0x20000048   0x00000154   Zero   RW           26    .bss                board.o
    0x2000019c   0x00000068   Zero   RW          329    .bss                main.o
    0x20000204   0x00000004   PAD
    0x20000208   0x00000200   Zero   RW          421    STACK               startup_rvmdk.o


==============================================================================

Image component sizes


      Code (inc. data)   RO Data    RW Data    ZI Data      Debug   Object Name

       818        174          0         24        340      61495   board.o
       200         26          0          0          0       1088   cli_uart.o
       236        108         84         41        104      25672   main.o
       540        514          0          0        512        284   startup_rvmdk.o

    ----------------------------------------------------------------------
      1796        822        116         68        960      88539   Object Totals
         0          0         32          0          0          0   (incl. Generated)
         2          0          0          3          4          0   (incl. Padding)

    ----------------------------------------------------------------------

      Code (inc. data)   RO Data    RW Data    ZI Data      Debug   Library Member Name

        38          0          0          0          0        572   cpu.o
        32          8          0          0          0       3956   fpu.o
       656          8        528          0          0       8288   gpio.o
       120         12          0          0          0       4443   i2c.o
       390         40        268          0          0       4749   interrupt.o
       752         44        452          0          0       3894   sysctl.o
       140          8          0          0          0       2591   timer.o
        58          0          0          0          0        136   sqrtf.o
         0          0          0          0          0          0   entry.o
         0          0          0          0          0          0   entry10a.o
         0          0          0          0          0          0   entry11a.o
         8          4          0          0          0          0   entry2.o
         4          0          0          0          0          0   entry5.o
         0          0          0          0          0          0   entry7b.o
         0          0          0          0          0          0   entry8b.o
         8          4          0          0          0          0   entry9a.o
        12          6          0          4          0         68   errno.o
        30          0          0          0          0          0   handlers.o
        36          8          0          0          0         68   init.o
         0          0          0          0          0          0   iusefp.o
        30          0          0          0          0         68   llshl.o
        36          0          0          0          0         68   llsshr.o
        32          0          0          0          0         68   llushr.o
        36          0          0          0          0        108   memseta.o
       884         10          0          0          0        420   printf6.o
        14          0          0          0          0         68   strlen.o
        44          0          0          0          0         80   uidiv.o
        56          0          0          0          0         88   d2f.o
       334          0          0          0          0        148   dadd.o
       182          0          0          0          0        176   depilogue.o
        34          0          0          0          0         76   dflti.o
       228          0          0          0          0         96   dmul.o
        38          0          0          0          0         68   f2d.o
       110          0          0          0          0        168   fepilogue.o
        50          0          0          0          0         68   ffixi.o
       100          0          0          0          0         76   fmul.o
      1250         22          0          0          0       9906   i2cm_drv.o
       924        112          0          0          0       9444   tmp006.o

    ----------------------------------------------------------------------
      6676        290       1248          4          0      49959   Library Totals
        10          4          0          0          0          0   (incl. Padding)

    ----------------------------------------------------------------------

      Code (inc. data)   RO Data    RW Data    ZI Data      Debug   Library Name

      2128        120       1248          0          0      28493   driverlib.lib
        58          0          0          0          0        136   m_wm.l
      1174         32          0          4          0       1016   mc_w.l
      1132          0          0          0          0        964   mf_w.l
      2174        134          0          0          0      19350   sensorlib.lib

    ----------------------------------------------------------------------
      6676        290       1248          4          0      49959   Library Totals

    ----------------------------------------------------------------------

==============================================================================


      Code (inc. data)   RO Data    RW Data    ZI Data      Debug   

      8472       1112       1364         72        960     132938   Grand Totals
      8472       1112       1364         72        960     132938   ELF Image Totals
      8472       1112       1364         72          0          0   ROM Totals

==============================================================================

    Total RO  Size (Code + RO Data)                 9836 (   9.61kB)
    Total RW  Size (RW Data + ZI Data)              1032 (   1.01kB)
    Total ROM Size (Code + RO Data + RW Data)       9908 (   9.68kB)

==============================================================================

