Product: MDK-ARM Lite 5.10
Component: ARM Compiler 5.04 update 1 (build 49)
Tool: armlink [5040049]

==============================================================================

Section Cross References

    board.o(i.BMP180AppCallback) refers to memseta.o(.text) for __aeabi_memclr4
    board.o(i.BMP180AppCallback) refers to bmp180.o(i.BMP180DataTemperatureGetFloat) for BMP180DataTemperatureGetFloat
    board.o(i.BMP180AppCallback) refers to bmp180.o(i.BMP180DataPressureGetFloat) for BMP180DataPressureGetFloat
    board.o(i.BMP180AppCallback) refers to ffixi.o(.text) for __aeabi_f2iz
    board.o(i.BMP180AppCallback) refers to fmul.o(.text) for __aeabi_fmul
    board.o(i.BMP180AppCallback) refers to printf6.o(i.__0sprintf$6) for __2sprintf
    board.o(i.BMP180AppCallback) refers to cli_uart.o(i.CLI_Write) for CLI_Write
    board.o(i.BMP180AppCallback) refers to fdiv.o(.text) for __aeabi_fdiv
    board.o(i.BMP180AppCallback) refers to powf.o(i.powf) for powf
    board.o(i.BMP180AppCallback) refers to fadd.o(.text) for __aeabi_frsub
    board.o(i.BMP180AppCallback) refers to timer.o(i.TimerEnable) for TimerEnable
    board.o(i.BMP180AppCallback) refers to board.o(.data) for .data
    board.o(i.BMP180AppCallback) refers to board.o(.bss) for .bss
    board.o(i.CC3100_InterruptDisable) refers to gpio.o(i.GPIOIntDisable) for GPIOIntDisable
    board.o(i.CC3100_InterruptEnable) refers to gpio.o(i.GPIOIntEnable) for GPIOIntEnable
    board.o(i.DisableTimer0) refers to timer.o(i.TimerDisable) for TimerDisable
    board.o(i.EnableTimer0) refers to timer.o(i.TimerEnable) for TimerEnable
    board.o(i.GPIOM_intHandler) refers to gpio.o(i.GPIOIntStatus) for GPIOIntStatus
    board.o(i.GPIOM_intHandler) refers to gpio.o(i.GPIOIntClear) for GPIOIntClear
    board.o(i.GPIOM_intHandler) refers to board.o(.data) for .data
    board.o(i.GetLEDStatus) refers to gpio.o(i.GPIOPinRead) for GPIOPinRead
    board.o(i.I2CIntHandler) refers to i2cm_drv.o(i.I2CMIntHandler) for I2CMIntHandler
    board.o(i.I2CIntHandler) refers to board.o(.bss) for .bss
    board.o(i.MaskIntHdlr) refers to board.o(.data) for .data
    board.o(i.TMP006AppCallback) refers to memseta.o(.text) for __aeabi_memclr4
    board.o(i.TMP006AppCallback) refers to tmp006.o(i.TMP006DataTemperatureGetFloat) for TMP006DataTemperatureGetFloat
    board.o(i.TMP006AppCallback) refers to ffixi.o(.text) for __aeabi_f2iz
    board.o(i.TMP006AppCallback) refers to fmul.o(.text) for __aeabi_fmul
    board.o(i.TMP006AppCallback) refers to printf6.o(i.__0sprintf$6) for __2sprintf
    board.o(i.TMP006AppCallback) refers to cli_uart.o(i.CLI_Write) for CLI_Write
    board.o(i.TMP006AppCallback) refers to timer.o(i.TimerEnable) for TimerEnable
    board.o(i.TMP006AppCallback) refers to board.o(.data) for .data
    board.o(i.TMP006AppCallback) refers to board.o(.bss) for .bss
    board.o(i.Timer0IntHandler) refers to timer.o(i.TimerIntClear) for TimerIntClear
    board.o(i.Timer0IntHandler) refers to gpio.o(i.GPIOPinRead) for GPIOPinRead
    board.o(i.Timer0IntHandler) refers to gpio.o(i.GPIOPinWrite) for GPIOPinWrite
    board.o(i.Timer1IntHandler) refers to timer.o(i.TimerIntClear) for TimerIntClear
    board.o(i.Timer1IntHandler) refers to gpio.o(i.GPIOPinRead) for GPIOPinRead
    board.o(i.Timer1IntHandler) refers to gpio.o(i.GPIOPinWrite) for GPIOPinWrite
    board.o(i.Timer1IntHandler) refers to bmp180.o(i.BMP180DataRead) for BMP180DataRead
    board.o(i.Timer1IntHandler) refers to timer.o(i.TimerDisable) for TimerDisable
    board.o(i.Timer1IntHandler) refers to tmp006.o(i.TMP006DataRead) for TMP006DataRead
    board.o(i.Timer1IntHandler) refers to board.o(.data) for .data
    board.o(i.Timer1IntHandler) refers to board.o(.bss) for .bss
    board.o(i.Timer1IntHandler) refers to board.o(i.BMP180AppCallback) for BMP180AppCallback
    board.o(i.Timer1IntHandler) refers to board.o(i.TMP006AppCallback) for TMP006AppCallback
    board.o(i.UnMaskIntHdlr) refers to board.o(.data) for .data
    board.o(i.initClk) refers to fpu.o(i.FPUEnable) for FPUEnable
    board.o(i.initClk) refers to fpu.o(i.FPULazyStackingEnable) for FPULazyStackingEnable
    board.o(i.initClk) refers to sysctl.o(i.SysCtlClockFreqSet) for SysCtlClockFreqSet
    board.o(i.initClk) refers to board.o(.data) for .data
    board.o(i.initI2C) refers to sysctl.o(i.SysCtlPeripheralEnable) for SysCtlPeripheralEnable
    board.o(i.initI2C) refers to gpio.o(i.GPIOPinConfigure) for GPIOPinConfigure
    board.o(i.initI2C) refers to gpio.o(i.GPIOPinTypeI2CSCL) for GPIOPinTypeI2CSCL
    board.o(i.initI2C) refers to gpio.o(i.GPIOPinTypeI2C) for GPIOPinTypeI2C
    board.o(i.initI2C) refers to gpio.o(i.GPIOPinTypeGPIOInput) for GPIOPinTypeGPIOInput
    board.o(i.initI2C) refers to gpio.o(i.GPIOIntEnable) for GPIOIntEnable
    board.o(i.initI2C) refers to gpio.o(i.GPIOIntTypeSet) for GPIOIntTypeSet
    board.o(i.initI2C) refers to interrupt.o(i.IntEnable) for IntEnable
[...]
    ../clib/microlib/longlong.c              0x00000000   Number         0  llsshr.o ABSOLUTE
    ../clib/microlib/longlong.c              0x00000000   Number         0  llushr.o ABSOLUTE
    ../clib/microlib/printf/printf.c         0x00000000   Number         0  printf4.o ABSOLUTE
    ../clib/microlib/printf/printf.c         0x00000000   Number         0  printf6.o ABSOLUTE
    ../clib/microlib/printf/printf.c         0x00000000   Number         0  printf7.o ABSOLUTE
    ../clib/microlib/printf/printf.c         0x00000000   Number         0  printf8.o ABSOLUTE
    ../clib/microlib/printf/printf.c         0x00000000   Number         0  printfa.o ABSOLUTE
    ../clib/microlib/printf/printf.c         0x00000000   Number         0  printfb.o ABSOLUTE
    ../clib/microlib/printf/printf.c         0x00000000   Number         0  printf5.o ABSOLUTE
    ../clib/microlib/printf/printf.c         0x00000000   Number         0  printf0.o ABSOLUTE
    ../clib/microlib/printf/printf.c         0x00000000   Number         0  printf1.o ABSOLUTE
    ../clib/microlib/printf/printf.c         0x00000000   Number         0  printf2.o ABSOLUTE
    ../clib/microlib/printf/printf.c         0x00000000   Number         0  printf3.o ABSOLUTE
    ../clib/microlib/printf/stubs.s          0x00000000   Number         0  stubs.o ABSOLUTE
    ../clib/microlib/stdio/fputc.c           0x00000000   Number         0  fputc.o ABSOLUTE
    ../clib/microlib/stdio/semi.s            0x00000000   Number         0  semi.o ABSOLUTE
    ../clib/microlib/stdio/streams.c         0x00000000   Number         0  stdout.o ABSOLUTE
    ../clib/microlib/string/memcmp.c         0x00000000   Number         0  memcmp.o ABSOLUTE
    ../clib/microlib/string/memcpy.c         0x00000000   Number         0  memcpya.o ABSOLUTE
    ../clib/microlib/string/memcpy.c         0x00000000   Number         0  memcpyb.o ABSOLUTE
    ../clib/microlib/string/memset.c         0x00000000   Number         0  memseta.o ABSOLUTE
    ../clib/microlib/string/strlen.c         0x00000000   Number         0  strlen.o ABSOLUTE
    ../clib/microlib/stubs.s                 0x00000000   Number         0  iusefp.o ABSOLUTE
    ../clib/microlib/stubs.s                 0x00000000   Number         0  iusesemip.o ABSOLUTE
    ../fplib/microlib/d2f.c                  0x00000000   Number         0  d2f.o ABSOLUTE
    ../fplib/microlib/f2d.c                  0x00000000   Number         0  f2d.o ABSOLUTE
    ../fplib/microlib/fpadd.c                0x00000000   Number         0  fadd.o ABSOLUTE
    ../fplib/microlib/fpadd.c                0x00000000   Number         0  dadd.o ABSOLUTE
    ../fplib/microlib/fpdiv.c                0x00000000   Number         0  ddiv.o ABSOLUTE
    ../fplib/microlib/fpdiv.c                0x00000000   Number         0  fdiv.o ABSOLUTE
    ../fplib/microlib/fpepilogue.c           0x00000000   Number         0  depilogue.o ABSOLUTE
    ../fplib/microlib/fpepilogue.c           0x00000000   Number         0  fepilogue.o ABSOLUTE
    ../fplib/microlib/fpfix.c                0x00000000   Number         0  ffixi.o ABSOLUTE
    ../fplib/microlib/fpfix.c                0x00000000   Number         0  dfixul.o ABSOLUTE
    ../fplib/microlib/fpflt.c                0x00000000   Number         0  dflti.o ABSOLUTE
    ../fplib/microlib/fpmul.c                0x00000000   Number         0  fmul.o ABSOLUTE
    ../fplib/microlib/fpmul.c                0x00000000   Number         0  dmul.o ABSOLUTE
    ../fplib/microlib/fpstat.c               0x00000000   Number         0  fpstat.o ABSOLUTE
    ../mathlib/fpclassifyf.c                 0x00000000   Number         0  fpclassifyf.o ABSOLUTE
    ../mathlib/funder.c                      0x00000000   Number         0  funder.o ABSOLUTE
    ../mathlib/powf.c                        0x00000000   Number         0  powf_x.o ABSOLUTE
    ../mathlib/powf.c                        0x00000000   Number         0  powf.o ABSOLUTE
    ../mathlib/sqrtf.c                       0x00000000   Number         0  sqrtf_x.o ABSOLUTE
    ../mathlib/sqrtf.c                       0x00000000   Number         0  sqrtf.o ABSOLUTE
    C:\software\tii\CC3100SDK_1.2.0\cc3100-sdk\simplelink\source\device.c 0x00000000   Number         0  device.o ABSOLUTE
    C:\software\tii\CC3100SDK_1.2.0\cc3100-sdk\simplelink\source\driver.c 0x00000000   Number         0  driver.o ABSOLUTE
    C:\software\tii\CC3100SDK_1.2.0\cc3100-sdk\simplelink\source\flowcont.c 0x00000000   Number         0  flowcont.o ABSOLUTE
    C:\software\tii\CC3100SDK_1.2.0\cc3100-sdk\simplelink\source\fs.c 0x00000000   Number         0  fs.o ABSOLUTE
    C:\software\tii\CC3100SDK_1.2.0\cc3100-sdk\simplelink\source\netapp.c 0x00000000   Number         0  netapp.o ABSOLUTE
    C:\software\tii\CC3100SDK_1.2.0\cc3100-sdk\simplelink\source\netcfg.c 0x00000000   Number         0  netcfg.o ABSOLUTE
    C:\software\tii\CC3100SDK_1.2.0\cc3100-sdk\simplelink\source\nonos.c 0x00000000   Number         0  nonos.o ABSOLUTE
    C:\software\tii\CC3100SDK_1.2.0\cc3100-sdk\simplelink\source\socket.c 0x00000000   Number         0  socket.o ABSOLUTE
    C:\software\tii\CC3100SDK_1.2.0\cc3100-sdk\simplelink\source\spawn.c 0x00000000   Number         0  spawn.o ABSOLUTE
    C:\software\tii\CC3100SDK_1.2.0\cc3100-sdk\simplelink\source\wlan.c 0x00000000   Number         0  wlan.o ABSOLUTE
    bmp180.c                                 0x00000000   Number         0  bmp180.o ABSOLUTE
    board.c                                  0x00000000   Number         0  board.o ABSOLUTE
    cdrcmple.s                               0x00000000   Number         0  cdrcmple.o ABSOLUTE
    cli_uart.c                               0x00000000   Number         0  cli_uart.o ABSOLUTE
    cpu.c                                    0x00000000   Number         0  cpu.o ABSOLUTE
    cpu.c                                    0x00000000   Number         0  cpu.o ABSOLUTE
    dc.s                                     0x00000000   Number         0  dc.o ABSOLUTE
    fpu.c                                    0x00000000   Number         0  fpu.o ABSOLUTE
    gpio.c                                   0x00000000   Number         0  gpio.o ABSOLUTE
    handlers.s                               0x00000000   Number         0  handlers.o ABSOLUTE
    i2c.c                                    0x00000000   Number         0  i2c.o ABSOLUTE
    i2cm_drv.c                               0x00000000   Number         0  i2cm_drv.o ABSOLUTE
    init.s                                   0x00000000   Number         0  init.o ABSOLUTE
    interrupt.c                              0x00000000   Number         0  interrupt.o ABSOLUTE
    main.c                                   0x00000000   Number         0  main.o ABSOLUTE
    spi.c                                    0x00000000   Number         0  spi.o ABSOLUTE
    ssi.c                                    0x00000000   Number         0  ssi.o ABSOLUTE
    startup_rvmdk.S                          0x00000000   Number         0  startup_rvmdk.o ABSOLUTE
    sysctl.c                                 0x00000000   Number         0  sysctl.o ABSOLUTE
    sysctl.c                                 0x00000000   Number         0  sysctl.o ABSOLUTE
    timer.c                                  0x00000000   Number         0  timer.o ABSOLUTE
    tmp006.c                                 0x00000000   Number         0  tmp006.o ABSOLUTE
    NmiSR                                    0x00000215   Thumb Code     0  startup_rvmdk.o(RESET)
    FaultISR                                 0x00000217   Thumb Code     0  startup_rvmdk.o(RESET)
    IntDefaultHandler                        0x00000219   Thumb Code     0  startup_rvmdk.o(RESET)
    .ARM.Collect$$$$00000000                 0x0000021c   Section        0  entry.o(.ARM.Collect$$$$00000000)
    .ARM.Collect$$$$00000001                 0x0000021c   Section        4  entry2.o(.ARM.Collect$$$$00000001)
    .ARM.Collect$$$$00000004                 0x00000220   Section        4  entry5.o(.ARM.Collect$$$$00000004)
    .ARM.Collect$$$$00000008                 0x00000224   Section        0  entry7b.o(.ARM.Collect$$$$00000008)
    .ARM.Collect$$$$0000000A                 0x00000224   Section        0  entry8b.o(.ARM.Collect$$$$0000000A)
    .ARM.Collect$$$$0000000B                 0x00000224   Section        8  entry9a.o(.ARM.Collect$$$$0000000B)
    .ARM.Collect$$$$0000000D                 0x0000022c   Section        0  entry10a.o(.ARM.Collect$$$$0000000D)
    .ARM.Collect$$$$0000000F                 0x0000022c   Section        0  entry11a.o(.ARM.Collect$$$$0000000F)
    .ARM.Collect$$$$00002712                 0x0000022c   Section        4  entry2.o(.ARM.Collect$$$$00002712)
    __lit__00000000                          0x0000022c   Data           4  entry2.o(.ARM.Collect$$$$00002712)
    .emb_text                                0x00000230   Section        6  sysctl.o(.emb_text)
    $v0                                      0x00000230   Number         0  sysctl.o(.emb_text)
    .emb_text                                0x00000238   Section       38  cpu.o(.emb_text)
    $v0                                      0x00000238   Number         0  cpu.o(.emb_text)
    .text                                    0x0000025e   Section        0  memcpya.o(.text)
    .text                                    0x00000282   Section        0  memseta.o(.text)
    .text                                    0x000002a6   Section        0  strlen.o(.text)
    .text                                    0x000002b4   Section        0  memcmp.o(.text)
    .text                                    0x000002ce   Section        0  fadd.o(.text)
    .text                                    0x0000037e   Section        0  fmul.o(.text)
    .text                                    0x000003e2   Section        0  fdiv.o(.text)
    .text                                    0x0000045e   Section        0  dadd.o(.text)
    .text                                    0x000005ac   Section        0  dmul.o(.text)
    .text                                    0x00000690   Section        0  dflti.o(.text)
    .text                                    0x000006b2   Section        0  ffixi.o(.text)
    .text                                    0x000006e4   Section        0  f2d.o(.text)
    .text                                    0x0000070a   Section        0  d2f.o(.text)
    .text                                    0x00000742   Section        0  uidiv.o(.text)
    .text                                    0x0000076e   Section        0  llshl.o(.text)
    .text                                    0x0000078c   Section        0  llsshr.o(.text)
    .text                                    0x000007b0   Section        0  iusefp.o(.text)
    .text                                    0x000007b0   Section        0  fepilogue.o(.text)
    .text                                    0x0000081e   Section        0  depilogue.o(.text)
    .text                                    0x000008d4   Section       36  init.o(.text)
    .text                                    0x000008f8   Section        0  llushr.o(.text)
    i.BMP180AppCallback                      0x00000918   Section        0  board.o(i.BMP180AppCallback)
    i.BMP180Callback                         0x00000a7c   Section        0  bmp180.o(i.BMP180Callback)
    BMP180Callback                           0x00000a7d   Thumb Code   500  bmp180.o(i.BMP180Callback)
    i.BMP180DataPressureGetFloat             0x00000c74   Section        0  bmp180.o(i.BMP180DataPressureGetFloat)
    i.BMP180DataRead                         0x00000e5c   Section        0  bmp180.o(i.BMP180DataRead)
    i.BMP180DataTemperatureGetFloat          0x00000eb8   Section        0  bmp180.o(i.BMP180DataTemperatureGetFloat)
    i.BMP180Init                             0x00000f30   Section        0  bmp180.o(i.BMP180Init)
    i.CC3100_InterruptDisable                0x00000f88   Section        0  board.o(i.CC3100_InterruptDisable)
    i.CC3100_InterruptEnable                 0x00000f94   Section        0  board.o(i.CC3100_InterruptEnable)
    i.CC3100_disable                         0x00000fa0   Section        0  board.o(i.CC3100_disable)
    i.CC3100_enable                          0x00000fb4   Section        0  board.o(i.CC3100_enable)
    i.CLI_Configure                          0x00000fc8   Section        0  cli_uart.o(i.CLI_Configure)
    i.CLI_Write                              0x00001050   Section        0  cli_uart.o(i.CLI_Write)
    i.CopyPingResultsToReport                0x00001090   Section        0  netapp.o(i.CopyPingResultsToReport)
    CopyPingResultsToReport                  0x00001091   Thumb Code    26  netapp.o(i.CopyPingResultsToReport)
    i.DisableTimer0                          0x000010ac   Section        0  board.o(i.DisableTimer0)
    i.EnableTimer0                           0x000010b8   Section        0  board.o(i.EnableTimer0)
    i.FPUEnable                              0x000010c4   Section        0  fpu.o(i.FPUEnable)
    i.FPULazyStackingEnable                  0x000010d4   Section        0  fpu.o(i.FPULazyStackingEnable)
    i.GPIODirModeSet                         0x000010e4   Section        0  gpio.o(i.GPIODirModeSet)
    i.GPIOIntClear                           0x0000110c   Section        0  gpio.o(i.GPIOIntClear)
    i.GPIOIntDisable                         0x00001112   Section        0  gpio.o(i.GPIOIntDisable)
    i.GPIOIntEnable                          0x00001120   Section        0  gpio.o(i.GPIOIntEnable)
    i.GPIOIntStatus                          0x0000112c   Section        0  gpio.o(i.GPIOIntStatus)
    i.GPIOIntTypeSet                         0x0000113a   Section        0  gpio.o(i.GPIOIntTypeSet)
    i.GPIOM_intHandler                       0x0000118c   Section        0  board.o(i.GPIOM_intHandler)
    i.GPIOPadConfigSet                       0x000011c0   Section        0  gpio.o(i.GPIOPadConfigSet)
    i.GPIOPinConfigure                       0x000012f8   Section        0  gpio.o(i.GPIOPinConfigure)
    i.GPIOPinRead                            0x0000133c   Section        0  gpio.o(i.GPIOPinRead)
    i.GPIOPinTypeGPIOInput                   0x00001342   Section        0  gpio.o(i.GPIOPinTypeGPIOInput)
    i.GPIOPinTypeGPIOOutput                  0x0000135e   Section        0  gpio.o(i.GPIOPinTypeGPIOOutput)
    i.GPIOPinTypeI2C                         0x0000137a   Section        0  gpio.o(i.GPIOPinTypeI2C)
    i.GPIOPinTypeI2CSCL                      0x00001396   Section        0  gpio.o(i.GPIOPinTypeI2CSCL)
    i.GPIOPinTypeSSI                         0x000013b2   Section        0  gpio.o(i.GPIOPinTypeSSI)
    i.GPIOPinWrite                           0x000013ce   Section        0  gpio.o(i.GPIOPinWrite)
    i.GetLEDStatus                           0x000013d4   Section        0  board.o(i.GetLEDStatus)
    i.I2CIntHandler                          0x000013fc   Section        0  board.o(i.I2CIntHandler)
    i.I2CMCommand                            0x00001408   Section        0  i2cm_drv.o(i.I2CMCommand)
    i.I2CMInit                               0x00001496   Section        0  i2cm_drv.o(i.I2CMInit)
    i.I2CMIntHandler                         0x000014cc   Section        0  i2cm_drv.o(i.I2CMIntHandler)
    i.I2CMRead                               0x000017e6   Section        0  i2cm_drv.o(i.I2CMRead)
    i.I2CMasterControl                       0x00001806   Section        0  i2c.o(i.I2CMasterControl)
    i.I2CMasterDataGet                       0x0000180a   Section        0  i2c.o(i.I2CMasterDataGet)
    i.I2CMasterDataPut                       0x0000180e   Section        0  i2c.o(i.I2CMasterDataPut)
    i.I2CMasterInitExpClk                    0x00001814   Section        0  i2c.o(i.I2CMasterInitExpClk)
    i.I2CMasterIntClear                      0x00001868   Section        0  i2c.o(i.I2CMasterIntClear)
    i.I2CMasterIntEnableEx                   0x00001870   Section        0  i2c.o(i.I2CMasterIntEnableEx)
    i.I2CMasterSlaveAddrSet                  0x00001878   Section        0  i2c.o(i.I2CMasterSlaveAddrSet)
    i.IntDisable                             0x00001880   Section        0  interrupt.o(i.IntDisable)
    i.IntEnable                              0x000018e4   Section        0  interrupt.o(i.IntEnable)
    i.IntIsEnabled                           0x00001948   Section        0  interrupt.o(i.IntIsEnabled)
    i.IntMasterEnable                        0x000019a8   Section        0  interrupt.o(i.IntMasterEnable)
    i.IntPriorityGroupingSet                 0x000019b8   Section        0  interrupt.o(i.IntPriorityGroupingSet)
    i.IntPrioritySet                         0x000019d4   Section        0  interrupt.o(i.IntPrioritySet)
    i.IntTrigger                             0x000019fc   Section        0  interrupt.o(i.IntTrigger)
    i.SSIBusy                                0x00001a08   Section        0  ssi.o(i.SSIBusy)
    i.SSIConfigSetExpClk                     0x00001a10   Section        0  ssi.o(i.SSIConfigSetExpClk)
    i.SSIDataGetNonBlocking                  0x00001a4a   Section        0  ssi.o(i.SSIDataGetNonBlocking)
    i.SSIDataPutNonBlocking                  0x00001a5e   Section        0  ssi.o(i.SSIDataPutNonBlocking)
    i.SSIEnable                              0x00001a6e   Section        0  ssi.o(i.SSIEnable)
    i.SimpleLinkGeneralEventHandler          0x00001a78   Section        0  main.o(i.SimpleLinkGeneralEventHandler)
    i.SimpleLinkHttpServerCallback           0x00001a94   Section        0  main.o(i.SimpleLinkHttpServerCallback)
    i.SimpleLinkNetAppEventHandler           0x00001c30   Section        0  main.o(i.SimpleLinkNetAppEventHandler)
    i.SimpleLinkSockEventHandler             0x00001ca8   Section        0  main.o(i.SimpleLinkSockEventHandler)
    i.SimpleLinkWlanEventHandler             0x00001cd4   Section        0  main.o(i.SimpleLinkWlanEventHandler)
    i.SysCtlClockFreqSet                     0x00001de0   Section        0  sysctl.o(i.SysCtlClockFreqSet)
    i.SysCtlPeripheralEnable                 0x000020a8   Section        0  sysctl.o(i.SysCtlPeripheralEnable)
    i.TMP006AppCallback                      0x000020d0   Section        0  board.o(i.TMP006AppCallback)
    i.TMP006Callback                         0x000021b0   Section        0  tmp006.o(i.TMP006Callback)
    TMP006Callback                           0x000021b1   Thumb Code   112  tmp006.o(i.TMP006Callback)
    i.TMP006DataRead                         0x00002224   Section        0  tmp006.o(i.TMP006DataRead)
    i.TMP006DataTemperatureGetFloat          0x00002280   Section        0  tmp006.o(i.TMP006DataTemperatureGetFloat)
    i.TMP006Init                             0x00002488   Section        0  tmp006.o(i.TMP006Init)
    i.Timer0IntHandler                       0x000024e8   Section        0  board.o(i.Timer0IntHandler)
    i.Timer1IntHandler                       0x00002518   Section        0  board.o(i.Timer1IntHandler)
    i.TimerConfigure                         0x00002588   Section        0  timer.o(i.TimerConfigure)
    i.TimerDisable                           0x000025e8   Section        0  timer.o(i.TimerDisable)
    i.TimerEnable                            0x000025f8   Section        0  timer.o(i.TimerEnable)
    i.TimerIntClear                          0x00002606   Section        0  timer.o(i.TimerIntClear)
    i.TimerIntEnable                         0x0000260a   Section        0  timer.o(i.TimerIntEnable)
    i.TimerLoadSet                           0x00002612   Section        0  timer.o(i.TimerLoadSet)
    i._SlAsyncEventGenericHandler            0x00002624   Section        0  driver.o(i._SlAsyncEventGenericHandler)
    _SlAsyncEventGenericHandler              0x00002625   Thumb Code   114  driver.o(i._SlAsyncEventGenericHandler)
    i._SlDriverHandleError                   0x000026a0   Section        0  driver.o(i._SlDriverHandleError)
    i._SlDrvBasicCmd                         0x000026f8   Section        0  driver.o(i._SlDrvBasicCmd)
    i._SlDrvClassifyRxMsg                    0x00002728   Section        0  driver.o(i._SlDrvClassifyRxMsg)
    _SlDrvClassifyRxMsg                      0x00002729   Thumb Code   100  driver.o(i._SlDrvClassifyRxMsg)
    i._SlDrvCmdOp                            0x0000279c   Section        0  driver.o(i._SlDrvCmdOp)
    i._SlDrvCmdSend                          0x00002808   Section        0  driver.o(i._SlDrvCmdSend)
    i._SlDrvDeviceEventHandler               0x00002858   Section        0  device.o(i._SlDrvDeviceEventHandler)
    i._SlDrvDispatchHttpServerEvents         0x000028ba   Section        0  driver.o(i._SlDrvDispatchHttpServerEvents)
    i._SlDrvDriverCBDeinit                   0x000028c0   Section        0  driver.o(i._SlDrvDriverCBDeinit)
    i._SlDrvDriverCBInit                     0x0000294c   Section        0  driver.o(i._SlDrvDriverCBInit)
    i._SlDrvGlobalObjUnLock                  0x00002a2c   Section        0  driver.o(i._SlDrvGlobalObjUnLock)
    i._SlDrvMemZero                          0x00002a3c   Section        0  driver.o(i._SlDrvMemZero)
    i._SlDrvMsgRead                          0x00002a40   Section        0  driver.o(i._SlDrvMsgRead)
    _SlDrvMsgRead                            0x00002a41   Thumb Code   808  driver.o(i._SlDrvMsgRead)
    i._SlDrvMsgReadCmdCtx                    0x00002d70   Section        0  driver.o(i._SlDrvMsgReadCmdCtx)
    _SlDrvMsgReadCmdCtx                      0x00002d71   Thumb Code   196  driver.o(i._SlDrvMsgReadCmdCtx)
    i._SlDrvMsgReadSpawnCtx                  0x00002e3c   Section        0  driver.o(i._SlDrvMsgReadSpawnCtx)
    i._SlDrvMsgWrite                         0x00002eac   Section        0  driver.o(i._SlDrvMsgWrite)
    _SlDrvMsgWrite                           0x00002ead   Thumb Code   258  driver.o(i._SlDrvMsgWrite)
    i._SlDrvNetAppEventHandler               0x00002fb8   Section        0  netapp.o(i._SlDrvNetAppEventHandler)
    i._SlDrvObjGlobalLockWaitForever         0x00003084   Section        0  driver.o(i._SlDrvObjGlobalLockWaitForever)
    _SlDrvObjGlobalLockWaitForever           0x00003085   Thumb Code    28  driver.o(i._SlDrvObjGlobalLockWaitForever)
    i._SlDrvProtectAsyncRespSetting          0x000030a4   Section        0  driver.o(i._SlDrvProtectAsyncRespSetting)
    i._SlDrvProtectionObjLockWaitForever     0x000030d8   Section        0  driver.o(i._SlDrvProtectionObjLockWaitForever)
    i._SlDrvProtectionObjUnLock              0x000030ec   Section        0  driver.o(i._SlDrvProtectionObjUnLock)
    i._SlDrvReleasePoolObj                   0x000030fc   Section        0  driver.o(i._SlDrvReleasePoolObj)
    i._SlDrvResetCmdExt                      0x000031c4   Section        0  driver.o(i._SlDrvResetCmdExt)
    i._SlDrvRxHdrRead                        0x000031cc   Section        0  driver.o(i._SlDrvRxHdrRead)
    _SlDrvRxHdrRead                          0x000031cd   Thumb Code   318  driver.o(i._SlDrvRxHdrRead)
    i._SlDrvRxIrqHandler                     0x0000331c   Section        0  driver.o(i._SlDrvRxIrqHandler)
    i._SlDrvSyncObjSignal                    0x00003354   Section        0  driver.o(i._SlDrvSyncObjSignal)
    i._SlDrvSyncObjWaitForever               0x0000335c   Section        0  driver.o(i._SlDrvSyncObjWaitForever)
    i._SlDrvSyncObjWaitTimeout               0x00003380   Section        0  driver.o(i._SlDrvSyncObjWaitTimeout)
    i._SlDrvWaitForPoolObj                   0x000033b4   Section        0  driver.o(i._SlDrvWaitForPoolObj)
    i._SlFindAndSetActiveObj                 0x00003478   Section        0  driver.o(i._SlFindAndSetActiveObj)
    _SlFindAndSetActiveObj                   0x00003479   Thumb Code   136  driver.o(i._SlFindAndSetActiveObj)
    i._SlNonOsMainLoopTask                   0x00003508   Section        0  nonos.o(i._SlNonOsMainLoopTask)
    i._SlNonOsSemGet                         0x0000353c   Section        0  nonos.o(i._SlNonOsSemGet)
    i._SlNonOsSemSet                         0x0000358c   Section        0  nonos.o(i._SlNonOsSemSet)
    i._SlNonOsSpawn                          0x00003594   Section        0  nonos.o(i._SlNonOsSpawn)
    i._SlRemoveFromList                      0x000035c0   Section        0  driver.o(i._SlRemoveFromList)
    _SlRemoveFromList                        0x000035c1   Thumb Code    84  driver.o(i._SlRemoveFromList)
    i.__0sprintf$6                           0x00003618   Section        0  printf6.o(i.__0sprintf$6)
    i.__ARM_fpclassifyf                      0x00003640   Section        0  fpclassifyf.o(i.__ARM_fpclassifyf)
    i.__hardfp_powf                          0x00003668   Section        0  powf.o(i.__hardfp_powf)
    i.__hardfp_sqrtf                         0x00003c94   Section        0  sqrtf.o(i.__hardfp_sqrtf)
    i.__mathlib_flt_underflow                0x00003cd0   Section        0  funder.o(i.__mathlib_flt_underflow)
    i.__scatterload_copy                     0x00003ce0   Section       14  handlers.o(i.__scatterload_copy)
    i.__scatterload_null                     0x00003cee   Section        2  handlers.o(i.__scatterload_null)
    i.__scatterload_zeroinit                 0x00003cf0   Section       14  handlers.o(i.__scatterload_zeroinit)
    i.__set_errno                            0x00003d00   Section        0  errno.o(i.__set_errno)
    i._printf_core                           0x00003d0c   Section        0  printf6.o(i._printf_core)
    _printf_core                             0x00003d0d   Thumb Code   748  printf6.o(i._printf_core)
    i._printf_post_padding                   0x00003ffc   Section        0  printf6.o(i._printf_post_padding)
    _printf_post_padding                     0x00003ffd   Thumb Code    36  printf6.o(i._printf_post_padding)
    i._printf_pre_padding                    0x00004020   Section        0  printf6.o(i._printf_pre_padding)
    _printf_pre_padding                      0x00004021   Thumb Code    46  printf6.o(i._printf_pre_padding)
    i._sl_GetStartResponseConvert            0x00004050   Section        0  device.o(i._sl_GetStartResponseConvert)
    _sl_GetStartResponseConvert              0x00004051   Thumb Code    10  device.o(i._sl_GetStartResponseConvert)
    i._sl_HandleAsync_Accept                 0x00004060   Section        0  socket.o(i._sl_HandleAsync_Accept)
    i._sl_HandleAsync_Connect                0x000040b8   Section        0  socket.o(i._sl_HandleAsync_Connect)
    i._sl_HandleAsync_DnsGetHostByName       0x0000411c   Section        0  netapp.o(i._sl_HandleAsync_DnsGetHostByName)
    i._sl_HandleAsync_DnsGetHostByService    0x00004170   Section        0  netapp.o(i._sl_HandleAsync_DnsGetHostByService)
    i._sl_HandleAsync_InitComplete           0x000041d4   Section        0  device.o(i._sl_HandleAsync_InitComplete)
    i._sl_HandleAsync_PingResponse           0x00004234   Section        0  netapp.o(i._sl_HandleAsync_PingResponse)
    i._sl_HandleAsync_Select                 0x00004298   Section        0  socket.o(i._sl_HandleAsync_Select)
    i._sl_HandleAsync_Stop                   0x000042dc   Section        0  device.o(i._sl_HandleAsync_Stop)
    i._sl_NetAppSendTokenValue               0x0000431c   Section        0  netapp.o(i._sl_NetAppSendTokenValue)
    i._sputc                                 0x0000436c   Section        0  printf6.o(i._sputc)
    _sputc                                   0x0000436d   Thumb Code    10  printf6.o(i._sputc)
    i.configureSimpleLinkToDefaultState      0x00004378   Section        0  main.o(i.configureSimpleLinkToDefaultState)
    configureSimpleLinkToDefaultState        0x00004379   Thumb Code   318  main.o(i.configureSimpleLinkToDefaultState)
    i.initClk                                0x000044c0   Section        0  board.o(i.initClk)
    i.initI2C                                0x000044e4   Section        0  board.o(i.initI2C)
    i.initLEDs                               0x000045bc   Section        0  board.o(i.initLEDs)
    i.initTimer                              0x00004618   Section        0  board.o(i.initTimer)
    i.initTimer1                             0x00004674   Section        0  board.o(i.initTimer1)
    i.initializeAppVariables                 0x000046d0   Section        0  main.o(i.initializeAppVariables)
    initializeAppVariables                   0x000046d1   Thumb Code    60  main.o(i.initializeAppVariables)
    i.main                                   0x00004714   Section        0  main.o(i.main)
    i.powf                                   0x00004b18   Section        0  powf.o(i.powf)
    i.registerInterruptHandler               0x00004b2c   Section        0  board.o(i.registerInterruptHandler)
    i.sl_DevGet                              0x00004b38   Section        0  device.o(i.sl_DevGet)
    i.sl_NetAppGet                           0x00004bb8   Section        0  netapp.o(i.sl_NetAppGet)
    i.sl_NetAppMDNSRegisterUnregisterService 0x00004c28   Section        0  netapp.o(i.sl_NetAppMDNSRegisterUnregisterService)
    i.sl_NetAppMDNSUnRegisterService         0x00004cb4   Section        0  netapp.o(i.sl_NetAppMDNSUnRegisterService)
    i.sl_NetAppSet                           0x00004cdc   Section        0  netapp.o(i.sl_NetAppSet)
    i.sl_NetCfgSet                           0x00004d34   Section        0  netcfg.o(i.sl_NetCfgSet)
    i.sl_Start                               0x00004d8c   Section        0  device.o(i.sl_Start)
    i.sl_Stop                                0x00004e2c   Section        0  device.o(i.sl_Stop)
    i.sl_WlanDisconnect                      0x00004ec8   Section        0  wlan.o(i.sl_WlanDisconnect)
    i.sl_WlanPolicySet                       0x00004ee4   Section        0  wlan.o(i.sl_WlanPolicySet)
    i.sl_WlanProfileDel                      0x00004f34   Section        0  wlan.o(i.sl_WlanProfileDel)
    i.sl_WlanRxFilterSet                     0x00004f64   Section        0  wlan.o(i.sl_WlanRxFilterSet)
    i.sl_WlanSet                             0x00004fb0   Section        0  wlan.o(i.sl_WlanSet)
    i.sl_WlanSetMode                         0x00005008   Section        0  wlan.o(i.sl_WlanSetMode)
    i.spi_Close                              0x00005038   Section        0  spi.o(i.spi_Close)
    i.spi_Open                               0x00005044   Section        0  spi.o(i.spi_Open)
    i.spi_Read                               0x0000516c   Section        0  spi.o(i.spi_Read)
    i.spi_Write                              0x000051cc   Section        0  spi.o(i.spi_Write)
    i.stopWDT                                0x0000522c   Section        0  board.o(i.stopWDT)
    i.turnLedOff                             0x00005230   Section        0  board.o(i.turnLedOff)
    i.turnLedOn                              0x00005250   Section        0  board.o(i.turnLedOn)
    .constdata                               0x00005270   Section       28  device.o(.constdata)
    _SlStopCmdCtrl                           0x00005270   Data           4  device.o(.constdata)
    _SlEventMaskSetCmdCtrl                   0x00005274   Data           4  device.o(.constdata)
    _SlEventMaskGetCmdCtrl                   0x00005278   Data           4  device.o(.constdata)
    _SlDeviceGetCmdCtrl                      0x0000527c   Data           4  device.o(.constdata)
    _SlDeviceSetCmdCtrl                      0x00005280   Data           4  device.o(.constdata)
    StartResponseLUT                         0x00005284   Data           8  device.o(.constdata)
    .constdata                               0x0000528c   Section      164  driver.o(.constdata)
    g_H2NSyncPattern                         0x0000528c   Data           8  driver.o(.constdata)
    g_H2NCnysPattern                         0x00005294   Data           8  driver.o(.constdata)
    RxMsgClassLUT                            0x00005310   Data          32  driver.o(.constdata)
    .constdata                               0x00005330   Section       40  netapp.o(.constdata)
    _SlNetAppStartCtrl                       0x00005330   Data           4  netapp.o(.constdata)
    _SlNetAppStopCtrl                        0x00005334   Data           4  netapp.o(.constdata)
    _SlGetServiceListeCtrl                   0x00005338   Data           4  netapp.o(.constdata)
    _SlRegisterServiceCtrl                   0x0000533c   Data           4  netapp.o(.constdata)
    _SlGetHostByServiceCtrl                  0x00005340   Data           4  netapp.o(.constdata)
    _SlGetHostByNameCtrl                     0x00005344   Data           4  netapp.o(.constdata)
    _SlNetAppSetCmdCtrl                      0x00005348   Data           4  netapp.o(.constdata)
    _SlNetAppGetCmdCtrl                      0x00005350   Data           4  netapp.o(.constdata)
    .constdata                               0x00005358   Section        8  netcfg.o(.constdata)
    _SlNetCfgSetCmdCtrl                      0x00005358   Data           4  netcfg.o(.constdata)
    _SlNetCfgGetCmdCtrl                      0x0000535c   Data           4  netcfg.o(.constdata)
    .constdata                               0x00005360   Section       52  wlan.o(.constdata)
    _SlPolicySetCmdCtrl                      0x00005360   Data           4  wlan.o(.constdata)
    _SlPolicyGetCmdCtrl                      0x00005364   Data           4  wlan.o(.constdata)
    _SlProfileGetCmdCtrl                     0x00005368   Data           4  wlan.o(.constdata)
    _SlProfileDelCmdCtrl                     0x0000536c   Data           4  wlan.o(.constdata)
    _SlWlanGetNetworkListCtrl                0x00005370   Data           4  wlan.o(.constdata)
    _SlRxFilterAddtCmdCtrl                   0x00005374   Data           4  wlan.o(.constdata)
    _SlRxFilterSetCmdCtrl                    0x00005378   Data           4  wlan.o(.constdata)
    _SlRxFilterGetCmdCtrl                    0x0000537c   Data           4  wlan.o(.constdata)
    _SlSmartConfigStartCmdCtrl               0x00005380   Data           4  wlan.o(.constdata)
    _SlWlanSetModeCmdCtrl                    0x00005384   Data           4  wlan.o(.constdata)
    _SlWlanCfgSetCmdCtrl                     0x00005388   Data           4  wlan.o(.constdata)
    _SlWlanCfgGetCmdCtrl                     0x0000538c   Data           4  wlan.o(.constdata)
    .constdata                               0x00005394   Section      528  gpio.o(.constdata)
    g_ppui32GPIOIntMapBlizzard               0x00005394   Data         192  gpio.o(.constdata)
    g_ppui32GPIOIntMapSnowflake              0x00005454   Data         192  gpio.o(.constdata)
    g_pui32GPIOBaseAddrs                     0x00005514   Data         144  gpio.o(.constdata)
    .constdata                               0x000055a4   Section      268  interrupt.o(.constdata)
    g_pui32Priority                          0x000055a4   Data          32  interrupt.o(.constdata)
    g_pui32Regs                              0x000055c4   Data         156  interrupt.o(.constdata)
    g_pui32EnRegs                            0x00005660   Data          20  interrupt.o(.constdata)
    g_pui32Dii16Regs                         0x00005674   Data          20  interrupt.o(.constdata)
    g_pui32PendRegs                          0x00005688   Data          20  interrupt.o(.constdata)
    g_pui32UnpendRegs                        0x0000569c   Data          20  interrupt.o(.constdata)
    .constdata                               0x000056b0   Section      452  sysctl.o(.constdata)
    g_pui32VCOFrequencies                    0x000056b0   Data           8  sysctl.o(.constdata)
    g_pui32Xtals                             0x000056b8   Data         108  sysctl.o(.constdata)
    g_pppui32XTALtoVCO                       0x00005724   Data         288  sysctl.o(.constdata)
    g_sXTALtoMEMTIM                          0x00005844   Data          48  sysctl.o(.constdata)
    .constdata                               0x00005874   Section      320  powf.o(.constdata)
    table                                    0x00005874   Data         128  powf.o(.constdata)
    powersof2to1over16top                    0x000058f4   Data          64  powf.o(.constdata)
    powersof2to1over16bot                    0x00005934   Data          64  powf.o(.constdata)
    powersof2to1over16all                    0x00005974   Data          64  powf.o(.constdata)
    .conststring                             0x000059b4   Section       84  main.o(.conststring)
    .data                                    0x20000000   Section       16  board.o(.data)
    .data                                    0x20000010   Section       41  main.o(.data)
    .data                                    0x2000003c   Section        8  driver.o(.data)
    gFirstCmdMode                            0x2000003c   Data           1  driver.o(.data)
    .data                                    0x20000044   Section        4  driver.o(.data)
    .data                                    0x20000048   Section        4  errno.o(.data)
    _errno                                   0x20000048   Data           4  errno.o(.data)
    .bss                                     0x2000004c   Section      408  board.o(.bss)
    .bss                                     0x200001e4   Section      104  main.o(.bss)
    .bss                                     0x2000024c   Section      360  driver.o(.bss)
    g_StatMem                                0x2000024c   Data         360  driver.o(.bss)
    .bss                                     0x200003b4   Section       60  nonos.o(.bss)
    STACK                                    0x200003f0   Section      512  startup_rvmdk.o(STACK)
    StackMem                                 0x200003f0   Data           0  startup_rvmdk.o(STACK)

    Global Symbols

    Symbol Name                              Value     Ov Type        Size  Object(Section)

    BuildAttributes$$THM_ISAv4$E$P$D$K$B$S$7EM$VFPi3$EXTD16$VFPS$VFMA$PE$A:L22UL41UL21$X:L11$S22US41US21$IEEE1$IW$USESV6$~STKCKD$USESV7$~SHL$OTIME$ROPI$IEEEX$EBA8$MICROLIB$REQ8$PRES8$EABIv2 0x00000000   Number         0  anon$$obj.o ABSOLUTE
    __ARM_use_no_argv                        0x00000000   Number         0  main.o ABSOLUTE
    __Vectors                                0x00000000   Data           0  startup_rvmdk.o(RESET)
    _printf_a                                0x00000000   Number         0  stubs.o ABSOLUTE
    _printf_c                                0x00000000   Number         0  stubs.o ABSOLUTE
    _printf_charcount                        0x00000000   Number         0  stubs.o ABSOLUTE
    _printf_d                                0x00000000   Number         0  stubs.o ABSOLUTE
    _printf_e                                0x00000000   Number         0  stubs.o ABSOLUTE
    _printf_f                                0x00000000   Number         0  stubs.o ABSOLUTE
    _printf_flags                            0x00000000   Number         0  stubs.o ABSOLUTE
    _printf_fp_dec                           0x00000000   Number         0  stubs.o ABSOLUTE
    _printf_fp_hex                           0x00000000   Number         0  stubs.o ABSOLUTE
    _printf_g                                0x00000000   Number         0  stubs.o ABSOLUTE
    _printf_i                                0x00000000   Number         0  stubs.o ABSOLUTE
    _printf_int_dec                          0x00000000   Number         0  stubs.o ABSOLUTE
    _printf_l                                0x00000000   Number         0  stubs.o ABSOLUTE
    _printf_lc                               0x00000000   Number         0  stubs.o ABSOLUTE
    _printf_ll                               0x00000000   Number         0  stubs.o ABSOLUTE
    _printf_lld                              0x00000000   Number         0  stubs.o ABSOLUTE
    _printf_lli                              0x00000000   Number         0  stubs.o ABSOLUTE
    _printf_llo                              0x00000000   Number         0  stubs.o ABSOLUTE
    _printf_llu                              0x00000000   Number         0  stubs.o ABSOLUTE
    _printf_llx                              0x00000000   Number         0  stubs.o ABSOLUTE
    _printf_longlong_dec                     0x00000000   Number         0  stubs.o ABSOLUTE
    _printf_longlong_hex                     0x00000000   Number         0  stubs.o ABSOLUTE
    _printf_longlong_oct                     0x00000000   Number         0  stubs.o ABSOLUTE
    _printf_ls                               0x00000000   Number         0  stubs.o ABSOLUTE
    _printf_mbtowc                           0x00000000   Number         0  stubs.o ABSOLUTE
    _printf_n                                0x00000000   Number         0  stubs.o ABSOLUTE
    _printf_o                                0x00000000   Number         0  stubs.o ABSOLUTE
    _printf_p                                0x00000000   Number         0  stubs.o ABSOLUTE
    _printf_percent                          0x00000000   Number         0  stubs.o ABSOLUTE
    _printf_pre_padding                      0x00000000   Number         0  stubs.o ABSOLUTE
    _printf_return_value                     0x00000000   Number         0  stubs.o ABSOLUTE
    _printf_s                                0x00000000   Number         0  stubs.o ABSOLUTE
    _printf_sizespec                         0x00000000   Number         0  stubs.o ABSOLUTE
    _printf_str                              0x00000000   Number         0  stubs.o ABSOLUTE
    _printf_truncate_signed                  0x00000000   Number         0  stubs.o ABSOLUTE
    _printf_truncate_unsigned                0x00000000   Number         0  stubs.o ABSOLUTE
    _printf_u                                0x00000000   Number         0  stubs.o ABSOLUTE
    _printf_wc                               0x00000000   Number         0  stubs.o ABSOLUTE
    _printf_wctomb                           0x00000000   Number         0  stubs.o ABSOLUTE
    _printf_widthprec                        0x00000000   Number         0  stubs.o ABSOLUTE
    _printf_x                                0x00000000   Number         0  stubs.o ABSOLUTE
    __cpp_initialize__aeabi_                  - Undefined Weak Reference
    __cxa_finalize                            - Undefined Weak Reference
    __decompress                              - Undefined Weak Reference
    _clock_init                               - Undefined Weak Reference
    _microlib_exit                            - Undefined Weak Reference
    Reset_Handler                            0x00000201   Thumb Code     0  startup_rvmdk.o(RESET)
    __main                                   0x0000021d   Thumb Code     0  entry.o(.ARM.Collect$$$$00000000)
    _main_stk                                0x0000021d   Thumb Code     0  entry2.o(.ARM.Collect$$$$00000001)
    _main_scatterload                        0x00000221   Thumb Code     0  entry5.o(.ARM.Collect$$$$00000004)
    __main_after_scatterload                 0x00000225   Thumb Code     0  entry5.o(.ARM.Collect$$$$00000004)
    _main_clock                              0x00000225   Thumb Code     0  entry7b.o(.ARM.Collect$$$$00000008)
    _main_cpp_init                           0x00000225   Thumb Code     0  entry8b.o(.ARM.Collect$$$$0000000A)
    _main_init                               0x00000225   Thumb Code     0  entry9a.o(.ARM.Collect$$$$0000000B)
    __rt_final_cpp                           0x0000022d   Thumb Code     0  entry10a.o(.ARM.Collect$$$$0000000D)
    __rt_final_exit                          0x0000022d   Thumb Code     0  entry11a.o(.ARM.Collect$$$$0000000F)
    SysCtlDelay                              0x00000231   Thumb Code     6  sysctl.o(.emb_text)
    CPUcpsid                                 0x00000239   Thumb Code     8  cpu.o(.emb_text)
    CPUprimask                               0x00000241   Thumb Code     6  cpu.o(.emb_text)
    CPUcpsie                                 0x00000247   Thumb Code     8  cpu.o(.emb_text)
    CPUwfi                                   0x0000024f   Thumb Code     4  cpu.o(.emb_text)
    CPUbasepriSet                            0x00000253   Thumb Code     6  cpu.o(.emb_text)
    CPUbasepriGet                            0x00000259   Thumb Code     6  cpu.o(.emb_text)
    __aeabi_memcpy                           0x0000025f   Thumb Code    36  memcpya.o(.text)
    __aeabi_memcpy4                          0x0000025f   Thumb Code     0  memcpya.o(.text)
    __aeabi_memcpy8                          0x0000025f   Thumb Code     0  memcpya.o(.text)
    __aeabi_memset                           0x00000283   Thumb Code    14  memseta.o(.text)
    __aeabi_memset4                          0x00000283   Thumb Code     0  memseta.o(.text)
    __aeabi_memset8                          0x00000283   Thumb Code     0  memseta.o(.text)
    __aeabi_memclr                           0x00000291   Thumb Code     4  memseta.o(.text)
    __aeabi_memclr4                          0x00000291   Thumb Code     0  memseta.o(.text)
    __aeabi_memclr8                          0x00000291   Thumb Code     0  memseta.o(.text)
    _memset$wrapper                          0x00000295   Thumb Code    18  memseta.o(.text)
    strlen                                   0x000002a7   Thumb Code    14  strlen.o(.text)
    memcmp                                   0x000002b5   Thumb Code    26  memcmp.o(.text)
    __aeabi_fadd                             0x000002cf   Thumb Code   164  fadd.o(.text)
    __aeabi_fsub                             0x00000373   Thumb Code     6  fadd.o(.text)
    __aeabi_frsub                            0x00000379   Thumb Code     6  fadd.o(.text)
    __aeabi_fmul                             0x0000037f   Thumb Code   100  fmul.o(.text)
    __aeabi_fdiv                             0x000003e3   Thumb Code   124  fdiv.o(.text)
    __aeabi_dadd                             0x0000045f   Thumb Code   322  dadd.o(.text)
    __aeabi_dsub                             0x000005a1   Thumb Code     6  dadd.o(.text)
    __aeabi_drsub                            0x000005a7   Thumb Code     6  dadd.o(.text)
    __aeabi_dmul                             0x000005ad   Thumb Code   228  dmul.o(.text)
    __aeabi_i2d                              0x00000691   Thumb Code    34  dflti.o(.text)
    __aeabi_f2iz                             0x000006b3   Thumb Code    50  ffixi.o(.text)
    __aeabi_f2d                              0x000006e5   Thumb Code    38  f2d.o(.text)
    __aeabi_d2f                              0x0000070b   Thumb Code    56  d2f.o(.text)
    __aeabi_uidiv                            0x00000743   Thumb Code     0  uidiv.o(.text)
    __aeabi_uidivmod                         0x00000743   Thumb Code    44  uidiv.o(.text)
    __aeabi_llsl                             0x0000076f   Thumb Code    30  llshl.o(.text)
    _ll_shift_l                              0x0000076f   Thumb Code     0  llshl.o(.text)
    __aeabi_lasr                             0x0000078d   Thumb Code    36  llsshr.o(.text)
    _ll_sshift_r                             0x0000078d   Thumb Code     0  llsshr.o(.text)
    __I$use$fp                               0x000007b1   Thumb Code     0  iusefp.o(.text)
    _float_round                             0x000007b1   Thumb Code    18  fepilogue.o(.text)
    _float_epilogue                          0x000007c3   Thumb Code    92  fepilogue.o(.text)
    _double_round                            0x0000081f   Thumb Code    26  depilogue.o(.text)
    _double_epilogue                         0x00000839   Thumb Code   156  depilogue.o(.text)
    __scatterload                            0x000008d5   Thumb Code    28  init.o(.text)
    __scatterload_rt2                        0x000008d5   Thumb Code     0  init.o(.text)
    __aeabi_llsr                             0x000008f9   Thumb Code    32  llushr.o(.text)
    _ll_ushift_r                             0x000008f9   Thumb Code     0  llushr.o(.text)
    BMP180AppCallback                        0x00000919   Thumb Code   260  board.o(i.BMP180AppCallback)
    BMP180DataPressureGetFloat               0x00000c75   Thumb Code   438  bmp180.o(i.BMP180DataPressureGetFloat)
    BMP180DataRead                           0x00000e5d   Thumb Code    86  bmp180.o(i.BMP180DataRead)
    BMP180DataTemperatureGetFloat            0x00000eb9   Thumb Code   106  bmp180.o(i.BMP180DataTemperatureGetFloat)
    BMP180Init                               0x00000f31   Thumb Code    82  bmp180.o(i.BMP180Init)
    CC3100_InterruptDisable                  0x00000f89   Thumb Code     8  board.o(i.CC3100_InterruptDisable)
    CC3100_InterruptEnable                   0x00000f95   Thumb Code     8  board.o(i.CC3100_InterruptEnable)
    CC3100_disable                           0x00000fa1   Thumb Code    16  board.o(i.CC3100_disable)
    CC3100_enable                            0x00000fb5   Thumb Code    16  board.o(i.CC3100_enable)
    CLI_Configure                            0x00000fc9   Thumb Code   116  cli_uart.o(i.CLI_Configure)
    CLI_Write                                0x00001051   Thumb Code    58  cli_uart.o(i.CLI_Write)
    DisableTimer0                            0x000010ad   Thumb Code     8  board.o(i.DisableTimer0)
    EnableTimer0                             0x000010b9   Thumb Code     8  board.o(i.EnableTimer0)
    FPUEnable                                0x000010c5   Thumb Code    12  fpu.o(i.FPUEnable)
    FPULazyStackingEnable                    0x000010d5   Thumb Code    12  fpu.o(i.FPULazyStackingEnable)
    GPIODirModeSet                           0x000010e5   Thumb Code    40  gpio.o(i.GPIODirModeSet)
    GPIOIntClear                             0x0000110d   Thumb Code     6  gpio.o(i.GPIOIntClear)
    GPIOIntDisable                           0x00001113   Thumb Code    14  gpio.o(i.GPIOIntDisable)
    GPIOIntEnable                            0x00001121   Thumb Code    12  gpio.o(i.GPIOIntEnable)
    GPIOIntStatus                            0x0000112d   Thumb Code    14  gpio.o(i.GPIOIntStatus)
    GPIOIntTypeSet                           0x0000113b   Thumb Code    80  gpio.o(i.GPIOIntTypeSet)
    GPIOM_intHandler                         0x0000118d   Thumb Code    44  board.o(i.GPIOM_intHandler)
    GPIOPadConfigSet                         0x000011c1   Thumb Code   312  gpio.o(i.GPIOPadConfigSet)
    GPIOPinConfigure                         0x000012f9   Thumb Code    60  gpio.o(i.GPIOPinConfigure)
    GPIOPinRead                              0x0000133d   Thumb Code     6  gpio.o(i.GPIOPinRead)
    GPIOPinTypeGPIOInput                     0x00001343   Thumb Code    28  gpio.o(i.GPIOPinTypeGPIOInput)
    GPIOPinTypeGPIOOutput                    0x0000135f   Thumb Code    28  gpio.o(i.GPIOPinTypeGPIOOutput)
    GPIOPinTypeI2C                           0x0000137b   Thumb Code    28  gpio.o(i.GPIOPinTypeI2C)
    GPIOPinTypeI2CSCL                        0x00001397   Thumb Code    28  gpio.o(i.GPIOPinTypeI2CSCL)
    GPIOPinTypeSSI                           0x000013b3   Thumb Code    28  gpio.o(i.GPIOPinTypeSSI)
    GPIOPinWrite                             0x000013cf   Thumb Code     6  gpio.o(i.GPIOPinWrite)
    GetLEDStatus                             0x000013d5   Thumb Code    36  board.o(i.GetLEDStatus)
    I2CIntHandler                            0x000013fd   Thumb Code     6  board.o(i.I2CIntHandler)
    I2CMCommand                              0x00001409   Thumb Code   142  i2cm_drv.o(i.I2CMCommand)
    I2CMInit                                 0x00001497   Thumb Code    54  i2cm_drv.o(i.I2CMInit)
    I2CMIntHandler                           0x000014cd   Thumb Code   794  i2cm_drv.o(i.I2CMIntHandler)
    I2CMRead                                 0x000017e7   Thumb Code    32  i2cm_drv.o(i.I2CMRead)
    I2CMasterControl                         0x00001807   Thumb Code     4  i2c.o(i.I2CMasterControl)
    I2CMasterDataGet                         0x0000180b   Thumb Code     4  i2c.o(i.I2CMasterDataGet)
    I2CMasterDataPut                         0x0000180f   Thumb Code     4  i2c.o(i.I2CMasterDataPut)
    I2CMasterInitExpClk                      0x00001815   Thumb Code    72  i2c.o(i.I2CMasterInitExpClk)
    I2CMasterIntClear                        0x00001869   Thumb Code     8  i2c.o(i.I2CMasterIntClear)
    I2CMasterIntEnableEx                     0x00001871   Thumb Code     8  i2c.o(i.I2CMasterIntEnableEx)
    I2CMasterSlaveAddrSet                    0x00001879   Thumb Code     8  i2c.o(i.I2CMasterSlaveAddrSet)
    IntDisable                               0x00001881   Thumb Code    92  interrupt.o(i.IntDisable)
    IntEnable                                0x000018e5   Thumb Code    92  interrupt.o(i.IntEnable)
    IntIsEnabled                             0x00001949   Thumb Code    88  interrupt.o(i.IntIsEnabled)
    IntMasterEnable                          0x000019a9   Thumb Code    14  interrupt.o(i.IntMasterEnable)
    IntPriorityGroupingSet                   0x000019b9   Thumb Code    20  interrupt.o(i.IntPriorityGroupingSet)
    IntPrioritySet                           0x000019d5   Thumb Code    36  interrupt.o(i.IntPrioritySet)
    IntTrigger                               0x000019fd   Thumb Code     8  interrupt.o(i.IntTrigger)
    SSIBusy                                  0x00001a09   Thumb Code     8  ssi.o(i.SSIBusy)
    SSIConfigSetExpClk                       0x00001a11   Thumb Code    58  ssi.o(i.SSIConfigSetExpClk)
    SSIDataGetNonBlocking                    0x00001a4b   Thumb Code    20  ssi.o(i.SSIDataGetNonBlocking)
    SSIDataPutNonBlocking                    0x00001a5f   Thumb Code    16  ssi.o(i.SSIDataPutNonBlocking)
    SSIEnable                                0x00001a6f   Thumb Code    10  ssi.o(i.SSIEnable)
    SimpleLinkGeneralEventHandler            0x00001a79   Thumb Code     6  main.o(i.SimpleLinkGeneralEventHandler)
    SimpleLinkHttpServerCallback             0x00001a95   Thumb Code   344  main.o(i.SimpleLinkHttpServerCallback)
    SimpleLinkNetAppEventHandler             0x00001c31   Thumb Code    40  main.o(i.SimpleLinkNetAppEventHandler)
    SimpleLinkSockEventHandler               0x00001ca9   Thumb Code     6  main.o(i.SimpleLinkSockEventHandler)
    SimpleLinkWlanEventHandler               0x00001cd5   Thumb Code    76  main.o(i.SimpleLinkWlanEventHandler)
    SysCtlClockFreqSet                       0x00001de1   Thumb Code   672  sysctl.o(i.SysCtlClockFreqSet)
    SysCtlPeripheralEnable                   0x000020a9   Thumb Code    36  sysctl.o(i.SysCtlPeripheralEnable)
    TMP006AppCallback                        0x000020d1   Thumb Code   166  board.o(i.TMP006AppCallback)
    TMP006DataRead                           0x00002225   Thumb Code    82  tmp006.o(i.TMP006DataRead)
    TMP006DataTemperatureGetFloat            0x00002281   Thumb Code   438  tmp006.o(i.TMP006DataTemperatureGetFloat)
    TMP006Init                               0x00002489   Thumb Code    86  tmp006.o(i.TMP006Init)
    Timer0IntHandler                         0x000024e9   Thumb Code    40  board.o(i.Timer0IntHandler)
    Timer1IntHandler                         0x00002519   Thumb Code    86  board.o(i.Timer1IntHandler)
    TimerConfigure                           0x00002589   Thumb Code    88  timer.o(i.TimerConfigure)
    TimerDisable                             0x000025e9   Thumb Code    16  timer.o(i.TimerDisable)
    TimerEnable                              0x000025f9   Thumb Code    14  timer.o(i.TimerEnable)
    TimerIntClear                            0x00002607   Thumb Code     4  timer.o(i.TimerIntClear)
    TimerIntEnable                           0x0000260b   Thumb Code     8  timer.o(i.TimerIntEnable)
    TimerLoadSet                             0x00002613   Thumb Code    18  timer.o(i.TimerLoadSet)
    _SlDriverHandleError                     0x000026a1   Thumb Code    84  driver.o(i._SlDriverHandleError)
    _SlDrvBasicCmd                           0x000026f9   Thumb Code    48  driver.o(i._SlDrvBasicCmd)
    _SlDrvCmdOp                              0x0000279d   Thumb Code   104  driver.o(i._SlDrvCmdOp)
    _SlDrvCmdSend                            0x00002809   Thumb Code    74  driver.o(i._SlDrvCmdSend)
    _SlDrvDeviceEventHandler                 0x00002859   Thumb Code    98  device.o(i._SlDrvDeviceEventHandler)
    _SlDrvDispatchHttpServerEvents           0x000028bb   Thumb Code     4  driver.o(i._SlDrvDispatchHttpServerEvents)
    _SlDrvDriverCBDeinit                     0x000028c1   Thumb Code   134  driver.o(i._SlDrvDriverCBDeinit)
    _SlDrvDriverCBInit                       0x0000294d   Thumb Code   210  driver.o(i._SlDrvDriverCBInit)
    _SlDrvGlobalObjUnLock                    0x00002a2d   Thumb Code    12  driver.o(i._SlDrvGlobalObjUnLock)
    _SlDrvMemZero                            0x00002a3d   Thumb Code     4  driver.o(i._SlDrvMemZero)
    _SlDrvMsgReadSpawnCtx                    0x00002e3d   Thumb Code   106  driver.o(i._SlDrvMsgReadSpawnCtx)
    _SlDrvNetAppEventHandler                 0x00002fb9   Thumb Code   204  netapp.o(i._SlDrvNetAppEventHandler)
    _SlDrvProtectAsyncRespSetting            0x000030a5   Thumb Code    46  driver.o(i._SlDrvProtectAsyncRespSetting)
    _SlDrvProtectionObjLockWaitForever       0x000030d9   Thumb Code    16  driver.o(i._SlDrvProtectionObjLockWaitForever)
    _SlDrvProtectionObjUnLock                0x000030ed   Thumb Code    12  driver.o(i._SlDrvProtectionObjUnLock)
    _SlDrvReleasePoolObj                     0x000030fd   Thumb Code   194  driver.o(i._SlDrvReleasePoolObj)
    _SlDrvResetCmdExt                        0x000031c5   Thumb Code     6  driver.o(i._SlDrvResetCmdExt)
    _SlDrvRxIrqHandler                       0x0000331d   Thumb Code    48  driver.o(i._SlDrvRxIrqHandler)
    _SlDrvSyncObjSignal                      0x00003355   Thumb Code     6  driver.o(i._SlDrvSyncObjSignal)
    _SlDrvSyncObjWaitForever                 0x0000335d   Thumb Code    30  driver.o(i._SlDrvSyncObjWaitForever)
    _SlDrvSyncObjWaitTimeout                 0x00003381   Thumb Code    48  driver.o(i._SlDrvSyncObjWaitTimeout)
    _SlDrvWaitForPoolObj                     0x000033b5   Thumb Code   190  driver.o(i._SlDrvWaitForPoolObj)
    _SlNonOsMainLoopTask                     0x00003509   Thumb Code    46  nonos.o(i._SlNonOsMainLoopTask)
    _SlNonOsSemGet                           0x0000353d   Thumb Code    74  nonos.o(i._SlNonOsSemGet)
    _SlNonOsSemSet                           0x0000358d   Thumb Code     6  nonos.o(i._SlNonOsSemSet)
    _SlNonOsSpawn                            0x00003595   Thumb Code    40  nonos.o(i._SlNonOsSpawn)
    __0sprintf$6                             0x00003619   Thumb Code    34  printf6.o(i.__0sprintf$6)
    __1sprintf$6                             0x00003619   Thumb Code     0  printf6.o(i.__0sprintf$6)
    __2sprintf                               0x00003619   Thumb Code     0  printf6.o(i.__0sprintf$6)
    __ARM_fpclassifyf                        0x00003641   Thumb Code    38  fpclassifyf.o(i.__ARM_fpclassifyf)
    __hardfp_powf                            0x00003669   Thumb Code  1542  powf.o(i.__hardfp_powf)
    __mathlib_powf                           0x00003669   Thumb Code     0  powf.o(i.__hardfp_powf)
    __hardfp_sqrtf                           0x00003c95   Thumb Code    58  sqrtf.o(i.__hardfp_sqrtf)
    __mathlib_flt_underflow                  0x00003cd1   Thumb Code    10  funder.o(i.__mathlib_flt_underflow)
    __scatterload_copy                       0x00003ce1   Thumb Code    14  handlers.o(i.__scatterload_copy)
    __scatterload_null                       0x00003cef   Thumb Code     2  handlers.o(i.__scatterload_null)
    __scatterload_zeroinit                   0x00003cf1   Thumb Code    14  handlers.o(i.__scatterload_zeroinit)
    __set_errno                              0x00003d01   Thumb Code     6  errno.o(i.__set_errno)
    _sl_HandleAsync_Accept                   0x00004061   Thumb Code    84  socket.o(i._sl_HandleAsync_Accept)
    _sl_HandleAsync_Connect                  0x000040b9   Thumb Code    94  socket.o(i._sl_HandleAsync_Connect)
    _sl_HandleAsync_DnsGetHostByName         0x0000411d   Thumb Code    80  netapp.o(i._sl_HandleAsync_DnsGetHostByName)
    _sl_HandleAsync_DnsGetHostByService      0x00004171   Thumb Code    96  netapp.o(i._sl_HandleAsync_DnsGetHostByService)
    _sl_HandleAsync_InitComplete             0x000041d5   Thumb Code    92  device.o(i._sl_HandleAsync_InitComplete)
    _sl_HandleAsync_PingResponse             0x00004235   Thumb Code    92  netapp.o(i._sl_HandleAsync_PingResponse)
    _sl_HandleAsync_Select                   0x00004299   Thumb Code    64  socket.o(i._sl_HandleAsync_Select)
    _sl_HandleAsync_Stop                     0x000042dd   Thumb Code    60  device.o(i._sl_HandleAsync_Stop)
    _sl_NetAppSendTokenValue                 0x0000431d   Thumb Code    76  netapp.o(i._sl_NetAppSendTokenValue)
    initClk                                  0x000044c1   Thumb Code    24  board.o(i.initClk)
    initI2C                                  0x000044e5   Thumb Code   166  board.o(i.initI2C)
    initLEDs                                 0x000045bd   Thumb Code    80  board.o(i.initLEDs)
    initTimer                                0x00004619   Thumb Code    80  board.o(i.initTimer)
    initTimer1                               0x00004675   Thumb Code    78  board.o(i.initTimer1)
    main                                     0x00004715   Thumb Code   594  main.o(i.main)
    powf                                     0x00004b19   Thumb Code    20  powf.o(i.powf)
    registerInterruptHandler                 0x00004b2d   Thumb Code     8  board.o(i.registerInterruptHandler)
    sl_DevGet                                0x00004b39   Thumb Code   116  device.o(i.sl_DevGet)
    sl_NetAppGet                             0x00004bb9   Thumb Code   100  netapp.o(i.sl_NetAppGet)
    sl_NetAppMDNSRegisterUnregisterService   0x00004c29   Thumb Code   130  netapp.o(i.sl_NetAppMDNSRegisterUnregisterService)
    sl_NetAppMDNSUnRegisterService           0x00004cb5   Thumb Code    34  netapp.o(i.sl_NetAppMDNSUnRegisterService)
    sl_NetAppSet                             0x00004cdd   Thumb Code    78  netapp.o(i.sl_NetAppSet)
    sl_NetCfgSet                             0x00004d35   Thumb Code    78  netcfg.o(i.sl_NetCfgSet)
    sl_Start                                 0x00004d8d   Thumb Code   142  device.o(i.sl_Start)
    sl_Stop                                  0x00004e2d   Thumb Code   138  device.o(i.sl_Stop)
    sl_WlanDisconnect                        0x00004ec9   Thumb Code    22  wlan.o(i.sl_WlanDisconnect)
    sl_WlanPolicySet                         0x00004ee5   Thumb Code    72  wlan.o(i.sl_WlanPolicySet)
    sl_WlanProfileDel                        0x00004f35   Thumb Code    40  wlan.o(i.sl_WlanProfileDel)
    sl_WlanRxFilterSet                       0x00004f65   Thumb Code    66  wlan.o(i.sl_WlanRxFilterSet)
    sl_WlanSet                               0x00004fb1   Thumb Code    80  wlan.o(i.sl_WlanSet)
    sl_WlanSetMode                           0x00005009   Thumb Code    40  wlan.o(i.sl_WlanSetMode)
    spi_Close                                0x00005039   Thumb Code    10  spi.o(i.spi_Close)
    spi_Open                                 0x00005045   Thumb Code   250  spi.o(i.spi_Open)
    spi_Read                                 0x0000516d   Thumb Code    88  spi.o(i.spi_Read)
    spi_Write                                0x000051cd   Thumb Code    86  spi.o(i.spi_Write)
    stopWDT                                  0x0000522d   Thumb Code     2  board.o(i.stopWDT)
    turnLedOff                               0x00005231   Thumb Code    28  board.o(i.turnLedOff)
    turnLedOn                                0x00005251   Thumb Code    28  board.o(i.turnLedOn)
    _SlActionLookupTable                     0x0000529c   Data          56  driver.o(.constdata)
    OpcodeTranslateTable                     0x000052d4   Data          60  driver.o(.constdata)
    _SlNetAppSendTokenValueCmdCtrl           0x0000534c   Data           4  netapp.o(.constdata)
    Region$$Table$$Base                      0x00005a08   Number         0  anon$$obj.o(Region$$Table)
    Region$$Table$$Limit                     0x00005a28   Number         0  anon$$obj.o(Region$$Table)
    IntIsMasked                              0x20000000   Data           1  board.o(.data)
    pIrqEventHandler                         0x20000004   Data           4  board.o(.data)
    g_SysClock                               0x20000008   Data           4  board.o(.data)
    sensorTurn                               0x2000000c   Data           4  board.o(.data)
    g_Toggle                                 0x20000010   Data           1  main.o(.data)
    g_Status                                 0x20000014   Data           4  main.o(.data)
    POST_token                               0x20000018   Data          11  main.o(.data)
    POST_token1                              0x20000023   Data          11  main.o(.data)
    GET_token                                0x2000002e   Data          11  main.o(.data)
    RxIrqCnt                                 0x2000003d   Data           1  driver.o(.data)
    g_bDeviceRestartIsRequired               0x2000003e   Data           1  driver.o(.data)
    g_pCB                                    0x20000040   Data           4  driver.o(.data)
    pPingCallBackFunc                        0x20000044   Data           4  driver.o(.data)
    g_sI2CInst                               0x2000004c   Data         292  board.o(.bss)
    g_sTMP006Inst                            0x20000170   Data          48  board.o(.bss)
    g_sBMP180Inst                            0x200001a0   Data          68  board.o(.bss)
    g_auth_name                              0x200001e4   Data          21  main.o(.bss)
    g_auth_password                          0x200001f9   Data          21  main.o(.bss)
    g_auth_realm                             0x2000020e   Data          21  main.o(.bss)
    g_domain_name                            0x20000223   Data          25  main.o(.bss)
    g_device_urn                             0x2000023c   Data          16  main.o(.bss)
    g__SlNonOsCB                             0x200003b4   Data          60  nonos.o(.bss)
    __initial_sp                             0x200005f0   Data           0  startup_rvmdk.o(STACK)



==============================================================================

Memory Map of the image

  Image Entry point : 0x00000201

  Load Region LR_IROM (Base: 0x00000000, Size: 0x00005a74, Max: 0x00100000, ABSOLUTE)

    Execution Region ER_IROM (Base: 0x00000000, Size: 0x00005a28, Max: 0x00100000, ABSOLUTE)

    Base Addr    Size         Type   Attr      Idx    E Section Name        Object

    0x00000000   0x0000021c   Code   RO          442  * RESET               startup_rvmdk.o
    0x0000021c   0x00000000   Code   RO         3147  * .ARM.Collect$$$$00000000  mc_w.l(entry.o)
    0x0000021c   0x00000004   Code   RO         3443    .ARM.Collect$$$$00000001  mc_w.l(entry2.o)
    0x00000220   0x00000004   Code   RO         3446    .ARM.Collect$$$$00000004  mc_w.l(entry5.o)
    0x00000224   0x00000000   Code   RO         3448    .ARM.Collect$$$$00000008  mc_w.l(entry7b.o)
    0x00000224   0x00000000   Code   RO         3450    .ARM.Collect$$$$0000000A  mc_w.l(entry8b.o)
    0x00000224   0x00000008   Code   RO         3451    .ARM.Collect$$$$0000000B  mc_w.l(entry9a.o)
    0x0000022c   0x00000000   Code   RO         3453    .ARM.Collect$$$$0000000D  mc_w.l(entry10a.o)
    0x0000022c   0x00000000   Code   RO         3455    .ARM.Collect$$$$0000000F  mc_w.l(entry11a.o)
    0x0000022c   0x00000004   Code   RO         3444    .ARM.Collect$$$$00002712  mc_w.l(entry2.o)
    0x00000230   0x00000006   Code   RO         1886    .emb_text           driverlib.lib(sysctl.o)
    0x00000236   0x00000002   PAD
    0x00000238   0x00000026   Code   RO         2774    .emb_text           driverlib.lib(cpu.o)
    0x0000025e   0x00000024   Code   RO         3150    .text               mc_w.l(memcpya.o)
    0x00000282   0x00000024   Code   RO         3152    .text               mc_w.l(memseta.o)
    0x000002a6   0x0000000e   Code   RO         3154    .text               mc_w.l(strlen.o)
    0x000002b4   0x0000001a   Code   RO         3156    .text               mc_w.l(memcmp.o)
    0x000002ce   0x000000b0   Code   RO         3421    .text               mf_w.l(fadd.o)
    0x0000037e   0x00000064   Code   RO         3423    .text               mf_w.l(fmul.o)
    0x000003e2   0x0000007c   Code   RO         3425    .text               mf_w.l(fdiv.o)
    0x0000045e   0x0000014e   Code   RO         3427    .text               mf_w.l(dadd.o)
    0x000005ac   0x000000e4   Code   RO         3429    .text               mf_w.l(dmul.o)
    0x00000690   0x00000022   Code   RO         3431    .text               mf_w.l(dflti.o)
    0x000006b2   0x00000032   Code   RO         3433    .text               mf_w.l(ffixi.o)
    0x000006e4   0x00000026   Code   RO         3435    .text               mf_w.l(f2d.o)
    0x0000070a   0x00000038   Code   RO         3437    .text               mf_w.l(d2f.o)
    0x00000742   0x0000002c   Code   RO         3460    .text               mc_w.l(uidiv.o)
    0x0000076e   0x0000001e   Code   RO         3464    .text               mc_w.l(llshl.o)
    0x0000078c   0x00000024   Code   RO         3466    .text               mc_w.l(llsshr.o)
    0x000007b0   0x00000000   Code   RO         3475    .text               mc_w.l(iusefp.o)
    0x000007b0   0x0000006e   Code   RO         3476    .text               mf_w.l(fepilogue.o)
    0x0000081e   0x000000b6   Code   RO         3478    .text               mf_w.l(depilogue.o)
    0x000008d4   0x00000024   Code   RO         3488    .text               mc_w.l(init.o)
    0x000008f8   0x00000020   Code   RO         3491    .text               mc_w.l(llushr.o)
    0x00000918   0x00000164   Code   RO            1    i.BMP180AppCallback  board.o
    0x00000a7c   0x000001f8   Code   RO         2470    i.BMP180Callback    sensorlib.lib(bmp180.o)
    0x00000c74   0x000001e8   Code   RO         2471    i.BMP180DataPressureGetFloat  sensorlib.lib(bmp180.o)
    0x00000e5c   0x0000005c   Code   RO         2473    i.BMP180DataRead    sensorlib.lib(bmp180.o)
    0x00000eb8   0x00000078   Code   RO         2474    i.BMP180DataTemperatureGetFloat  sensorlib.lib(bmp180.o)
    0x00000f30   0x00000058   Code   RO         2476    i.BMP180Init        sensorlib.lib(bmp180.o)
    0x00000f88   0x0000000c   Code   RO            2    i.CC3100_InterruptDisable  board.o
    0x00000f94   0x0000000c   Code   RO            3    i.CC3100_InterruptEnable  board.o
    0x00000fa0   0x00000014   Code   RO            4    i.CC3100_disable    board.o
    0x00000fb4   0x00000014   Code   RO            5    i.CC3100_enable     board.o
    0x00000fc8   0x00000088   Code   RO          286    i.CLI_Configure     cli_uart.o
    0x00001050   0x00000040   Code   RO          288    i.CLI_Write         cli_uart.o
    0x00001090   0x0000001a   Code   RO          788    i.CopyPingResultsToReport  netapp.o
    0x000010aa   0x00000002   PAD
    0x000010ac   0x0000000c   Code   RO            6    i.DisableTimer0     board.o
    0x000010b8   0x0000000c   Code   RO            7    i.EnableTimer0      board.o
    0x000010c4   0x00000010   Code   RO         1242    i.FPUEnable         driverlib.lib(fpu.o)
    0x000010d4   0x00000010   Code   RO         1245    i.FPULazyStackingEnable  driverlib.lib(fpu.o)
    0x000010e4   0x00000028   Code   RO         1318    i.GPIODirModeSet    driverlib.lib(gpio.o)
    0x0000110c   0x00000006   Code   RO         1319    i.GPIOIntClear      driverlib.lib(gpio.o)
    0x00001112   0x0000000e   Code   RO         1320    i.GPIOIntDisable    driverlib.lib(gpio.o)
    0x00001120   0x0000000c   Code   RO         1321    i.GPIOIntEnable     driverlib.lib(gpio.o)
    0x0000112c   0x0000000e   Code   RO         1323    i.GPIOIntStatus     driverlib.lib(gpio.o)
    0x0000113a   0x00000050   Code   RO         1325    i.GPIOIntTypeSet    driverlib.lib(gpio.o)
    0x0000118a   0x00000002   PAD
    0x0000118c   0x00000034   Code   RO            8    i.GPIOM_intHandler  board.o
    0x000011c0   0x00000138   Code   RO         1328    i.GPIOPadConfigSet  driverlib.lib(gpio.o)
    0x000012f8   0x00000044   Code   RO         1329    i.GPIOPinConfigure  driverlib.lib(gpio.o)
    0x0000133c   0x00000006   Code   RO         1330    i.GPIOPinRead       driverlib.lib(gpio.o)
    0x00001342   0x0000001c   Code   RO         1339    i.GPIOPinTypeGPIOInput  driverlib.lib(gpio.o)
    0x0000135e   0x0000001c   Code   RO         1340    i.GPIOPinTypeGPIOOutput  driverlib.lib(gpio.o)
    0x0000137a   0x0000001c   Code   RO         1343    i.GPIOPinTypeI2C    driverlib.lib(gpio.o)
    0x00001396   0x0000001c   Code   RO         1344    i.GPIOPinTypeI2CSCL  driverlib.lib(gpio.o)
    0x000013b2   0x0000001c   Code   RO         1349    i.GPIOPinTypeSSI    driverlib.lib(gpio.o)
    0x000013ce   0x00000006   Code   RO         1358    i.GPIOPinWrite      driverlib.lib(gpio.o)
    0x000013d4   0x00000028   Code   RO            9    i.GetLEDStatus      board.o
    0x000013fc   0x0000000c   Code   RO           10    i.I2CIntHandler     board.o
    0x00001408   0x0000008e   Code   RO         2555    i.I2CMCommand       sensorlib.lib(i2cm_drv.o)
    0x00001496   0x00000036   Code   RO         2556    i.I2CMInit          sensorlib.lib(i2cm_drv.o)
    0x000014cc   0x0000031a   Code   RO         2557    i.I2CMIntHandler    sensorlib.lib(i2cm_drv.o)
    0x000017e6   0x00000020   Code   RO         2640    i.I2CMRead          sensorlib.lib(i2cm_drv.o)
    0x00001806   0x00000004   Code   RO         2796    i.I2CMasterControl  driverlib.lib(i2c.o)
    0x0000180a   0x00000004   Code   RO         2797    i.I2CMasterDataGet  driverlib.lib(i2c.o)
    0x0000180e   0x00000004   Code   RO         2798    i.I2CMasterDataPut  driverlib.lib(i2c.o)
    0x00001812   0x00000002   PAD
    0x00001814   0x00000054   Code   RO         2803    i.I2CMasterInitExpClk  driverlib.lib(i2c.o)
    0x00001868   0x00000008   Code   RO         2804    i.I2CMasterIntClear  driverlib.lib(i2c.o)
    0x00001870   0x00000008   Code   RO         2809    i.I2CMasterIntEnableEx  driverlib.lib(i2c.o)
    0x00001878   0x00000008   Code   RO         2813    i.I2CMasterSlaveAddrSet  driverlib.lib(i2c.o)
    0x00001880   0x00000064   Code   RO         1621    i.IntDisable        driverlib.lib(interrupt.o)
    0x000018e4   0x00000064   Code   RO         1622    i.IntEnable         driverlib.lib(interrupt.o)
    0x00001948   0x00000060   Code   RO         1623    i.IntIsEnabled      driverlib.lib(interrupt.o)
    0x000019a8   0x0000000e   Code   RO         1625    i.IntMasterEnable   driverlib.lib(interrupt.o)
    0x000019b6   0x00000002   PAD
    0x000019b8   0x0000001c   Code   RO         1630    i.IntPriorityGroupingSet  driverlib.lib(interrupt.o)
    0x000019d4   0x00000028   Code   RO         1633    i.IntPrioritySet    driverlib.lib(interrupt.o)
    0x000019fc   0x0000000c   Code   RO         1635    i.IntTrigger        driverlib.lib(interrupt.o)
    0x00001a08   0x00000008   Code   RO         1739    i.SSIBusy           driverlib.lib(ssi.o)
    0x00001a10   0x0000003a   Code   RO         1742    i.SSIConfigSetExpClk  driverlib.lib(ssi.o)
    0x00001a4a   0x00000014   Code   RO         1746    i.SSIDataGetNonBlocking  driverlib.lib(ssi.o)
    0x00001a5e   0x00000010   Code   RO         1748    i.SSIDataPutNonBlocking  driverlib.lib(ssi.o)
    0x00001a6e   0x0000000a   Code   RO         1750    i.SSIEnable         driverlib.lib(ssi.o)
    0x00001a78   0x0000001c   Code   RO          339    i.SimpleLinkGeneralEventHandler  main.o
    0x00001a94   0x0000019c   Code   RO          340    i.SimpleLinkHttpServerCallback  main.o
    0x00001c30   0x00000078   Code   RO          341    i.SimpleLinkNetAppEventHandler  main.o
    0x00001ca8   0x0000002c   Code   RO          342    i.SimpleLinkSockEventHandler  main.o
    0x00001cd4   0x0000010c   Code   RO          343    i.SimpleLinkWlanEventHandler  main.o
    0x00001de0   0x000002c8   Code   RO         1888    i.SysCtlClockFreqSet  driverlib.lib(sysctl.o)
    0x000020a8   0x00000028   Code   RO         1920    i.SysCtlPeripheralEnable  driverlib.lib(sysctl.o)
    0x000020d0   0x000000e0   Code   RO           12    i.TMP006AppCallback  board.o
    0x000021b0   0x00000074   Code   RO         2702    i.TMP006Callback    sensorlib.lib(tmp006.o)
    0x00002224   0x00000058   Code   RO         2703    i.TMP006DataRead    sensorlib.lib(tmp006.o)
    0x0000227c   0x00000004   PAD
    0x00002280   0x00000208   Code   RO         2704    i.TMP006DataTemperatureGetFloat  sensorlib.lib(tmp006.o)
    0x00002488   0x00000060   Code   RO         2706    i.TMP006Init        sensorlib.lib(tmp006.o)
    0x000024e8   0x00000030   Code   RO           13    i.Timer0IntHandler  board.o
    0x00002518   0x00000070   Code   RO           14    i.Timer1IntHandler  board.o
    0x00002588   0x00000060   Code   RO         2232    i.TimerConfigure    driverlib.lib(timer.o)
    0x000025e8   0x00000010   Code   RO         2240    i.TimerDisable      driverlib.lib(timer.o)
    0x000025f8   0x0000000e   Code   RO         2241    i.TimerEnable       driverlib.lib(timer.o)
    0x00002606   0x00000004   Code   RO         2242    i.TimerIntClear     driverlib.lib(timer.o)
    0x0000260a   0x00000008   Code   RO         2244    i.TimerIntEnable    driverlib.lib(timer.o)
    0x00002612   0x00000012   Code   RO         2250    i.TimerLoadSet      driverlib.lib(timer.o)
    0x00002624   0x0000007c   Code   RO          530    i._SlAsyncEventGenericHandler  driver.o
    0x000026a0   0x00000058   Code   RO          531    i._SlDriverHandleError  driver.o
    0x000026f8   0x00000030   Code   RO          532    i._SlDrvBasicCmd    driver.o
    0x00002728   0x00000074   Code   RO          533    i._SlDrvClassifyRxMsg  driver.o
    0x0000279c   0x0000006c   Code   RO          534    i._SlDrvCmdOp       driver.o
    0x00002808   0x00000050   Code   RO          535    i._SlDrvCmdSend     driver.o
    0x00002858   0x00000062   Code   RO          447    i._SlDrvDeviceEventHandler  device.o
    0x000028ba   0x00000004   Code   RO          538    i._SlDrvDispatchHttpServerEvents  driver.o
    0x000028be   0x00000002   PAD
    0x000028c0   0x0000008c   Code   RO          539    i._SlDrvDriverCBDeinit  driver.o
    0x0000294c   0x000000e0   Code   RO          540    i._SlDrvDriverCBInit  driver.o
    0x00002a2c   0x00000010   Code   RO          541    i._SlDrvGlobalObjUnLock  driver.o
    0x00002a3c   0x00000004   Code   RO          542    i._SlDrvMemZero     driver.o
    0x00002a40   0x00000330   Code   RO          543    i._SlDrvMsgRead     driver.o
    0x00002d70   0x000000cc   Code   RO          544    i._SlDrvMsgReadCmdCtx  driver.o
    0x00002e3c   0x00000070   Code   RO          545    i._SlDrvMsgReadSpawnCtx  driver.o
    0x00002eac   0x0000010c   Code   RO          546    i._SlDrvMsgWrite    driver.o
    0x00002fb8   0x000000cc   Code   RO          789    i._SlDrvNetAppEventHandler  netapp.o
    0x00003084   0x00000020   Code   RO          547    i._SlDrvObjGlobalLockWaitForever  driver.o
    0x000030a4   0x00000034   Code   RO          550    i._SlDrvProtectAsyncRespSetting  driver.o
    0x000030d8   0x00000014   Code   RO          551    i._SlDrvProtectionObjLockWaitForever  driver.o
    0x000030ec   0x00000010   Code   RO          552    i._SlDrvProtectionObjUnLock  driver.o
    0x000030fc   0x000000c8   Code   RO          553    i._SlDrvReleasePoolObj  driver.o
    0x000031c4   0x00000006   Code   RO          554    i._SlDrvResetCmdExt  driver.o
    0x000031ca   0x00000002   PAD
    0x000031cc   0x00000150   Code   RO          555    i._SlDrvRxHdrRead   driver.o
    0x0000331c   0x00000038   Code   RO          556    i._SlDrvRxIrqHandler  driver.o
    0x00003354   0x00000006   Code   RO          557    i._SlDrvSyncObjSignal  driver.o
    0x0000335a   0x00000002   PAD
    0x0000335c   0x00000024   Code   RO          558    i._SlDrvSyncObjWaitForever  driver.o
    0x00003380   0x00000034   Code   RO          559    i._SlDrvSyncObjWaitTimeout  driver.o
    0x000033b4   0x000000c4   Code   RO          560    i._SlDrvWaitForPoolObj  driver.o
    0x00003478   0x00000090   Code   RO          561    i._SlFindAndSetActiveObj  driver.o
    0x00003508   0x00000034   Code   RO          924    i._SlNonOsMainLoopTask  nonos.o
    0x0000353c   0x00000050   Code   RO          925    i._SlNonOsSemGet    nonos.o
    0x0000358c   0x00000006   Code   RO          926    i._SlNonOsSemSet    nonos.o
    0x00003592   0x00000002   PAD
    0x00003594   0x0000002c   Code   RO          927    i._SlNonOsSpawn     nonos.o
    0x000035c0   0x00000058   Code   RO          562    i._SlRemoveFromList  driver.o
    0x00003618   0x00000028   Code   RO         3317    i.__0sprintf$6      mc_w.l(printf6.o)
    0x00003640   0x00000026   Code   RO         3439    i.__ARM_fpclassifyf  m_wm.l(fpclassifyf.o)
    0x00003666   0x00000002   PAD
    0x00003668   0x0000062c   Code   RO         3121    i.__hardfp_powf     m_wm.l(powf.o)
    0x00003c94   0x0000003a   Code   RO         3135    i.__hardfp_sqrtf    m_wm.l(sqrtf.o)
    0x00003cce   0x00000002   PAD
    0x00003cd0   0x00000010   Code   RO         3441    i.__mathlib_flt_underflow  m_wm.l(funder.o)
    0x00003ce0   0x0000000e   Code   RO         3496    i.__scatterload_copy  mc_w.l(handlers.o)
    0x00003cee   0x00000002   Code   RO         3497    i.__scatterload_null  mc_w.l(handlers.o)
    0x00003cf0   0x0000000e   Code   RO         3498    i.__scatterload_zeroinit  mc_w.l(handlers.o)
    0x00003cfe   0x00000002   PAD
    0x00003d00   0x0000000c   Code   RO         3470    i.__set_errno       mc_w.l(errno.o)
    0x00003d0c   0x000002f0   Code   RO         3322    i._printf_core      mc_w.l(printf6.o)
    0x00003ffc   0x00000024   Code   RO         3323    i._printf_post_padding  mc_w.l(printf6.o)
    0x00004020   0x0000002e   Code   RO         3324    i._printf_pre_padding  mc_w.l(printf6.o)
    0x0000404e   0x00000002   PAD
    0x00004050   0x00000010   Code   RO          448    i._sl_GetStartResponseConvert  device.o
    0x00004060   0x00000058   Code   RO          962    i._sl_HandleAsync_Accept  socket.o
    0x000040b8   0x00000064   Code   RO          963    i._sl_HandleAsync_Connect  socket.o
    0x0000411c   0x00000054   Code   RO          791    i._sl_HandleAsync_DnsGetHostByName  netapp.o
    0x00004170   0x00000064   Code   RO          792    i._sl_HandleAsync_DnsGetHostByService  netapp.o
    0x000041d4   0x00000060   Code   RO          449    i._sl_HandleAsync_InitComplete  device.o
    0x00004234   0x00000064   Code   RO          793    i._sl_HandleAsync_PingResponse  netapp.o
    0x00004298   0x00000044   Code   RO          964    i._sl_HandleAsync_Select  socket.o
    0x000042dc   0x00000040   Code   RO          450    i._sl_HandleAsync_Stop  device.o
    0x0000431c   0x00000050   Code   RO          794    i._sl_NetAppSendTokenValue  netapp.o
    0x0000436c   0x0000000a   Code   RO         3326    i._sputc            mc_w.l(printf6.o)
    0x00004376   0x00000002   PAD
    0x00004378   0x00000148   Code   RO          344    i.configureSimpleLinkToDefaultState  main.o
    0x000044c0   0x00000024   Code   RO           17    i.initClk           board.o
    0x000044e4   0x000000d8   Code   RO           18    i.initI2C           board.o
    0x000045bc   0x0000005c   Code   RO           19    i.initLEDs          board.o
    0x00004618   0x0000005c   Code   RO           20    i.initTimer         board.o
    0x00004674   0x0000005c   Code   RO           21    i.initTimer1        board.o
    0x000046d0   0x00000044   Code   RO          345    i.initializeAppVariables  main.o
    0x00004714   0x00000404   Code   RO          346    i.main              main.o
    0x00004b18   0x00000014   Code   RO         3123    i.powf              m_wm.l(powf.o)
    0x00004b2c   0x0000000c   Code   RO           22    i.registerInterruptHandler  board.o
    0x00004b38   0x00000080   Code   RO          451    i.sl_DevGet         device.o
    0x00004bb8   0x00000070   Code   RO          797    i.sl_NetAppGet      netapp.o
    0x00004c28   0x0000008c   Code   RO          800    i.sl_NetAppMDNSRegisterUnregisterService  netapp.o
    0x00004cb4   0x00000028   Code   RO          801    i.sl_NetAppMDNSUnRegisterService  netapp.o
    0x00004cdc   0x00000058   Code   RO          803    i.sl_NetAppSet      netapp.o
    0x00004d34   0x00000058   Code   RO          905    i.sl_NetCfgSet      netcfg.o
    0x00004d8c   0x000000a0   Code   RO          455    i.sl_Start          device.o
    0x00004e2c   0x0000009c   Code   RO          456    i.sl_Stop           device.o
    0x00004ec8   0x0000001c   Code   RO         1120    i.sl_WlanDisconnect  wlan.o
    0x00004ee4   0x00000050   Code   RO         1124    i.sl_WlanPolicySet  wlan.o
    0x00004f34   0x00000030   Code   RO         1126    i.sl_WlanProfileDel  wlan.o
    0x00004f64   0x0000004c   Code   RO         1130    i.sl_WlanRxFilterSet  wlan.o
    0x00004fb0   0x00000058   Code   RO         1134    i.sl_WlanSet        wlan.o
    0x00005008   0x00000030   Code   RO         1135    i.sl_WlanSetMode    wlan.o
    0x00005038   0x0000000a   Code   RO          409    i.spi_Close         spi.o
    0x00005042   0x00000002   PAD
    0x00005044   0x00000128   Code   RO          410    i.spi_Open          spi.o
    0x0000516c   0x00000060   Code   RO          411    i.spi_Read          spi.o
    0x000051cc   0x00000060   Code   RO          412    i.spi_Write         spi.o
    0x0000522c   0x00000002   Code   RO           23    i.stopWDT           board.o
    0x0000522e   0x00000002   PAD
    0x00005230   0x00000020   Code   RO           25    i.turnLedOff        board.o
    0x00005250   0x00000020   Code   RO           26    i.turnLedOn         board.o
    0x00005270   0x0000001c   Data   RO          458    .constdata          device.o
    0x0000528c   0x000000a4   Data   RO          564    .constdata          driver.o
    0x00005330   0x00000028   Data   RO          806    .constdata          netapp.o
    0x00005358   0x00000008   Data   RO          906    .constdata          netcfg.o
    0x00005360   0x00000034   Data   RO         1138    .constdata          wlan.o
    0x00005394   0x00000210   Data   RO         1359    .constdata          driverlib.lib(gpio.o)
    0x000055a4   0x0000010c   Data   RO         1638    .constdata          driverlib.lib(interrupt.o)
    0x000056b0   0x000001c4   Data   RO         1941    .constdata          driverlib.lib(sysctl.o)
    0x00005874   0x00000140   Data   RO         3124    .constdata          m_wm.l(powf.o)
    0x000059b4   0x00000054   Data   RO          349    .conststring        main.o
    0x00005a08   0x00000020   Data   RO         3494    Region$$Table       anon$$obj.o


    Execution Region RW_IRAM (Base: 0x20000000, Size: 0x000005f0, Max: 0x00040000, ABSOLUTE)

    Base Addr    Size         Type   Attr      Idx    E Section Name        Object

    0x20000000   0x00000010   Data   RW           28    .data               board.o
    0x20000010   0x00000029   Data   RW          350    .data               main.o
    0x20000039   0x00000003   PAD
    0x2000003c   0x00000008   Data   RW          565    .data               driver.o
    0x20000044   0x00000004   Data   RW          566    .data               driver.o
    0x20000048   0x00000004   Data   RW         3471    .data               mc_w.l(errno.o)
    0x2000004c   0x00000198   Zero   RW           27    .bss                board.o
    0x200001e4   0x00000068   Zero   RW          348    .bss                main.o
    0x2000024c   0x00000168   Zero   RW          563    .bss                driver.o
    0x200003b4   0x0000003c   Zero   RW          928    .bss                nonos.o
    0x200003f0   0x00000200   Zero   RW          440    STACK               startup_rvmdk.o


==============================================================================

Image component sizes


      Code (inc. data)   RO Data    RW Data    ZI Data      Debug   Object Name

      1538        342          0         16        408      71859   board.o
       200         26          0          0          0       1088   cli_uart.o
       718         62         28          0          0      23920   device.o
      3592        174        164         12        360      27155   driver.o
      2296        852         84         41        104      30200   main.o
       974         58         40          0          0      10463   netapp.o
        88         10          8          0          0       1647   netcfg.o
       182         16          0          0         60       3276   nonos.o
       256         14          0          0          0       3308   socket.o
       498         64          0          0          0       2198   spi.o
       540        514          0          0        512        284   startup_rvmdk.o
       368         48         52          0          0       6630   wlan.o

    ----------------------------------------------------------------------
     11264       2180        408         72       1444     182028   Object Totals
         0          0         32          0          0          0   (incl. Generated)
        14          0          0          3          0          0   (incl. Padding)

    ----------------------------------------------------------------------

      Code (inc. data)   RO Data    RW Data    ZI Data      Debug   Library Member Name

        38          0          0          0          0        572   cpu.o
        32          8          0          0          0       3956   fpu.o
       698          8        528          0          0       9314   gpio.o
       120         12          0          0          0       4443   i2c.o
       390         40        268          0          0       4749   interrupt.o
       112          0          0          0          0       3543   ssi.o
       758         44        452          0          0       4274   sysctl.o
       156          8          0          0          0       3078   timer.o
        38          0          0          0          0        116   fpclassifyf.o
        16          6          0          0          0        116   funder.o
      1600        126        320          0          0        464   powf.o
        58          0          0          0          0        136   sqrtf.o
         0          0          0          0          0          0   entry.o
         0          0          0          0          0          0   entry10a.o
         0          0          0          0          0          0   entry11a.o
         8          4          0          0          0          0   entry2.o
         4          0          0          0          0          0   entry5.o
         0          0          0          0          0          0   entry7b.o
         0          0          0          0          0          0   entry8b.o
         8          4          0          0          0          0   entry9a.o
        12          6          0          4          0         68   errno.o
        30          0          0          0          0          0   handlers.o
        36          8          0          0          0         68   init.o
         0          0          0          0          0          0   iusefp.o
        30          0          0          0          0         68   llshl.o
        36          0          0          0          0         68   llsshr.o
        32          0          0          0          0         68   llushr.o
        26          0          0          0          0         80   memcmp.o
        36          0          0          0          0         68   memcpya.o
        36          0          0          0          0        108   memseta.o
       884         10          0          0          0        420   printf6.o
        14          0          0          0          0         68   strlen.o
        44          0          0          0          0         80   uidiv.o
        56          0          0          0          0         88   d2f.o
       334          0          0          0          0        148   dadd.o
       182          0          0          0          0        176   depilogue.o
        34          0          0          0          0         76   dflti.o
       228          0          0          0          0         96   dmul.o
        38          0          0          0          0         68   f2d.o
       176          0          0          0          0        140   fadd.o
       124          0          0          0          0         88   fdiv.o
       110          0          0          0          0        168   fepilogue.o
        50          0          0          0          0         68   ffixi.o
       100          0          0          0          0         76   fmul.o
      1292         92          0          0          0       9025   bmp180.o
      1022         12          0          0          0       8146   i2cm_drv.o
       820        106          0          0          0       7970   tmp006.o

    ----------------------------------------------------------------------
      9840        498       1568          4          0      62258   Library Totals
        22          4          0          0          0          0   (incl. Padding)

    ----------------------------------------------------------------------

      Code (inc. data)   RO Data    RW Data    ZI Data      Debug   Library Name

      2304        120       1248          0          0      33929   driverlib.lib
      1712        132        320          0          0        832   m_wm.l
      1236         32          0          4          0       1164   mc_w.l
      1432          0          0          0          0       1192   mf_w.l
      3134        210          0          0          0      25141   sensorlib.lib

    ----------------------------------------------------------------------
      9840        498       1568          4          0      62258   Library Totals

    ----------------------------------------------------------------------

==============================================================================


      Code (inc. data)   RO Data    RW Data    ZI Data      Debug   

     21104       2678       1976         76       1444     232854   Grand Totals
     21104       2678       1976         76       1444     232854   ELF Image Totals
     21104       2678       1976         76          0          0   ROM Totals

==============================================================================

    Total RO  Size (Code + RO Data)                23080 (  22.54kB)
    Total RW  Size (RW Data + ZI Data)              1520 (   1.48kB)
    Total ROM Size (Code + RO Data + RW Data)      23156 (  22.61kB)

==============================================================================

