<!doctype html public "-//w3c//dtd html 4.0 transitional//en">
<html><head>
<title>Static Call Graph - [.\rvmdk\test.axf]</title></head>
<body><HR>
<H1>Static Call Graph for image .\rvmdk\test.axf</H1><HR>
<BR><P>#&#060CALLGRAPH&#062# ARM Linker, 5040049: Last Updated: Sat Jun 11 19:08:23 2016
<BR><P>
<H3>Maximum Stack Usage =        352 bytes + Unknown(Functions without stacksize, Cycles, Untraceable Function Pointers)</H3><H3>
Call chain for Maximum Stack Depth:</H3>
_SlDrvNetAppEventHandler &rArr; _SlDrvDispatchHttpServerEvents &rArr; SimpleLinkHttpServerCallback &rArr; __0sscanf &rArr; __vfscanf_char &rArr; __vfscanf &rArr; _scanf_int
<P>
<H3>
Functions with no stack information
</H3><UL>
 <LI><a href="#[29]">Reset_Handler</a>
 <LI><a href="#[1]">NmiSR</a>
 <LI><a href="#[2]">FaultISR</a>
 <LI><a href="#[3]">IntDefaultHandler</a>
</UL>
</UL>
<P>
<H3>
Mutually Recursive functions
</H3> <LI><a href="#[2d]">SysCtlDelay</a>&nbsp;&nbsp;&nbsp;&rArr;&nbsp;&nbsp;&nbsp;<a href="#[2d]">SysCtlDelay</a><BR>
 <LI><a href="#[1]">NmiSR</a>&nbsp;&nbsp;&nbsp;&rArr;&nbsp;&nbsp;&nbsp;<a href="#[1]">NmiSR</a><BR>
 <LI><a href="#[2]">FaultISR</a>&nbsp;&nbsp;&nbsp;&rArr;&nbsp;&nbsp;&nbsp;<a href="#[2]">FaultISR</a><BR>
 <LI><a href="#[3]">IntDefaultHandler</a>&nbsp;&nbsp;&nbsp;&rArr;&nbsp;&nbsp;&nbsp;<a href="#[3]">IntDefaultHandler</a><BR>
</UL>
<P>
<H3>
Function Pointers
</H3><UL>
 <LI><a href="#[16]">BMP180AppCallback</a> from board.o(i.BMP180AppCallback) referenced from board.o(i.Timer1IntHandler)
 <LI><a href="#[16]">BMP180AppCallback</a> from board.o(i.BMP180AppCallback) referenced from board.o(i.initI2C)
 <LI><a href="#[e]">BMP180Callback</a> from bmp180.o(i.BMP180Callback) referenced from bmp180.o(i.BMP180Callback)
 <LI><a href="#[e]">BMP180Callback</a> from bmp180.o(i.BMP180Callback) referenced from bmp180.o(i.BMP180DataRead)
 <LI><a href="#[e]">BMP180Callback</a> from bmp180.o(i.BMP180Callback) referenced from bmp180.o(i.BMP180Init)
 <LI><a href="#[2]">FaultISR</a> from startup_rvmdk.o(RESET) referenced from startup_rvmdk.o(RESET)
 <LI><a href="#[7]">GPIOM_intHandler</a> from board.o(i.GPIOM_intHandler) referenced from startup_rvmdk.o(RESET)
 <LI><a href="#[4]">GPIOPortEIntHandler</a> from board.o(i.GPIOPortEIntHandler) referenced from startup_rvmdk.o(RESET)
 <LI><a href="#[8]">I2CIntHandler</a> from board.o(i.I2CIntHandler) referenced from startup_rvmdk.o(RESET)
 <LI><a href="#[f]">I2CMReadModifyWrite8Callback</a> from i2cm_drv.o(i.I2CMReadModifyWrite8Callback) referenced from i2cm_drv.o(i.I2CMReadModifyWrite8)
 <LI><a href="#[f]">I2CMReadModifyWrite8Callback</a> from i2cm_drv.o(i.I2CMReadModifyWrite8Callback) referenced from i2cm_drv.o(i.I2CMReadModifyWrite8Callback)
 <LI><a href="#[10]">I2CMWrite8Callback</a> from i2cm_drv.o(i.I2CMWrite8Callback) referenced from i2cm_drv.o(i.I2CMWrite8)
 <LI><a href="#[17]">ISL29023AppCallback</a> from board.o(i.ISL29023AppCallback) referenced from board.o(i.ISL29023AppCallback)
 <LI><a href="#[17]">ISL29023AppCallback</a> from board.o(i.ISL29023AppCallback) referenced from board.o(i.Timer1IntHandler)
 <LI><a href="#[17]">ISL29023AppCallback</a> from board.o(i.ISL29023AppCallback) referenced from board.o(i.initI2C)
 <LI><a href="#[11]">ISL29023Callback</a> from isl29023.o(i.ISL29023Callback) referenced from isl29023.o(i.ISL29023DataRead)
 <LI><a href="#[11]">ISL29023Callback</a> from isl29023.o(i.ISL29023Callback) referenced from isl29023.o(i.ISL29023Init)
 <LI><a href="#[11]">ISL29023Callback</a> from isl29023.o(i.ISL29023Callback) referenced from isl29023.o(i.ISL29023Read)
 <LI><a href="#[11]">ISL29023Callback</a> from isl29023.o(i.ISL29023Callback) referenced from isl29023.o(i.ISL29023ReadModifyWrite)
 <LI><a href="#[11]">ISL29023Callback</a> from isl29023.o(i.ISL29023Callback) referenced from isl29023.o(i.ISL29023Write)
 <LI><a href="#[3]">IntDefaultHandler</a> from startup_rvmdk.o(RESET) referenced 111 times from startup_rvmdk.o(RESET)
 <LI><a href="#[19]">MPU9150AppCallback</a> from board.o(i.MPU9150AppCallback) referenced from board.o(i.Timer1IntHandler)
 <LI><a href="#[19]">MPU9150AppCallback</a> from board.o(i.MPU9150AppCallback) referenced from board.o(i.initI2C)
 <LI><a href="#[12]">MPU9150Callback</a> from mpu9150.o(i.MPU9150Callback) referenced from mpu9150.o(i.MPU9150Callback)
 <LI><a href="#[12]">MPU9150Callback</a> from mpu9150.o(i.MPU9150Callback) referenced from mpu9150.o(i.MPU9150DataRead)
 <LI><a href="#[12]">MPU9150Callback</a> from mpu9150.o(i.MPU9150Callback) referenced from mpu9150.o(i.MPU9150Init)
 <LI><a href="#[12]">MPU9150Callback</a> from mpu9150.o(i.MPU9150Callback) referenced from mpu9150.o(i.MPU9150Write)
 <LI><a href="#[1]">NmiSR</a> from startup_rvmdk.o(RESET) referenced from startup_rvmdk.o(RESET)
 <LI><a href="#[29]">Reset_Handler</a> from startup_rvmdk.o(RESET) referenced from startup_rvmdk.o(RESET)
 <LI><a href="#[18]">SHT21AppCallback</a> from board.o(i.SHT21AppCallback) referenced from board.o(i.SHT21AppCallback)
 <LI><a href="#[18]">SHT21AppCallback</a> from board.o(i.SHT21AppCallback) referenced from board.o(i.Timer1IntHandler)
 <LI><a href="#[18]">SHT21AppCallback</a> from board.o(i.SHT21AppCallback) referenced from board.o(i.initI2C)
 <LI><a href="#[13]">SHT21Callback</a> from sht21.o(i.SHT21Callback) referenced from sht21.o(i.SHT21DataRead)
 <LI><a href="#[13]">SHT21Callback</a> from sht21.o(i.SHT21Callback) referenced from sht21.o(i.SHT21Init)
 <LI><a href="#[13]">SHT21Callback</a> from sht21.o(i.SHT21Callback) referenced from sht21.o(i.SHT21Write)
 <LI><a href="#[28]">SimpleLinkNetAppEventHandler</a> from main.o(i.SimpleLinkNetAppEventHandler) referenced from driver.o(.constdata)
 <LI><a href="#[27]">SimpleLinkSockEventHandler</a> from main.o(i.SimpleLinkSockEventHandler) referenced from driver.o(.constdata)
 <LI><a href="#[26]">SimpleLinkWlanEventHandler</a> from main.o(i.SimpleLinkWlanEventHandler) referenced from driver.o(.constdata)
 <LI><a href="#[15]">TMP006AppCallback</a> from board.o(i.TMP006AppCallback) referenced from board.o(i.Timer1IntHandler)
 <LI><a href="#[15]">TMP006AppCallback</a> from board.o(i.TMP006AppCallback) referenced from board.o(i.initI2C)
 <LI><a href="#[14]">TMP006Callback</a> from tmp006.o(i.TMP006Callback) referenced from tmp006.o(i.TMP006Callback)
 <LI><a href="#[14]">TMP006Callback</a> from tmp006.o(i.TMP006Callback) referenced from tmp006.o(i.TMP006DataRead)
 <LI><a href="#[14]">TMP006Callback</a> from tmp006.o(i.TMP006Callback) referenced from tmp006.o(i.TMP006Init)
 <LI><a href="#[5]">Timer0IntHandler</a> from board.o(i.Timer0IntHandler) referenced from startup_rvmdk.o(RESET)
 <LI><a href="#[6]">Timer1IntHandler</a> from board.o(i.Timer1IntHandler) referenced from startup_rvmdk.o(RESET)
 <LI><a href="#[25]">_SlDrvDeviceEventHandler</a> from device.o(i._SlDrvDeviceEventHandler) referenced from driver.o(.constdata)
 <LI><a href="#[1c]">_SlDrvMsgReadSpawnCtx</a> from driver.o(i._SlDrvMsgReadSpawnCtx) referenced from driver.o(i._SlDrvMsgReadCmdCtx)
 <LI><a href="#[1c]">_SlDrvMsgReadSpawnCtx</a> from driver.o(i._SlDrvMsgReadSpawnCtx) referenced from driver.o(i._SlDrvRxIrqHandler)
 <LI><a href="#[1a]">_SlDrvNetAppEventHandler</a> from netapp.o(i._SlDrvNetAppEventHandler) referenced from driver.o(i._SlDrvClassifyRxMsg)
 <LI><a href="#[1e]">_SlDrvRxIrqHandler</a> from driver.o(i._SlDrvRxIrqHandler) referenced from device.o(i.sl_Start)
 <LI><a href="#[b]">_sbackspace</a> from _sgetc.o(.text) referenced from __0sscanf.o(.text)
 <LI><a href="#[c]">_scanf_char_input</a> from scanf_char.o(.text) referenced from scanf_char.o(.text)
 <LI><a href="#[a]">_sgetc</a> from _sgetc.o(.text) referenced from __0sscanf.o(.text)
 <LI><a href="#[1f]">_sl_HandleAsync_Accept</a> from socket.o(i._sl_HandleAsync_Accept) referenced from driver.o(.constdata)
 <LI><a href="#[20]">_sl_HandleAsync_Connect</a> from socket.o(i._sl_HandleAsync_Connect) referenced from driver.o(.constdata)
 <LI><a href="#[22]">_sl_HandleAsync_DnsGetHostByName</a> from netapp.o(i._sl_HandleAsync_DnsGetHostByName) referenced from driver.o(.constdata)
 <LI><a href="#[23]">_sl_HandleAsync_DnsGetHostByService</a> from netapp.o(i._sl_HandleAsync_DnsGetHostByService) referenced from driver.o(.constdata)
 <LI><a href="#[1b]">_sl_HandleAsync_PingResponse</a> from netapp.o(i._sl_HandleAsync_PingResponse) referenced from driver.o(.constdata)
 <LI><a href="#[1b]">_sl_HandleAsync_PingResponse</a> from netapp.o(i._sl_HandleAsync_PingResponse) referenced from driver.o(i._SlDrvClassifyRxMsg)
 <LI><a href="#[21]">_sl_HandleAsync_Select</a> from socket.o(i._sl_HandleAsync_Select) referenced from driver.o(.constdata)
 <LI><a href="#[24]">_sl_HandleAsync_Stop</a> from device.o(i._sl_HandleAsync_Stop) referenced from driver.o(.constdata)
 <LI><a href="#[1d]">_sputc</a> from printf6.o(i._sputc) referenced from printf6.o(i.__0sprintf$6)
 <LI><a href="#[d]">isspace</a> from isspace_c.o(.text) referenced from scanf_char.o(.text)
 <LI><a href="#[9]">main</a> from main.o(i.main) referenced from entry9a.o(.ARM.Collect$$$$0000000B)
</UL>
<P>
<H3>
Global Symbols
</H3>
<P><STRONG><a name="[29]"></a>Reset_Handler</STRONG> (Thumb, 0 bytes, Stack size unknown bytes, startup_rvmdk.o(RESET))
<BR><BR>[Calls]<UL><LI><a href="#[2a]">&gt;&gt;</a>&nbsp;&nbsp;&nbsp;__main
</UL>

<P><STRONG><a name="[2a]"></a>__main</STRONG> (Thumb, 0 bytes, Stack size unknown bytes, entry.o(.ARM.Collect$$$$00000000))
<BR><BR>[Called By]<UL><LI><a href="#[29]">&gt;&gt;</a>&nbsp;&nbsp;&nbsp;Reset_Handler
</UL>

<P><STRONG><a name="[fd]"></a>_main_stk</STRONG> (Thumb, 0 bytes, Stack size unknown bytes, entry2.o(.ARM.Collect$$$$00000001))

<P><STRONG><a name="[2b]"></a>_main_scatterload</STRONG> (Thumb, 0 bytes, Stack size unknown bytes, entry5.o(.ARM.Collect$$$$00000004))
<BR><BR>[Calls]<UL><LI><a href="#[2c]">&gt;&gt;</a>&nbsp;&nbsp;&nbsp;__scatterload
</UL>

<P><STRONG><a name="[47]"></a>__main_after_scatterload</STRONG> (Thumb, 0 bytes, Stack size unknown bytes, entry5.o(.ARM.Collect$$$$00000004))
<BR><BR>[Called By]<UL><LI><a href="#[2c]">&gt;&gt;</a>&nbsp;&nbsp;&nbsp;__scatterload
</UL>

<P><STRONG><a name="[fe]"></a>_main_clock</STRONG> (Thumb, 0 bytes, Stack size unknown bytes, entry7b.o(.ARM.Collect$$$$00000008))

<P><STRONG><a name="[ff]"></a>_main_cpp_init</STRONG> (Thumb, 0 bytes, Stack size unknown bytes, entry8b.o(.ARM.Collect$$$$0000000A))

<P><STRONG><a name="[100]"></a>_main_init</STRONG> (Thumb, 0 bytes, Stack size unknown bytes, entry9a.o(.ARM.Collect$$$$0000000B))

<P><STRONG><a name="[101]"></a>__rt_final_cpp</STRONG> (Thumb, 0 bytes, Stack size unknown bytes, entry10a.o(.ARM.Collect$$$$0000000D))

<P><STRONG><a name="[102]"></a>__rt_final_exit</STRONG> (Thumb, 0 bytes, Stack size unknown bytes, entry11a.o(.ARM.Collect$$$$0000000F))

<P><STRONG><a name="[2d]"></a>SysCtlDelay</STRONG> (Thumb, 6 bytes, Stack size 0 bytes, sysctl.o(.emb_text))
<BR><BR>[Calls]<UL><LI><a href="#[2d]">&gt;&gt;</a>&nbsp;&nbsp;&nbsp;SysCtlDelay
</UL>
<BR>[Called By]<UL><LI><a href="#[f6]">&gt;&gt;</a>&nbsp;&nbsp;&nbsp;spi_Open
<LI><a href="#[2d]">&gt;&gt;</a>&nbsp;&nbsp;&nbsp;SysCtlDelay
<LI><a href="#[e0]">&gt;&gt;</a>&nbsp;&nbsp;&nbsp;initI2C
<LI><a href="#[18]">&gt;&gt;</a>&nbsp;&nbsp;&nbsp;SHT21AppCallback
<LI><a href="#[17]">&gt;&gt;</a>&nbsp;&nbsp;&nbsp;ISL29023AppCallback
</UL>

<P><STRONG><a name="[103]"></a>CPUcpsid</STRONG> (Thumb, 8 bytes, Stack size 0 bytes, cpu.o(.emb_text), UNUSED)

<P><STRONG><a name="[104]"></a>CPUprimask</STRONG> (Thumb, 6 bytes, Stack size 0 bytes, cpu.o(.emb_text), UNUSED)

<P><STRONG><a name="[90]"></a>CPUcpsie</STRONG> (Thumb, 8 bytes, Stack size 0 bytes, cpu.o(.emb_text))
<BR><BR>[Called By]<UL><LI><a href="#[8f]">&gt;&gt;</a>&nbsp;&nbsp;&nbsp;IntMasterEnable
</UL>

<P><STRONG><a name="[105]"></a>CPUwfi</STRONG> (Thumb, 4 bytes, Stack size 0 bytes, cpu.o(.emb_text), UNUSED)

<P><STRONG><a name="[91]"></a>CPUbasepriSet</STRONG> (Thumb, 6 bytes, Stack size 0 bytes, cpu.o(.emb_text))
<BR><BR>[Called By]<UL><LI><a href="#[87]">&gt;&gt;</a>&nbsp;&nbsp;&nbsp;IntPriorityMaskSet
</UL>

<P><STRONG><a name="[106]"></a>CPUbasepriGet</STRONG> (Thumb, 6 bytes, Stack size 0 bytes, cpu.o(.emb_text), UNUSED)

<P><STRONG><a name="[a4]"></a>__aeabi_memcpy</STRONG> (Thumb, 36 bytes, Stack size 0 bytes, memcpya.o(.text))
<BR><BR>[Called By]<UL><LI><a href="#[a0]">&gt;&gt;</a>&nbsp;&nbsp;&nbsp;SimpleLinkHttpServerCallback
<LI><a href="#[c7]">&gt;&gt;</a>&nbsp;&nbsp;&nbsp;_sl_NetAppSendTokenValue
<LI><a href="#[1b]">&gt;&gt;</a>&nbsp;&nbsp;&nbsp;_sl_HandleAsync_PingResponse
<LI><a href="#[23]">&gt;&gt;</a>&nbsp;&nbsp;&nbsp;_sl_HandleAsync_DnsGetHostByService
<LI><a href="#[22]">&gt;&gt;</a>&nbsp;&nbsp;&nbsp;_sl_HandleAsync_DnsGetHostByName
<LI><a href="#[bd]">&gt;&gt;</a>&nbsp;&nbsp;&nbsp;_SlDrvMsgRead
</UL>

<P><STRONG><a name="[b6]"></a>__aeabi_memcpy4</STRONG> (Thumb, 0 bytes, Stack size 0 bytes, memcpya.o(.text))
<BR><BR>[Called By]<UL><LI><a href="#[b5]">&gt;&gt;</a>&nbsp;&nbsp;&nbsp;_SlDrvCmdSend
</UL>

<P><STRONG><a name="[107]"></a>__aeabi_memcpy8</STRONG> (Thumb, 0 bytes, Stack size 0 bytes, memcpya.o(.text), UNUSED)

<P><STRONG><a name="[2f]"></a>__aeabi_memset</STRONG> (Thumb, 14 bytes, Stack size 0 bytes, memseta.o(.text))
<BR><BR>[Called By]<UL><LI><a href="#[30]">&gt;&gt;</a>&nbsp;&nbsp;&nbsp;_memset$wrapper
<LI><a href="#[2e]">&gt;&gt;</a>&nbsp;&nbsp;&nbsp;__aeabi_memclr
</UL>

<P><STRONG><a name="[108]"></a>__aeabi_memset4</STRONG> (Thumb, 0 bytes, Stack size 0 bytes, memseta.o(.text), UNUSED)

<P><STRONG><a name="[109]"></a>__aeabi_memset8</STRONG> (Thumb, 0 bytes, Stack size 0 bytes, memseta.o(.text), UNUSED)

<P><STRONG><a name="[2e]"></a>__aeabi_memclr</STRONG> (Thumb, 4 bytes, Stack size 0 bytes, memseta.o(.text))
<BR><BR>[Calls]<UL><LI><a href="#[2f]">&gt;&gt;</a>&nbsp;&nbsp;&nbsp;__aeabi_memset
</UL>
<BR>[Called By]<UL><LI><a href="#[9]">&gt;&gt;</a>&nbsp;&nbsp;&nbsp;main
<LI><a href="#[bb]">&gt;&gt;</a>&nbsp;&nbsp;&nbsp;_SlDrvMemZero
</UL>

<P><STRONG><a name="[49]"></a>__aeabi_memclr4</STRONG> (Thumb, 0 bytes, Stack size 0 bytes, memseta.o(.text))
<BR><BR>[Called By]<UL><LI><a href="#[ba]">&gt;&gt;</a>&nbsp;&nbsp;&nbsp;_SlDrvDriverCBInit
<LI><a href="#[a0]">&gt;&gt;</a>&nbsp;&nbsp;&nbsp;SimpleLinkHttpServerCallback
<LI><a href="#[15]">&gt;&gt;</a>&nbsp;&nbsp;&nbsp;TMP006AppCallback
<LI><a href="#[18]">&gt;&gt;</a>&nbsp;&nbsp;&nbsp;SHT21AppCallback
<LI><a href="#[17]">&gt;&gt;</a>&nbsp;&nbsp;&nbsp;ISL29023AppCallback
<LI><a href="#[16]">&gt;&gt;</a>&nbsp;&nbsp;&nbsp;BMP180AppCallback
</UL>

<P><STRONG><a name="[10a]"></a>__aeabi_memclr8</STRONG> (Thumb, 0 bytes, Stack size 0 bytes, memseta.o(.text), UNUSED)

<P><STRONG><a name="[30]"></a>_memset$wrapper</STRONG> (Thumb, 18 bytes, Stack size 8 bytes, memseta.o(.text), UNUSED)
<BR><BR>[Calls]<UL><LI><a href="#[2f]">&gt;&gt;</a>&nbsp;&nbsp;&nbsp;__aeabi_memset
</UL>

<P><STRONG><a name="[5b]"></a>strlen</STRONG> (Thumb, 14 bytes, Stack size 0 bytes, strlen.o(.text))
<BR><BR>[Called By]<UL><LI><a href="#[a0]">&gt;&gt;</a>&nbsp;&nbsp;&nbsp;SimpleLinkHttpServerCallback
<LI><a href="#[5a]">&gt;&gt;</a>&nbsp;&nbsp;&nbsp;CLI_Write
</UL>

<P><STRONG><a name="[a1]"></a>memcmp</STRONG> (Thumb, 26 bytes, Stack size 12 bytes, memcmp.o(.text))
<BR><BR>[Stack]<UL><LI>Max Depth = 12<LI>Call Chain = memcmp
</UL>
<BR>[Called By]<UL><LI><a href="#[a0]">&gt;&gt;</a>&nbsp;&nbsp;&nbsp;SimpleLinkHttpServerCallback
</UL>

<P><STRONG><a name="[31]"></a>__0sscanf</STRONG> (Thumb, 48 bytes, Stack size 72 bytes, __0sscanf.o(.text))
<BR><BR>[Stack]<UL><LI>Max Depth = 216<LI>Call Chain = __0sscanf &rArr; __vfscanf_char &rArr; __vfscanf &rArr; _scanf_int
</UL>
<BR>[Calls]<UL><LI><a href="#[32]">&gt;&gt;</a>&nbsp;&nbsp;&nbsp;__vfscanf_char
</UL>
<BR>[Called By]<UL><LI><a href="#[a0]">&gt;&gt;</a>&nbsp;&nbsp;&nbsp;SimpleLinkHttpServerCallback
</UL>

<P><STRONG><a name="[33]"></a>_scanf_int</STRONG> (Thumb, 332 bytes, Stack size 56 bytes, _scanf_int.o(.text))
<BR><BR>[Stack]<UL><LI>Max Depth = 56<LI>Call Chain = _scanf_int
</UL>
<BR>[Calls]<UL><LI><a href="#[34]">&gt;&gt;</a>&nbsp;&nbsp;&nbsp;_chval
</UL>
<BR>[Called By]<UL><LI><a href="#[45]">&gt;&gt;</a>&nbsp;&nbsp;&nbsp;__vfscanf
</UL>

<P><STRONG><a name="[35]"></a>__aeabi_fadd</STRONG> (Thumb, 164 bytes, Stack size 16 bytes, fadd.o(.text))
<BR><BR>[Stack]<UL><LI>Max Depth = 20<LI>Call Chain = __aeabi_fadd &rArr; _float_epilogue
</UL>
<BR>[Calls]<UL><LI><a href="#[37]">&gt;&gt;</a>&nbsp;&nbsp;&nbsp;_float_round
<LI><a href="#[36]">&gt;&gt;</a>&nbsp;&nbsp;&nbsp;_float_epilogue
</UL>
<BR>[Called By]<UL><LI><a href="#[39]">&gt;&gt;</a>&nbsp;&nbsp;&nbsp;__aeabi_frsub
<LI><a href="#[19]">&gt;&gt;</a>&nbsp;&nbsp;&nbsp;MPU9150AppCallback
<LI><a href="#[38]">&gt;&gt;</a>&nbsp;&nbsp;&nbsp;__aeabi_fsub
</UL>

<P><STRONG><a name="[38]"></a>__aeabi_fsub</STRONG> (Thumb, 6 bytes, Stack size 0 bytes, fadd.o(.text), UNUSED)
<BR><BR>[Calls]<UL><LI><a href="#[35]">&gt;&gt;</a>&nbsp;&nbsp;&nbsp;__aeabi_fadd
</UL>

<P><STRONG><a name="[39]"></a>__aeabi_frsub</STRONG> (Thumb, 6 bytes, Stack size 0 bytes, fadd.o(.text))
<BR><BR>[Stack]<UL><LI>Max Depth = 20<LI>Call Chain = __aeabi_frsub &rArr; __aeabi_fadd &rArr; _float_epilogue
</UL>
<BR>[Calls]<UL><LI><a href="#[35]">&gt;&gt;</a>&nbsp;&nbsp;&nbsp;__aeabi_fadd
</UL>
<BR>[Called By]<UL><LI><a href="#[16]">&gt;&gt;</a>&nbsp;&nbsp;&nbsp;BMP180AppCallback
</UL>

<P><STRONG><a name="[4d]"></a>__aeabi_fmul</STRONG> (Thumb, 100 bytes, Stack size 8 bytes, fmul.o(.text))
<BR><BR>[Stack]<UL><LI>Max Depth = 8<LI>Call Chain = __aeabi_fmul
</UL>
<BR>[Called By]<UL><LI><a href="#[15]">&gt;&gt;</a>&nbsp;&nbsp;&nbsp;TMP006AppCallback
<LI><a href="#[18]">&gt;&gt;</a>&nbsp;&nbsp;&nbsp;SHT21AppCallback
<LI><a href="#[19]">&gt;&gt;</a>&nbsp;&nbsp;&nbsp;MPU9150AppCallback
<LI><a href="#[17]">&gt;&gt;</a>&nbsp;&nbsp;&nbsp;ISL29023AppCallback
<LI><a href="#[16]">&gt;&gt;</a>&nbsp;&nbsp;&nbsp;BMP180AppCallback
</UL>

<P><STRONG><a name="[3a]"></a>__aeabi_fdiv</STRONG> (Thumb, 124 bytes, Stack size 8 bytes, fdiv.o(.text))
<BR><BR>[Stack]<UL><LI>Max Depth = 8<LI>Call Chain = __aeabi_fdiv
</UL>
<BR>[Calls]<UL><LI><a href="#[37]">&gt;&gt;</a>&nbsp;&nbsp;&nbsp;_float_round
</UL>
<BR>[Called By]<UL><LI><a href="#[16]">&gt;&gt;</a>&nbsp;&nbsp;&nbsp;BMP180AppCallback
</UL>

<P><STRONG><a name="[3b]"></a>__aeabi_dadd</STRONG> (Thumb, 322 bytes, Stack size 48 bytes, dadd.o(.text))
<BR><BR>[Stack]<UL><LI>Max Depth = 88<LI>Call Chain = __aeabi_dadd &rArr; _double_epilogue &rArr; _double_round
</UL>
<BR>[Calls]<UL><LI><a href="#[3d]">&gt;&gt;</a>&nbsp;&nbsp;&nbsp;__aeabi_lasr
<LI><a href="#[3c]">&gt;&gt;</a>&nbsp;&nbsp;&nbsp;__aeabi_llsl
<LI><a href="#[3f]">&gt;&gt;</a>&nbsp;&nbsp;&nbsp;_double_round
<LI><a href="#[3e]">&gt;&gt;</a>&nbsp;&nbsp;&nbsp;_double_epilogue
</UL>
<BR>[Called By]<UL><LI><a href="#[a8]">&gt;&gt;</a>&nbsp;&nbsp;&nbsp;TMP006DataTemperatureGetFloat
<LI><a href="#[9b]">&gt;&gt;</a>&nbsp;&nbsp;&nbsp;SHT21DataTemperatureGetFloat
<LI><a href="#[40]">&gt;&gt;</a>&nbsp;&nbsp;&nbsp;__aeabi_dsub
<LI><a href="#[41]">&gt;&gt;</a>&nbsp;&nbsp;&nbsp;__aeabi_drsub
</UL>

<P><STRONG><a name="[40]"></a>__aeabi_dsub</STRONG> (Thumb, 6 bytes, Stack size 0 bytes, dadd.o(.text))
<BR><BR>[Stack]<UL><LI>Max Depth = 88<LI>Call Chain = __aeabi_dsub &rArr; __aeabi_dadd &rArr; _double_epilogue &rArr; _double_round
</UL>
<BR>[Calls]<UL><LI><a href="#[3b]">&gt;&gt;</a>&nbsp;&nbsp;&nbsp;__aeabi_dadd
</UL>
<BR>[Called By]<UL><LI><a href="#[a8]">&gt;&gt;</a>&nbsp;&nbsp;&nbsp;TMP006DataTemperatureGetFloat
<LI><a href="#[d6]">&gt;&gt;</a>&nbsp;&nbsp;&nbsp;__hardfp_powf
</UL>

<P><STRONG><a name="[41]"></a>__aeabi_drsub</STRONG> (Thumb, 6 bytes, Stack size 0 bytes, dadd.o(.text))
<BR><BR>[Stack]<UL><LI>Max Depth = 88<LI>Call Chain = __aeabi_drsub &rArr; __aeabi_dadd &rArr; _double_epilogue &rArr; _double_round
</UL>
<BR>[Calls]<UL><LI><a href="#[3b]">&gt;&gt;</a>&nbsp;&nbsp;&nbsp;__aeabi_dadd
</UL>
<BR>[Called By]<UL><LI><a href="#[65]">&gt;&gt;</a>&nbsp;&nbsp;&nbsp;CompDCMUpdate
</UL>

<P><STRONG><a name="[42]"></a>__aeabi_dmul</STRONG> (Thumb, 228 bytes, Stack size 48 bytes, dmul.o(.text))
<BR><BR>[Stack]<UL><LI>Max Depth = 88<LI>Call Chain = __aeabi_dmul &rArr; _double_epilogue &rArr; _double_round
</UL>
<BR>[Calls]<UL><LI><a href="#[3e]">&gt;&gt;</a>&nbsp;&nbsp;&nbsp;_double_epilogue
</UL>
<BR>[Called By]<UL><LI><a href="#[a8]">&gt;&gt;</a>&nbsp;&nbsp;&nbsp;TMP006DataTemperatureGetFloat
<LI><a href="#[9b]">&gt;&gt;</a>&nbsp;&nbsp;&nbsp;SHT21DataTemperatureGetFloat
<LI><a href="#[94]">&gt;&gt;</a>&nbsp;&nbsp;&nbsp;MPU9150DataMagnetoGetFloat
<LI><a href="#[65]">&gt;&gt;</a>&nbsp;&nbsp;&nbsp;CompDCMUpdate
</UL>

<P><STRONG><a name="[43]"></a>__aeabi_i2d</STRONG> (Thumb, 34 bytes, Stack size 16 bytes, dflti.o(.text))
<BR><BR>[Stack]<UL><LI>Max Depth = 56<LI>Call Chain = __aeabi_i2d &rArr; _double_epilogue &rArr; _double_round
</UL>
<BR>[Calls]<UL><LI><a href="#[3e]">&gt;&gt;</a>&nbsp;&nbsp;&nbsp;_double_epilogue
</UL>
<BR>[Called By]<UL><LI><a href="#[a8]">&gt;&gt;</a>&nbsp;&nbsp;&nbsp;TMP006DataTemperatureGetFloat
</UL>

<P><STRONG><a name="[4c]"></a>__aeabi_f2iz</STRONG> (Thumb, 50 bytes, Stack size 0 bytes, ffixi.o(.text))
<BR><BR>[Called By]<UL><LI><a href="#[15]">&gt;&gt;</a>&nbsp;&nbsp;&nbsp;TMP006AppCallback
<LI><a href="#[18]">&gt;&gt;</a>&nbsp;&nbsp;&nbsp;SHT21AppCallback
<LI><a href="#[19]">&gt;&gt;</a>&nbsp;&nbsp;&nbsp;MPU9150AppCallback
<LI><a href="#[17]">&gt;&gt;</a>&nbsp;&nbsp;&nbsp;ISL29023AppCallback
<LI><a href="#[16]">&gt;&gt;</a>&nbsp;&nbsp;&nbsp;BMP180AppCallback
</UL>

<P><STRONG><a name="[67]"></a>__aeabi_f2d</STRONG> (Thumb, 38 bytes, Stack size 0 bytes, f2d.o(.text))
<BR><BR>[Called By]<UL><LI><a href="#[a8]">&gt;&gt;</a>&nbsp;&nbsp;&nbsp;TMP006DataTemperatureGetFloat
<LI><a href="#[9b]">&gt;&gt;</a>&nbsp;&nbsp;&nbsp;SHT21DataTemperatureGetFloat
<LI><a href="#[94]">&gt;&gt;</a>&nbsp;&nbsp;&nbsp;MPU9150DataMagnetoGetFloat
<LI><a href="#[65]">&gt;&gt;</a>&nbsp;&nbsp;&nbsp;CompDCMUpdate
<LI><a href="#[d6]">&gt;&gt;</a>&nbsp;&nbsp;&nbsp;__hardfp_powf
</UL>

<P><STRONG><a name="[44]"></a>__aeabi_d2f</STRONG> (Thumb, 56 bytes, Stack size 8 bytes, d2f.o(.text))
<BR><BR>[Stack]<UL><LI>Max Depth = 8<LI>Call Chain = __aeabi_d2f
</UL>
<BR>[Calls]<UL><LI><a href="#[37]">&gt;&gt;</a>&nbsp;&nbsp;&nbsp;_float_round
</UL>
<BR>[Called By]<UL><LI><a href="#[a8]">&gt;&gt;</a>&nbsp;&nbsp;&nbsp;TMP006DataTemperatureGetFloat
<LI><a href="#[9b]">&gt;&gt;</a>&nbsp;&nbsp;&nbsp;SHT21DataTemperatureGetFloat
<LI><a href="#[94]">&gt;&gt;</a>&nbsp;&nbsp;&nbsp;MPU9150DataMagnetoGetFloat
<LI><a href="#[65]">&gt;&gt;</a>&nbsp;&nbsp;&nbsp;CompDCMUpdate
<LI><a href="#[d6]">&gt;&gt;</a>&nbsp;&nbsp;&nbsp;__hardfp_powf
</UL>

<P><STRONG><a name="[10b]"></a>__aeabi_cfcmpeq</STRONG> (Thumb, 0 bytes, Stack size 0 bytes, cfcmple.o(.text), UNUSED)

<P><STRONG><a name="[89]"></a>__aeabi_cfcmple</STRONG> (Thumb, 20 bytes, Stack size 0 bytes, cfcmple.o(.text))
<BR><BR>[Called By]<UL><LI><a href="#[17]">&gt;&gt;</a>&nbsp;&nbsp;&nbsp;ISL29023AppCallback
</UL>

<P><STRONG><a name="[88]"></a>__aeabi_cfrcmple</STRONG> (Thumb, 20 bytes, Stack size 0 bytes, cfrcmple.o(.text))
<BR><BR>[Called By]<UL><LI><a href="#[17]">&gt;&gt;</a>&nbsp;&nbsp;&nbsp;ISL29023AppCallback
</UL>

<P><STRONG><a name="[10c]"></a>__aeabi_uidiv</STRONG> (Thumb, 0 bytes, Stack size 12 bytes, uidiv.o(.text), UNUSED)

<P><STRONG><a name="[d8]"></a>__aeabi_uidivmod</STRONG> (Thumb, 44 bytes, Stack size 12 bytes, uidiv.o(.text), UNUSED)
<BR><BR>[Called By]<UL><LI><a href="#[d1]">&gt;&gt;</a>&nbsp;&nbsp;&nbsp;_printf_core
</UL>

<P><STRONG><a name="[3c]"></a>__aeabi_llsl</STRONG> (Thumb, 30 bytes, Stack size 0 bytes, llshl.o(.text))
<BR><BR>[Called By]<UL><LI><a href="#[3b]">&gt;&gt;</a>&nbsp;&nbsp;&nbsp;__aeabi_dadd
<LI><a href="#[3e]">&gt;&gt;</a>&nbsp;&nbsp;&nbsp;_double_epilogue
</UL>

<P><STRONG><a name="[10d]"></a>_ll_shift_l</STRONG> (Thumb, 0 bytes, Stack size 0 bytes, llshl.o(.text), UNUSED)

<P><STRONG><a name="[3d]"></a>__aeabi_lasr</STRONG> (Thumb, 36 bytes, Stack size 0 bytes, llsshr.o(.text))
<BR><BR>[Called By]<UL><LI><a href="#[3b]">&gt;&gt;</a>&nbsp;&nbsp;&nbsp;__aeabi_dadd
</UL>

<P><STRONG><a name="[10e]"></a>_ll_sshift_r</STRONG> (Thumb, 0 bytes, Stack size 0 bytes, llsshr.o(.text), UNUSED)

<P><STRONG><a name="[34]"></a>_chval</STRONG> (Thumb, 28 bytes, Stack size 0 bytes, _chval.o(.text))
<BR><BR>[Called By]<UL><LI><a href="#[33]">&gt;&gt;</a>&nbsp;&nbsp;&nbsp;_scanf_int
</UL>

<P><STRONG><a name="[32]"></a>__vfscanf_char</STRONG> (Thumb, 20 bytes, Stack size 0 bytes, scanf_char.o(.text))
<BR><BR>[Stack]<UL><LI>Max Depth = 144<LI>Call Chain = __vfscanf_char &rArr; __vfscanf &rArr; _scanf_int
</UL>
<BR>[Calls]<UL><LI><a href="#[45]">&gt;&gt;</a>&nbsp;&nbsp;&nbsp;__vfscanf
</UL>
<BR>[Called By]<UL><LI><a href="#[31]">&gt;&gt;</a>&nbsp;&nbsp;&nbsp;__0sscanf
</UL>

<P><STRONG><a name="[a]"></a>_sgetc</STRONG> (Thumb, 30 bytes, Stack size 0 bytes, _sgetc.o(.text))
<BR>[Address Reference Count : 1]<UL><LI> __0sscanf.o(.text)
</UL>
<P><STRONG><a name="[b]"></a>_sbackspace</STRONG> (Thumb, 34 bytes, Stack size 0 bytes, _sgetc.o(.text))
<BR>[Address Reference Count : 1]<UL><LI> __0sscanf.o(.text)
</UL>
<P><STRONG><a name="[10f]"></a>__I$use$fp</STRONG> (Thumb, 0 bytes, Stack size 0 bytes, iusefp.o(.text), UNUSED)

<P><STRONG><a name="[37]"></a>_float_round</STRONG> (Thumb, 18 bytes, Stack size 0 bytes, fepilogue.o(.text))
<BR><BR>[Called By]<UL><LI><a href="#[3a]">&gt;&gt;</a>&nbsp;&nbsp;&nbsp;__aeabi_fdiv
<LI><a href="#[35]">&gt;&gt;</a>&nbsp;&nbsp;&nbsp;__aeabi_fadd
<LI><a href="#[44]">&gt;&gt;</a>&nbsp;&nbsp;&nbsp;__aeabi_d2f
</UL>

<P><STRONG><a name="[36]"></a>_float_epilogue</STRONG> (Thumb, 92 bytes, Stack size 4 bytes, fepilogue.o(.text))
<BR><BR>[Stack]<UL><LI>Max Depth = 4<LI>Call Chain = _float_epilogue
</UL>
<BR>[Called By]<UL><LI><a href="#[35]">&gt;&gt;</a>&nbsp;&nbsp;&nbsp;__aeabi_fadd
</UL>

<P><STRONG><a name="[3f]"></a>_double_round</STRONG> (Thumb, 26 bytes, Stack size 8 bytes, depilogue.o(.text))
<BR><BR>[Stack]<UL><LI>Max Depth = 8<LI>Call Chain = _double_round
</UL>
<BR>[Called By]<UL><LI><a href="#[3b]">&gt;&gt;</a>&nbsp;&nbsp;&nbsp;__aeabi_dadd
<LI><a href="#[3e]">&gt;&gt;</a>&nbsp;&nbsp;&nbsp;_double_epilogue
</UL>

<P><STRONG><a name="[3e]"></a>_double_epilogue</STRONG> (Thumb, 156 bytes, Stack size 32 bytes, depilogue.o(.text))
<BR><BR>[Stack]<UL><LI>Max Depth = 40<LI>Call Chain = _double_epilogue &rArr; _double_round
</UL>
<BR>[Calls]<UL><LI><a href="#[46]">&gt;&gt;</a>&nbsp;&nbsp;&nbsp;__aeabi_llsr
<LI><a href="#[3c]">&gt;&gt;</a>&nbsp;&nbsp;&nbsp;__aeabi_llsl
<LI><a href="#[3f]">&gt;&gt;</a>&nbsp;&nbsp;&nbsp;_double_round
</UL>
<BR>[Called By]<UL><LI><a href="#[43]">&gt;&gt;</a>&nbsp;&nbsp;&nbsp;__aeabi_i2d
<LI><a href="#[3b]">&gt;&gt;</a>&nbsp;&nbsp;&nbsp;__aeabi_dadd
<LI><a href="#[42]">&gt;&gt;</a>&nbsp;&nbsp;&nbsp;__aeabi_dmul
</UL>

<P><STRONG><a name="[2c]"></a>__scatterload</STRONG> (Thumb, 28 bytes, Stack size 0 bytes, init.o(.text))
<BR><BR>[Calls]<UL><LI><a href="#[47]">&gt;&gt;</a>&nbsp;&nbsp;&nbsp;__main_after_scatterload
</UL>
<BR>[Called By]<UL><LI><a href="#[2b]">&gt;&gt;</a>&nbsp;&nbsp;&nbsp;_main_scatterload
</UL>

<P><STRONG><a name="[110]"></a>__scatterload_rt2</STRONG> (Thumb, 0 bytes, Stack size 0 bytes, init.o(.text), UNUSED)

<P><STRONG><a name="[46]"></a>__aeabi_llsr</STRONG> (Thumb, 32 bytes, Stack size 0 bytes, llushr.o(.text))
<BR><BR>[Called By]<UL><LI><a href="#[3e]">&gt;&gt;</a>&nbsp;&nbsp;&nbsp;_double_epilogue
</UL>

<P><STRONG><a name="[111]"></a>_ll_ushift_r</STRONG> (Thumb, 0 bytes, Stack size 0 bytes, llushr.o(.text), UNUSED)

<P><STRONG><a name="[d]"></a>isspace</STRONG> (Thumb, 10 bytes, Stack size 0 bytes, isspace_c.o(.text))
<BR><BR>[Calls]<UL><LI><a href="#[48]">&gt;&gt;</a>&nbsp;&nbsp;&nbsp;__ctype_lookup
</UL>
<BR>[Address Reference Count : 1]<UL><LI> scanf_char.o(.text)
</UL>
<P><STRONG><a name="[45]"></a>__vfscanf</STRONG> (Thumb, 802 bytes, Stack size 88 bytes, _scanf.o(.text))
<BR><BR>[Stack]<UL><LI>Max Depth = 144<LI>Call Chain = __vfscanf &rArr; _scanf_int
</UL>
<BR>[Calls]<UL><LI><a href="#[33]">&gt;&gt;</a>&nbsp;&nbsp;&nbsp;_scanf_int
</UL>
<BR>[Called By]<UL><LI><a href="#[32]">&gt;&gt;</a>&nbsp;&nbsp;&nbsp;__vfscanf_char
</UL>

<P><STRONG><a name="[48]"></a>__ctype_lookup</STRONG> (Thumb, 34 bytes, Stack size 0 bytes, ctype_c.o(.text))
<BR><BR>[Called By]<UL><LI><a href="#[d]">&gt;&gt;</a>&nbsp;&nbsp;&nbsp;isspace
</UL>

<P><STRONG><a name="[112]"></a>__decompress</STRONG> (Thumb, 0 bytes, Stack size unknown bytes, __dczerorl2.o(.text), UNUSED)

<P><STRONG><a name="[113]"></a>__decompress1</STRONG> (Thumb, 86 bytes, Stack size unknown bytes, __dczerorl2.o(.text), UNUSED)

<P><STRONG><a name="[16]"></a>BMP180AppCallback</STRONG> (Thumb, 226 bytes, Stack size 64 bytes, board.o(i.BMP180AppCallback))
<BR><BR>[Stack]<UL><LI>Max Depth = 192<LI>Call Chain = BMP180AppCallback &rArr; powf &rArr; __hardfp_powf &rArr; __aeabi_dsub &rArr; __aeabi_dadd &rArr; _double_epilogue &rArr; _double_round
</UL>
<BR>[Calls]<UL><LI><a href="#[39]">&gt;&gt;</a>&nbsp;&nbsp;&nbsp;__aeabi_frsub
<LI><a href="#[4d]">&gt;&gt;</a>&nbsp;&nbsp;&nbsp;__aeabi_fmul
<LI><a href="#[3a]">&gt;&gt;</a>&nbsp;&nbsp;&nbsp;__aeabi_fdiv
<LI><a href="#[4c]">&gt;&gt;</a>&nbsp;&nbsp;&nbsp;__aeabi_f2iz
<LI><a href="#[4f]">&gt;&gt;</a>&nbsp;&nbsp;&nbsp;TimerEnable
<LI><a href="#[4a]">&gt;&gt;</a>&nbsp;&nbsp;&nbsp;BMP180DataTemperatureGetFloat
<LI><a href="#[4b]">&gt;&gt;</a>&nbsp;&nbsp;&nbsp;BMP180DataPressureGetFloat
<LI><a href="#[49]">&gt;&gt;</a>&nbsp;&nbsp;&nbsp;__aeabi_memclr4
<LI><a href="#[4e]">&gt;&gt;</a>&nbsp;&nbsp;&nbsp;powf
</UL>
<BR>[Address Reference Count : 2]<UL><LI> board.o(i.Timer1IntHandler)
<LI> board.o(i.initI2C)
</UL>
<P><STRONG><a name="[4b]"></a>BMP180DataPressureGetFloat</STRONG> (Thumb, 438 bytes, Stack size 0 bytes, bmp180.o(i.BMP180DataPressureGetFloat))
<BR><BR>[Called By]<UL><LI><a href="#[16]">&gt;&gt;</a>&nbsp;&nbsp;&nbsp;BMP180AppCallback
</UL>

<P><STRONG><a name="[52]"></a>BMP180DataRead</STRONG> (Thumb, 86 bytes, Stack size 40 bytes, bmp180.o(i.BMP180DataRead))
<BR><BR>[Stack]<UL><LI>Max Depth = 96<LI>Call Chain = BMP180DataRead &rArr; I2CMCommand
</UL>
<BR>[Calls]<UL><LI><a href="#[51]">&gt;&gt;</a>&nbsp;&nbsp;&nbsp;I2CMCommand
</UL>
<BR>[Called By]<UL><LI><a href="#[6]">&gt;&gt;</a>&nbsp;&nbsp;&nbsp;Timer1IntHandler
</UL>

<P><STRONG><a name="[4a]"></a>BMP180DataTemperatureGetFloat</STRONG> (Thumb, 106 bytes, Stack size 0 bytes, bmp180.o(i.BMP180DataTemperatureGetFloat))
<BR><BR>[Called By]<UL><LI><a href="#[16]">&gt;&gt;</a>&nbsp;&nbsp;&nbsp;BMP180AppCallback
</UL>

<P><STRONG><a name="[53]"></a>BMP180Init</STRONG> (Thumb, 82 bytes, Stack size 40 bytes, bmp180.o(i.BMP180Init))
<BR><BR>[Stack]<UL><LI>Max Depth = 96<LI>Call Chain = BMP180Init &rArr; I2CMCommand
</UL>
<BR>[Calls]<UL><LI><a href="#[51]">&gt;&gt;</a>&nbsp;&nbsp;&nbsp;I2CMCommand
</UL>
<BR>[Called By]<UL><LI><a href="#[e0]">&gt;&gt;</a>&nbsp;&nbsp;&nbsp;initI2C
</UL>

<P><STRONG><a name="[54]"></a>CC3100_InterruptDisable</STRONG> (Thumb, 8 bytes, Stack size 0 bytes, board.o(i.CC3100_InterruptDisable))
<BR><BR>[Calls]<UL><LI><a href="#[55]">&gt;&gt;</a>&nbsp;&nbsp;&nbsp;GPIOIntDisable
</UL>
<BR>[Called By]<UL><LI><a href="#[f7]">&gt;&gt;</a>&nbsp;&nbsp;&nbsp;spi_Close
</UL>

<P><STRONG><a name="[56]"></a>CC3100_InterruptEnable</STRONG> (Thumb, 8 bytes, Stack size 0 bytes, board.o(i.CC3100_InterruptEnable))
<BR><BR>[Calls]<UL><LI><a href="#[57]">&gt;&gt;</a>&nbsp;&nbsp;&nbsp;GPIOIntEnable
</UL>
<BR>[Called By]<UL><LI><a href="#[f6]">&gt;&gt;</a>&nbsp;&nbsp;&nbsp;spi_Open
</UL>

<P><STRONG><a name="[f3]"></a>CC3100_disable</STRONG> (Thumb, 16 bytes, Stack size 0 bytes, board.o(i.CC3100_disable))
<BR><BR>[Called By]<UL><LI><a href="#[f0]">&gt;&gt;</a>&nbsp;&nbsp;&nbsp;sl_Stop
<LI><a href="#[ed]">&gt;&gt;</a>&nbsp;&nbsp;&nbsp;sl_Start
</UL>

<P><STRONG><a name="[f5]"></a>CC3100_enable</STRONG> (Thumb, 16 bytes, Stack size 0 bytes, board.o(i.CC3100_enable))
<BR><BR>[Called By]<UL><LI><a href="#[ed]">&gt;&gt;</a>&nbsp;&nbsp;&nbsp;sl_Start
</UL>

<P><STRONG><a name="[58]"></a>CLI_Configure</STRONG> (Thumb, 116 bytes, Stack size 16 bytes, cli_uart.o(i.CLI_Configure))
<BR><BR>[Stack]<UL><LI>Max Depth = 16<LI>Call Chain = CLI_Configure
</UL>
<BR>[Calls]<UL><LI><a href="#[59]">&gt;&gt;</a>&nbsp;&nbsp;&nbsp;GPIOPinConfigure
</UL>
<BR>[Called By]<UL><LI><a href="#[9]">&gt;&gt;</a>&nbsp;&nbsp;&nbsp;main
</UL>

<P><STRONG><a name="[5a]"></a>CLI_Write</STRONG> (Thumb, 58 bytes, Stack size 24 bytes, cli_uart.o(i.CLI_Write))
<BR><BR>[Stack]<UL><LI>Max Depth = 24<LI>Call Chain = CLI_Write
</UL>
<BR>[Calls]<UL><LI><a href="#[5b]">&gt;&gt;</a>&nbsp;&nbsp;&nbsp;strlen
</UL>
<BR>[Called By]<UL><LI><a href="#[9]">&gt;&gt;</a>&nbsp;&nbsp;&nbsp;main
<LI><a href="#[26]">&gt;&gt;</a>&nbsp;&nbsp;&nbsp;SimpleLinkWlanEventHandler
<LI><a href="#[27]">&gt;&gt;</a>&nbsp;&nbsp;&nbsp;SimpleLinkSockEventHandler
<LI><a href="#[28]">&gt;&gt;</a>&nbsp;&nbsp;&nbsp;SimpleLinkNetAppEventHandler
<LI><a href="#[a0]">&gt;&gt;</a>&nbsp;&nbsp;&nbsp;SimpleLinkHttpServerCallback
<LI><a href="#[9f]">&gt;&gt;</a>&nbsp;&nbsp;&nbsp;SimpleLinkGeneralEventHandler
</UL>

<P><STRONG><a name="[96]"></a>CompDCMAccelUpdate</STRONG> (Thumb, 14 bytes, Stack size 0 bytes, comp_dcm.o(i.CompDCMAccelUpdate))
<BR><BR>[Called By]<UL><LI><a href="#[19]">&gt;&gt;</a>&nbsp;&nbsp;&nbsp;MPU9150AppCallback
</UL>

<P><STRONG><a name="[5c]"></a>CompDCMComputeEulers</STRONG> (Thumb, 76 bytes, Stack size 24 bytes, comp_dcm.o(i.CompDCMComputeEulers))
<BR><BR>[Stack]<UL><LI>Max Depth = 64<LI>Call Chain = CompDCMComputeEulers &rArr; __hardfp_asinf &rArr; sqrtf
</UL>
<BR>[Calls]<UL><LI><a href="#[5d]">&gt;&gt;</a>&nbsp;&nbsp;&nbsp;__hardfp_atan2f
<LI><a href="#[5e]">&gt;&gt;</a>&nbsp;&nbsp;&nbsp;__hardfp_asinf
</UL>
<BR>[Called By]<UL><LI><a href="#[19]">&gt;&gt;</a>&nbsp;&nbsp;&nbsp;MPU9150AppCallback
</UL>

<P><STRONG><a name="[5f]"></a>CompDCMComputeQuaternion</STRONG> (Thumb, 532 bytes, Stack size 24 bytes, comp_dcm.o(i.CompDCMComputeQuaternion))
<BR><BR>[Stack]<UL><LI>Max Depth = 40<LI>Call Chain = CompDCMComputeQuaternion &rArr; __hardfp_sqrtf
</UL>
<BR>[Calls]<UL><LI><a href="#[60]">&gt;&gt;</a>&nbsp;&nbsp;&nbsp;__hardfp_sqrtf
</UL>
<BR>[Called By]<UL><LI><a href="#[19]">&gt;&gt;</a>&nbsp;&nbsp;&nbsp;MPU9150AppCallback
</UL>

<P><STRONG><a name="[97]"></a>CompDCMGyroUpdate</STRONG> (Thumb, 14 bytes, Stack size 0 bytes, comp_dcm.o(i.CompDCMGyroUpdate))
<BR><BR>[Called By]<UL><LI><a href="#[19]">&gt;&gt;</a>&nbsp;&nbsp;&nbsp;MPU9150AppCallback
</UL>

<P><STRONG><a name="[e4]"></a>CompDCMInit</STRONG> (Thumb, 54 bytes, Stack size 0 bytes, comp_dcm.o(i.CompDCMInit))
<BR><BR>[Called By]<UL><LI><a href="#[e0]">&gt;&gt;</a>&nbsp;&nbsp;&nbsp;initI2C
</UL>

<P><STRONG><a name="[95]"></a>CompDCMMagnetoUpdate</STRONG> (Thumb, 14 bytes, Stack size 0 bytes, comp_dcm.o(i.CompDCMMagnetoUpdate))
<BR><BR>[Called By]<UL><LI><a href="#[19]">&gt;&gt;</a>&nbsp;&nbsp;&nbsp;MPU9150AppCallback
</UL>

<P><STRONG><a name="[61]"></a>CompDCMStart</STRONG> (Thumb, 288 bytes, Stack size 56 bytes, comp_dcm.o(i.CompDCMStart))
<BR><BR>[Stack]<UL><LI>Max Depth = 72<LI>Call Chain = CompDCMStart &rArr; __hardfp_sqrtf
</UL>
<BR>[Calls]<UL><LI><a href="#[64]">&gt;&gt;</a>&nbsp;&nbsp;&nbsp;VectorScale
<LI><a href="#[63]">&gt;&gt;</a>&nbsp;&nbsp;&nbsp;VectorDotProduct
<LI><a href="#[62]">&gt;&gt;</a>&nbsp;&nbsp;&nbsp;VectorCrossProduct
<LI><a href="#[60]">&gt;&gt;</a>&nbsp;&nbsp;&nbsp;__hardfp_sqrtf
</UL>
<BR>[Called By]<UL><LI><a href="#[19]">&gt;&gt;</a>&nbsp;&nbsp;&nbsp;MPU9150AppCallback
</UL>

<P><STRONG><a name="[65]"></a>CompDCMUpdate</STRONG> (Thumb, 716 bytes, Stack size 96 bytes, comp_dcm.o(i.CompDCMUpdate))
<BR><BR>[Stack]<UL><LI>Max Depth = 184<LI>Call Chain = CompDCMUpdate &rArr; __aeabi_drsub &rArr; __aeabi_dadd &rArr; _double_epilogue &rArr; _double_round
</UL>
<BR>[Calls]<UL><LI><a href="#[67]">&gt;&gt;</a>&nbsp;&nbsp;&nbsp;__aeabi_f2d
<LI><a href="#[41]">&gt;&gt;</a>&nbsp;&nbsp;&nbsp;__aeabi_drsub
<LI><a href="#[42]">&gt;&gt;</a>&nbsp;&nbsp;&nbsp;__aeabi_dmul
<LI><a href="#[44]">&gt;&gt;</a>&nbsp;&nbsp;&nbsp;__aeabi_d2f
<LI><a href="#[64]">&gt;&gt;</a>&nbsp;&nbsp;&nbsp;VectorScale
<LI><a href="#[63]">&gt;&gt;</a>&nbsp;&nbsp;&nbsp;VectorDotProduct
<LI><a href="#[62]">&gt;&gt;</a>&nbsp;&nbsp;&nbsp;VectorCrossProduct
<LI><a href="#[66]">&gt;&gt;</a>&nbsp;&nbsp;&nbsp;VectorAdd
<LI><a href="#[60]">&gt;&gt;</a>&nbsp;&nbsp;&nbsp;__hardfp_sqrtf
</UL>
<BR>[Called By]<UL><LI><a href="#[19]">&gt;&gt;</a>&nbsp;&nbsp;&nbsp;MPU9150AppCallback
</UL>

<P><STRONG><a name="[68]"></a>DisableTimer0</STRONG> (Thumb, 18 bytes, Stack size 8 bytes, board.o(i.DisableTimer0))
<BR><BR>[Stack]<UL><LI>Max Depth = 8<LI>Call Chain = DisableTimer0
</UL>
<BR>[Calls]<UL><LI><a href="#[69]">&gt;&gt;</a>&nbsp;&nbsp;&nbsp;TimerDisable
</UL>
<BR>[Called By]<UL><LI><a href="#[a5]">&gt;&gt;</a>&nbsp;&nbsp;&nbsp;ToggleTimer0
</UL>

<P><STRONG><a name="[6a]"></a>EnableTimer0</STRONG> (Thumb, 18 bytes, Stack size 8 bytes, board.o(i.EnableTimer0))
<BR><BR>[Stack]<UL><LI>Max Depth = 8<LI>Call Chain = EnableTimer0
</UL>
<BR>[Calls]<UL><LI><a href="#[4f]">&gt;&gt;</a>&nbsp;&nbsp;&nbsp;TimerEnable
</UL>
<BR>[Called By]<UL><LI><a href="#[a5]">&gt;&gt;</a>&nbsp;&nbsp;&nbsp;ToggleTimer0
</UL>

<P><STRONG><a name="[dd]"></a>FPUEnable</STRONG> (Thumb, 12 bytes, Stack size 0 bytes, fpu.o(i.FPUEnable))
<BR><BR>[Called By]<UL><LI><a href="#[dc]">&gt;&gt;</a>&nbsp;&nbsp;&nbsp;initClk
</UL>

<P><STRONG><a name="[de]"></a>FPULazyStackingEnable</STRONG> (Thumb, 12 bytes, Stack size 0 bytes, fpu.o(i.FPULazyStackingEnable))
<BR><BR>[Called By]<UL><LI><a href="#[dc]">&gt;&gt;</a>&nbsp;&nbsp;&nbsp;initClk
</UL>

<P><STRONG><a name="[6e]"></a>GPIODirModeSet</STRONG> (Thumb, 40 bytes, Stack size 0 bytes, gpio.o(i.GPIODirModeSet))
<BR><BR>[Called By]<UL><LI><a href="#[73]">&gt;&gt;</a>&nbsp;&nbsp;&nbsp;GPIOPinTypeSSI
<LI><a href="#[72]">&gt;&gt;</a>&nbsp;&nbsp;&nbsp;GPIOPinTypeI2CSCL
<LI><a href="#[71]">&gt;&gt;</a>&nbsp;&nbsp;&nbsp;GPIOPinTypeI2C
<LI><a href="#[70]">&gt;&gt;</a>&nbsp;&nbsp;&nbsp;GPIOPinTypeGPIOOutput
<LI><a href="#[6d]">&gt;&gt;</a>&nbsp;&nbsp;&nbsp;GPIOPinTypeGPIOInput
</UL>

<P><STRONG><a name="[6c]"></a>GPIOIntClear</STRONG> (Thumb, 6 bytes, Stack size 0 bytes, gpio.o(i.GPIOIntClear))
<BR><BR>[Called By]<UL><LI><a href="#[f6]">&gt;&gt;</a>&nbsp;&nbsp;&nbsp;spi_Open
<LI><a href="#[4]">&gt;&gt;</a>&nbsp;&nbsp;&nbsp;GPIOPortEIntHandler
<LI><a href="#[7]">&gt;&gt;</a>&nbsp;&nbsp;&nbsp;GPIOM_intHandler
</UL>

<P><STRONG><a name="[55]"></a>GPIOIntDisable</STRONG> (Thumb, 14 bytes, Stack size 0 bytes, gpio.o(i.GPIOIntDisable))
<BR><BR>[Called By]<UL><LI><a href="#[f6]">&gt;&gt;</a>&nbsp;&nbsp;&nbsp;spi_Open
<LI><a href="#[54]">&gt;&gt;</a>&nbsp;&nbsp;&nbsp;CC3100_InterruptDisable
</UL>

<P><STRONG><a name="[57]"></a>GPIOIntEnable</STRONG> (Thumb, 12 bytes, Stack size 0 bytes, gpio.o(i.GPIOIntEnable))
<BR><BR>[Called By]<UL><LI><a href="#[f6]">&gt;&gt;</a>&nbsp;&nbsp;&nbsp;spi_Open
<LI><a href="#[e0]">&gt;&gt;</a>&nbsp;&nbsp;&nbsp;initI2C
<LI><a href="#[56]">&gt;&gt;</a>&nbsp;&nbsp;&nbsp;CC3100_InterruptEnable
</UL>

<P><STRONG><a name="[6b]"></a>GPIOIntStatus</STRONG> (Thumb, 14 bytes, Stack size 0 bytes, gpio.o(i.GPIOIntStatus))
<BR><BR>[Called By]<UL><LI><a href="#[f6]">&gt;&gt;</a>&nbsp;&nbsp;&nbsp;spi_Open
<LI><a href="#[4]">&gt;&gt;</a>&nbsp;&nbsp;&nbsp;GPIOPortEIntHandler
<LI><a href="#[7]">&gt;&gt;</a>&nbsp;&nbsp;&nbsp;GPIOM_intHandler
</UL>

<P><STRONG><a name="[e2]"></a>GPIOIntTypeSet</STRONG> (Thumb, 80 bytes, Stack size 0 bytes, gpio.o(i.GPIOIntTypeSet))
<BR><BR>[Called By]<UL><LI><a href="#[f6]">&gt;&gt;</a>&nbsp;&nbsp;&nbsp;spi_Open
<LI><a href="#[e0]">&gt;&gt;</a>&nbsp;&nbsp;&nbsp;initI2C
</UL>

<P><STRONG><a name="[7]"></a>GPIOM_intHandler</STRONG> (Thumb, 44 bytes, Stack size 16 bytes, board.o(i.GPIOM_intHandler))
<BR><BR>[Stack]<UL><LI>Max Depth = 16<LI>Call Chain = GPIOM_intHandler
</UL>
<BR>[Calls]<UL><LI><a href="#[6b]">&gt;&gt;</a>&nbsp;&nbsp;&nbsp;GPIOIntStatus
<LI><a href="#[6c]">&gt;&gt;</a>&nbsp;&nbsp;&nbsp;GPIOIntClear
</UL>
<BR>[Address Reference Count : 1]<UL><LI> startup_rvmdk.o(RESET)
</UL>
<P><STRONG><a name="[6f]"></a>GPIOPadConfigSet</STRONG> (Thumb, 312 bytes, Stack size 24 bytes, gpio.o(i.GPIOPadConfigSet))
<BR><BR>[Stack]<UL><LI>Max Depth = 24<LI>Call Chain = GPIOPadConfigSet
</UL>
<BR>[Called By]<UL><LI><a href="#[73]">&gt;&gt;</a>&nbsp;&nbsp;&nbsp;GPIOPinTypeSSI
<LI><a href="#[f6]">&gt;&gt;</a>&nbsp;&nbsp;&nbsp;spi_Open
<LI><a href="#[72]">&gt;&gt;</a>&nbsp;&nbsp;&nbsp;GPIOPinTypeI2CSCL
<LI><a href="#[71]">&gt;&gt;</a>&nbsp;&nbsp;&nbsp;GPIOPinTypeI2C
<LI><a href="#[70]">&gt;&gt;</a>&nbsp;&nbsp;&nbsp;GPIOPinTypeGPIOOutput
<LI><a href="#[6d]">&gt;&gt;</a>&nbsp;&nbsp;&nbsp;GPIOPinTypeGPIOInput
</UL>

<P><STRONG><a name="[59]"></a>GPIOPinConfigure</STRONG> (Thumb, 60 bytes, Stack size 0 bytes, gpio.o(i.GPIOPinConfigure))
<BR><BR>[Called By]<UL><LI><a href="#[f6]">&gt;&gt;</a>&nbsp;&nbsp;&nbsp;spi_Open
<LI><a href="#[58]">&gt;&gt;</a>&nbsp;&nbsp;&nbsp;CLI_Configure
<LI><a href="#[e0]">&gt;&gt;</a>&nbsp;&nbsp;&nbsp;initI2C
</UL>

<P><STRONG><a name="[75]"></a>GPIOPinRead</STRONG> (Thumb, 6 bytes, Stack size 0 bytes, gpio.o(i.GPIOPinRead))
<BR><BR>[Called By]<UL><LI><a href="#[6]">&gt;&gt;</a>&nbsp;&nbsp;&nbsp;Timer1IntHandler
<LI><a href="#[5]">&gt;&gt;</a>&nbsp;&nbsp;&nbsp;Timer0IntHandler
<LI><a href="#[74]">&gt;&gt;</a>&nbsp;&nbsp;&nbsp;GetLEDStatus
</UL>

<P><STRONG><a name="[6d]"></a>GPIOPinTypeGPIOInput</STRONG> (Thumb, 28 bytes, Stack size 12 bytes, gpio.o(i.GPIOPinTypeGPIOInput))
<BR><BR>[Stack]<UL><LI>Max Depth = 36<LI>Call Chain = GPIOPinTypeGPIOInput &rArr; GPIOPadConfigSet
</UL>
<BR>[Calls]<UL><LI><a href="#[6f]">&gt;&gt;</a>&nbsp;&nbsp;&nbsp;GPIOPadConfigSet
<LI><a href="#[6e]">&gt;&gt;</a>&nbsp;&nbsp;&nbsp;GPIODirModeSet
</UL>
<BR>[Called By]<UL><LI><a href="#[f6]">&gt;&gt;</a>&nbsp;&nbsp;&nbsp;spi_Open
<LI><a href="#[e0]">&gt;&gt;</a>&nbsp;&nbsp;&nbsp;initI2C
</UL>

<P><STRONG><a name="[70]"></a>GPIOPinTypeGPIOOutput</STRONG> (Thumb, 28 bytes, Stack size 12 bytes, gpio.o(i.GPIOPinTypeGPIOOutput))
<BR><BR>[Stack]<UL><LI>Max Depth = 36<LI>Call Chain = GPIOPinTypeGPIOOutput &rArr; GPIOPadConfigSet
</UL>
<BR>[Calls]<UL><LI><a href="#[6f]">&gt;&gt;</a>&nbsp;&nbsp;&nbsp;GPIOPadConfigSet
<LI><a href="#[6e]">&gt;&gt;</a>&nbsp;&nbsp;&nbsp;GPIODirModeSet
</UL>
<BR>[Called By]<UL><LI><a href="#[e5]">&gt;&gt;</a>&nbsp;&nbsp;&nbsp;initLEDs
</UL>

<P><STRONG><a name="[71]"></a>GPIOPinTypeI2C</STRONG> (Thumb, 28 bytes, Stack size 12 bytes, gpio.o(i.GPIOPinTypeI2C))
<BR><BR>[Stack]<UL><LI>Max Depth = 36<LI>Call Chain = GPIOPinTypeI2C &rArr; GPIOPadConfigSet
</UL>
<BR>[Calls]<UL><LI><a href="#[6f]">&gt;&gt;</a>&nbsp;&nbsp;&nbsp;GPIOPadConfigSet
<LI><a href="#[6e]">&gt;&gt;</a>&nbsp;&nbsp;&nbsp;GPIODirModeSet
</UL>
<BR>[Called By]<UL><LI><a href="#[e0]">&gt;&gt;</a>&nbsp;&nbsp;&nbsp;initI2C
</UL>

<P><STRONG><a name="[72]"></a>GPIOPinTypeI2CSCL</STRONG> (Thumb, 28 bytes, Stack size 12 bytes, gpio.o(i.GPIOPinTypeI2CSCL))
<BR><BR>[Stack]<UL><LI>Max Depth = 36<LI>Call Chain = GPIOPinTypeI2CSCL &rArr; GPIOPadConfigSet
</UL>
<BR>[Calls]<UL><LI><a href="#[6f]">&gt;&gt;</a>&nbsp;&nbsp;&nbsp;GPIOPadConfigSet
<LI><a href="#[6e]">&gt;&gt;</a>&nbsp;&nbsp;&nbsp;GPIODirModeSet
</UL>
<BR>[Called By]<UL><LI><a href="#[e0]">&gt;&gt;</a>&nbsp;&nbsp;&nbsp;initI2C
</UL>

<P><STRONG><a name="[73]"></a>GPIOPinTypeSSI</STRONG> (Thumb, 28 bytes, Stack size 12 bytes, gpio.o(i.GPIOPinTypeSSI))
<BR><BR>[Stack]<UL><LI>Max Depth = 36<LI>Call Chain = GPIOPinTypeSSI &rArr; GPIOPadConfigSet
</UL>
<BR>[Calls]<UL><LI><a href="#[6f]">&gt;&gt;</a>&nbsp;&nbsp;&nbsp;GPIOPadConfigSet
<LI><a href="#[6e]">&gt;&gt;</a>&nbsp;&nbsp;&nbsp;GPIODirModeSet
</UL>
<BR>[Called By]<UL><LI><a href="#[f6]">&gt;&gt;</a>&nbsp;&nbsp;&nbsp;spi_Open
</UL>

<P><STRONG><a name="[ac]"></a>GPIOPinWrite</STRONG> (Thumb, 6 bytes, Stack size 0 bytes, gpio.o(i.GPIOPinWrite))
<BR><BR>[Called By]<UL><LI><a href="#[c6]">&gt;&gt;</a>&nbsp;&nbsp;&nbsp;spi_Write
<LI><a href="#[c0]">&gt;&gt;</a>&nbsp;&nbsp;&nbsp;spi_Read
<LI><a href="#[a7]">&gt;&gt;</a>&nbsp;&nbsp;&nbsp;turnLedOn
<LI><a href="#[a6]">&gt;&gt;</a>&nbsp;&nbsp;&nbsp;turnLedOff
<LI><a href="#[e5]">&gt;&gt;</a>&nbsp;&nbsp;&nbsp;initLEDs
<LI><a href="#[6]">&gt;&gt;</a>&nbsp;&nbsp;&nbsp;Timer1IntHandler
<LI><a href="#[5]">&gt;&gt;</a>&nbsp;&nbsp;&nbsp;Timer0IntHandler
</UL>

<P><STRONG><a name="[4]"></a>GPIOPortEIntHandler</STRONG> (Thumb, 34 bytes, Stack size 16 bytes, board.o(i.GPIOPortEIntHandler))
<BR><BR>[Stack]<UL><LI>Max Depth = 16<LI>Call Chain = GPIOPortEIntHandler
</UL>
<BR>[Calls]<UL><LI><a href="#[6b]">&gt;&gt;</a>&nbsp;&nbsp;&nbsp;GPIOIntStatus
<LI><a href="#[6c]">&gt;&gt;</a>&nbsp;&nbsp;&nbsp;GPIOIntClear
</UL>
<BR>[Address Reference Count : 1]<UL><LI> startup_rvmdk.o(RESET)
</UL>
<P><STRONG><a name="[74]"></a>GetLEDStatus</STRONG> (Thumb, 36 bytes, Stack size 16 bytes, board.o(i.GetLEDStatus))
<BR><BR>[Stack]<UL><LI>Max Depth = 16<LI>Call Chain = GetLEDStatus
</UL>
<BR>[Calls]<UL><LI><a href="#[75]">&gt;&gt;</a>&nbsp;&nbsp;&nbsp;GPIOPinRead
</UL>
<BR>[Called By]<UL><LI><a href="#[a0]">&gt;&gt;</a>&nbsp;&nbsp;&nbsp;SimpleLinkHttpServerCallback
</UL>

<P><STRONG><a name="[a2]"></a>GetTimer0Status</STRONG> (Thumb, 6 bytes, Stack size 0 bytes, board.o(i.GetTimer0Status))
<BR><BR>[Called By]<UL><LI><a href="#[a0]">&gt;&gt;</a>&nbsp;&nbsp;&nbsp;SimpleLinkHttpServerCallback
</UL>

<P><STRONG><a name="[8]"></a>I2CIntHandler</STRONG> (Thumb, 6 bytes, Stack size 0 bytes, board.o(i.I2CIntHandler))
<BR><BR>[Stack]<UL><LI>Max Depth = 24<LI>Call Chain = I2CIntHandler &rArr; I2CMIntHandler
</UL>
<BR>[Calls]<UL><LI><a href="#[76]">&gt;&gt;</a>&nbsp;&nbsp;&nbsp;I2CMIntHandler
</UL>
<BR>[Address Reference Count : 1]<UL><LI> startup_rvmdk.o(RESET)
</UL>
<P><STRONG><a name="[51]"></a>I2CMCommand</STRONG> (Thumb, 142 bytes, Stack size 56 bytes, i2cm_drv.o(i.I2CMCommand))
<BR><BR>[Stack]<UL><LI>Max Depth = 56<LI>Call Chain = I2CMCommand
</UL>
<BR>[Calls]<UL><LI><a href="#[79]">&gt;&gt;</a>&nbsp;&nbsp;&nbsp;IntEnable
<LI><a href="#[7a]">&gt;&gt;</a>&nbsp;&nbsp;&nbsp;IntTrigger
<LI><a href="#[77]">&gt;&gt;</a>&nbsp;&nbsp;&nbsp;IntIsEnabled
<LI><a href="#[78]">&gt;&gt;</a>&nbsp;&nbsp;&nbsp;IntDisable
</UL>
<BR>[Called By]<UL><LI><a href="#[aa]">&gt;&gt;</a>&nbsp;&nbsp;&nbsp;TMP006Init
<LI><a href="#[a9]">&gt;&gt;</a>&nbsp;&nbsp;&nbsp;TMP006DataRead
<LI><a href="#[9e]">&gt;&gt;</a>&nbsp;&nbsp;&nbsp;SHT21Init
<LI><a href="#[9d]">&gt;&gt;</a>&nbsp;&nbsp;&nbsp;SHT21DataRead
<LI><a href="#[98]">&gt;&gt;</a>&nbsp;&nbsp;&nbsp;MPU9150DataRead
<LI><a href="#[8b]">&gt;&gt;</a>&nbsp;&nbsp;&nbsp;ISL29023Read
<LI><a href="#[8d]">&gt;&gt;</a>&nbsp;&nbsp;&nbsp;ISL29023Init
<LI><a href="#[8c]">&gt;&gt;</a>&nbsp;&nbsp;&nbsp;ISL29023DataRead
<LI><a href="#[53]">&gt;&gt;</a>&nbsp;&nbsp;&nbsp;BMP180Init
<LI><a href="#[52]">&gt;&gt;</a>&nbsp;&nbsp;&nbsp;BMP180DataRead
<LI><a href="#[14]">&gt;&gt;</a>&nbsp;&nbsp;&nbsp;TMP006Callback
<LI><a href="#[12]">&gt;&gt;</a>&nbsp;&nbsp;&nbsp;MPU9150Callback
<LI><a href="#[84]">&gt;&gt;</a>&nbsp;&nbsp;&nbsp;I2CMWrite
<LI><a href="#[f]">&gt;&gt;</a>&nbsp;&nbsp;&nbsp;I2CMReadModifyWrite8Callback
<LI><a href="#[85]">&gt;&gt;</a>&nbsp;&nbsp;&nbsp;I2CMWrite8
<LI><a href="#[83]">&gt;&gt;</a>&nbsp;&nbsp;&nbsp;I2CMReadModifyWrite8
<LI><a href="#[50]">&gt;&gt;</a>&nbsp;&nbsp;&nbsp;I2CMRead
<LI><a href="#[e]">&gt;&gt;</a>&nbsp;&nbsp;&nbsp;BMP180Callback
</UL>

<P><STRONG><a name="[7b]"></a>I2CMInit</STRONG> (Thumb, 54 bytes, Stack size 16 bytes, i2cm_drv.o(i.I2CMInit))
<BR><BR>[Stack]<UL><LI>Max Depth = 16<LI>Call Chain = I2CMInit
</UL>
<BR>[Calls]<UL><LI><a href="#[79]">&gt;&gt;</a>&nbsp;&nbsp;&nbsp;IntEnable
<LI><a href="#[7d]">&gt;&gt;</a>&nbsp;&nbsp;&nbsp;I2CMasterIntEnableEx
<LI><a href="#[7c]">&gt;&gt;</a>&nbsp;&nbsp;&nbsp;I2CMasterInitExpClk
</UL>
<BR>[Called By]<UL><LI><a href="#[e0]">&gt;&gt;</a>&nbsp;&nbsp;&nbsp;initI2C
</UL>

<P><STRONG><a name="[76]"></a>I2CMIntHandler</STRONG> (Thumb, 794 bytes, Stack size 24 bytes, i2cm_drv.o(i.I2CMIntHandler))
<BR><BR>[Stack]<UL><LI>Max Depth = 24<LI>Call Chain = I2CMIntHandler
</UL>
<BR>[Calls]<UL><LI><a href="#[80]">&gt;&gt;</a>&nbsp;&nbsp;&nbsp;I2CMasterSlaveAddrSet
<LI><a href="#[7e]">&gt;&gt;</a>&nbsp;&nbsp;&nbsp;I2CMasterIntClear
<LI><a href="#[81]">&gt;&gt;</a>&nbsp;&nbsp;&nbsp;I2CMasterDataPut
<LI><a href="#[82]">&gt;&gt;</a>&nbsp;&nbsp;&nbsp;I2CMasterDataGet
<LI><a href="#[7f]">&gt;&gt;</a>&nbsp;&nbsp;&nbsp;I2CMasterControl
</UL>
<BR>[Called By]<UL><LI><a href="#[8]">&gt;&gt;</a>&nbsp;&nbsp;&nbsp;I2CIntHandler
</UL>

<P><STRONG><a name="[50]"></a>I2CMRead</STRONG> (Thumb, 32 bytes, Stack size 40 bytes, i2cm_drv.o(i.I2CMRead))
<BR><BR>[Stack]<UL><LI>Max Depth = 96<LI>Call Chain = I2CMRead &rArr; I2CMCommand
</UL>
<BR>[Calls]<UL><LI><a href="#[51]">&gt;&gt;</a>&nbsp;&nbsp;&nbsp;I2CMCommand
</UL>
<BR>[Called By]<UL><LI><a href="#[e]">&gt;&gt;</a>&nbsp;&nbsp;&nbsp;BMP180Callback
</UL>

<P><STRONG><a name="[83]"></a>I2CMReadModifyWrite8</STRONG> (Thumb, 130 bytes, Stack size 40 bytes, i2cm_drv.o(i.I2CMReadModifyWrite8))
<BR><BR>[Stack]<UL><LI>Max Depth = 96<LI>Call Chain = I2CMReadModifyWrite8 &rArr; I2CMCommand
</UL>
<BR>[Calls]<UL><LI><a href="#[51]">&gt;&gt;</a>&nbsp;&nbsp;&nbsp;I2CMCommand
</UL>
<BR>[Called By]<UL><LI><a href="#[8a]">&gt;&gt;</a>&nbsp;&nbsp;&nbsp;ISL29023ReadModifyWrite
</UL>

<P><STRONG><a name="[84]"></a>I2CMWrite</STRONG> (Thumb, 32 bytes, Stack size 40 bytes, i2cm_drv.o(i.I2CMWrite))
<BR><BR>[Stack]<UL><LI>Max Depth = 96<LI>Call Chain = I2CMWrite &rArr; I2CMCommand
</UL>
<BR>[Calls]<UL><LI><a href="#[51]">&gt;&gt;</a>&nbsp;&nbsp;&nbsp;I2CMCommand
</UL>
<BR>[Called By]<UL><LI><a href="#[99]">&gt;&gt;</a>&nbsp;&nbsp;&nbsp;MPU9150Init
<LI><a href="#[12]">&gt;&gt;</a>&nbsp;&nbsp;&nbsp;MPU9150Callback
</UL>

<P><STRONG><a name="[85]"></a>I2CMWrite8</STRONG> (Thumb, 80 bytes, Stack size 48 bytes, i2cm_drv.o(i.I2CMWrite8))
<BR><BR>[Stack]<UL><LI>Max Depth = 104<LI>Call Chain = I2CMWrite8 &rArr; I2CMCommand
</UL>
<BR>[Calls]<UL><LI><a href="#[51]">&gt;&gt;</a>&nbsp;&nbsp;&nbsp;I2CMCommand
</UL>
<BR>[Called By]<UL><LI><a href="#[9c]">&gt;&gt;</a>&nbsp;&nbsp;&nbsp;SHT21Write
<LI><a href="#[9a]">&gt;&gt;</a>&nbsp;&nbsp;&nbsp;MPU9150Write
<LI><a href="#[8e]">&gt;&gt;</a>&nbsp;&nbsp;&nbsp;ISL29023Write
</UL>

<P><STRONG><a name="[7f]"></a>I2CMasterControl</STRONG> (Thumb, 4 bytes, Stack size 0 bytes, i2c.o(i.I2CMasterControl))
<BR><BR>[Called By]<UL><LI><a href="#[76]">&gt;&gt;</a>&nbsp;&nbsp;&nbsp;I2CMIntHandler
</UL>

<P><STRONG><a name="[82]"></a>I2CMasterDataGet</STRONG> (Thumb, 4 bytes, Stack size 0 bytes, i2c.o(i.I2CMasterDataGet))
<BR><BR>[Called By]<UL><LI><a href="#[76]">&gt;&gt;</a>&nbsp;&nbsp;&nbsp;I2CMIntHandler
</UL>

<P><STRONG><a name="[81]"></a>I2CMasterDataPut</STRONG> (Thumb, 4 bytes, Stack size 0 bytes, i2c.o(i.I2CMasterDataPut))
<BR><BR>[Called By]<UL><LI><a href="#[76]">&gt;&gt;</a>&nbsp;&nbsp;&nbsp;I2CMIntHandler
</UL>

<P><STRONG><a name="[7c]"></a>I2CMasterInitExpClk</STRONG> (Thumb, 72 bytes, Stack size 0 bytes, i2c.o(i.I2CMasterInitExpClk))
<BR><BR>[Called By]<UL><LI><a href="#[7b]">&gt;&gt;</a>&nbsp;&nbsp;&nbsp;I2CMInit
</UL>

<P><STRONG><a name="[7e]"></a>I2CMasterIntClear</STRONG> (Thumb, 8 bytes, Stack size 0 bytes, i2c.o(i.I2CMasterIntClear))
<BR><BR>[Called By]<UL><LI><a href="#[76]">&gt;&gt;</a>&nbsp;&nbsp;&nbsp;I2CMIntHandler
</UL>

<P><STRONG><a name="[7d]"></a>I2CMasterIntEnableEx</STRONG> (Thumb, 8 bytes, Stack size 0 bytes, i2c.o(i.I2CMasterIntEnableEx))
<BR><BR>[Called By]<UL><LI><a href="#[7b]">&gt;&gt;</a>&nbsp;&nbsp;&nbsp;I2CMInit
</UL>

<P><STRONG><a name="[80]"></a>I2CMasterSlaveAddrSet</STRONG> (Thumb, 8 bytes, Stack size 0 bytes, i2c.o(i.I2CMasterSlaveAddrSet))
<BR><BR>[Called By]<UL><LI><a href="#[76]">&gt;&gt;</a>&nbsp;&nbsp;&nbsp;I2CMIntHandler
</UL>

<P><STRONG><a name="[17]"></a>ISL29023AppCallback</STRONG> (Thumb, 258 bytes, Stack size 72 bytes, board.o(i.ISL29023AppCallback))
<BR><BR>[Stack]<UL><LI>Max Depth = 200<LI>Call Chain = ISL29023AppCallback &rArr; ISL29023ReadModifyWrite &rArr; I2CMReadModifyWrite8 &rArr; I2CMCommand
</UL>
<BR>[Calls]<UL><LI><a href="#[4d]">&gt;&gt;</a>&nbsp;&nbsp;&nbsp;__aeabi_fmul
<LI><a href="#[4c]">&gt;&gt;</a>&nbsp;&nbsp;&nbsp;__aeabi_f2iz
<LI><a href="#[88]">&gt;&gt;</a>&nbsp;&nbsp;&nbsp;__aeabi_cfrcmple
<LI><a href="#[89]">&gt;&gt;</a>&nbsp;&nbsp;&nbsp;__aeabi_cfcmple
<LI><a href="#[4f]">&gt;&gt;</a>&nbsp;&nbsp;&nbsp;TimerEnable
<LI><a href="#[2d]">&gt;&gt;</a>&nbsp;&nbsp;&nbsp;SysCtlDelay
<LI><a href="#[87]">&gt;&gt;</a>&nbsp;&nbsp;&nbsp;IntPriorityMaskSet
<LI><a href="#[8a]">&gt;&gt;</a>&nbsp;&nbsp;&nbsp;ISL29023ReadModifyWrite
<LI><a href="#[8b]">&gt;&gt;</a>&nbsp;&nbsp;&nbsp;ISL29023Read
<LI><a href="#[86]">&gt;&gt;</a>&nbsp;&nbsp;&nbsp;ISL29023DataLightVisibleGetFloat
<LI><a href="#[49]">&gt;&gt;</a>&nbsp;&nbsp;&nbsp;__aeabi_memclr4
</UL>
<BR>[Address Reference Count : 3]<UL><LI> board.o(i.ISL29023AppCallback)
<LI> board.o(i.Timer1IntHandler)
<LI> board.o(i.initI2C)
</UL>
<P><STRONG><a name="[86]"></a>ISL29023DataLightVisibleGetFloat</STRONG> (Thumb, 52 bytes, Stack size 0 bytes, isl29023.o(i.ISL29023DataLightVisibleGetFloat))
<BR><BR>[Called By]<UL><LI><a href="#[17]">&gt;&gt;</a>&nbsp;&nbsp;&nbsp;ISL29023AppCallback
</UL>

<P><STRONG><a name="[8c]"></a>ISL29023DataRead</STRONG> (Thumb, 82 bytes, Stack size 40 bytes, isl29023.o(i.ISL29023DataRead))
<BR><BR>[Stack]<UL><LI>Max Depth = 96<LI>Call Chain = ISL29023DataRead &rArr; I2CMCommand
</UL>
<BR>[Calls]<UL><LI><a href="#[51]">&gt;&gt;</a>&nbsp;&nbsp;&nbsp;I2CMCommand
</UL>
<BR>[Called By]<UL><LI><a href="#[6]">&gt;&gt;</a>&nbsp;&nbsp;&nbsp;Timer1IntHandler
</UL>

<P><STRONG><a name="[8d]"></a>ISL29023Init</STRONG> (Thumb, 76 bytes, Stack size 40 bytes, isl29023.o(i.ISL29023Init))
<BR><BR>[Stack]<UL><LI>Max Depth = 96<LI>Call Chain = ISL29023Init &rArr; I2CMCommand
</UL>
<BR>[Calls]<UL><LI><a href="#[51]">&gt;&gt;</a>&nbsp;&nbsp;&nbsp;I2CMCommand
</UL>
<BR>[Called By]<UL><LI><a href="#[e0]">&gt;&gt;</a>&nbsp;&nbsp;&nbsp;initI2C
</UL>

<P><STRONG><a name="[8b]"></a>ISL29023Read</STRONG> (Thumb, 86 bytes, Stack size 40 bytes, isl29023.o(i.ISL29023Read))
<BR><BR>[Stack]<UL><LI>Max Depth = 96<LI>Call Chain = ISL29023Read &rArr; I2CMCommand
</UL>
<BR>[Calls]<UL><LI><a href="#[51]">&gt;&gt;</a>&nbsp;&nbsp;&nbsp;I2CMCommand
</UL>
<BR>[Called By]<UL><LI><a href="#[17]">&gt;&gt;</a>&nbsp;&nbsp;&nbsp;ISL29023AppCallback
</UL>

<P><STRONG><a name="[8a]"></a>ISL29023ReadModifyWrite</STRONG> (Thumb, 74 bytes, Stack size 32 bytes, isl29023.o(i.ISL29023ReadModifyWrite))
<BR><BR>[Stack]<UL><LI>Max Depth = 128<LI>Call Chain = ISL29023ReadModifyWrite &rArr; I2CMReadModifyWrite8 &rArr; I2CMCommand
</UL>
<BR>[Calls]<UL><LI><a href="#[83]">&gt;&gt;</a>&nbsp;&nbsp;&nbsp;I2CMReadModifyWrite8
</UL>
<BR>[Called By]<UL><LI><a href="#[e0]">&gt;&gt;</a>&nbsp;&nbsp;&nbsp;initI2C
<LI><a href="#[17]">&gt;&gt;</a>&nbsp;&nbsp;&nbsp;ISL29023AppCallback
</UL>

<P><STRONG><a name="[8e]"></a>ISL29023Write</STRONG> (Thumb, 108 bytes, Stack size 32 bytes, isl29023.o(i.ISL29023Write))
<BR><BR>[Stack]<UL><LI>Max Depth = 136<LI>Call Chain = ISL29023Write &rArr; I2CMWrite8 &rArr; I2CMCommand
</UL>
<BR>[Calls]<UL><LI><a href="#[85]">&gt;&gt;</a>&nbsp;&nbsp;&nbsp;I2CMWrite8
</UL>
<BR>[Called By]<UL><LI><a href="#[e0]">&gt;&gt;</a>&nbsp;&nbsp;&nbsp;initI2C
</UL>

<P><STRONG><a name="[78]"></a>IntDisable</STRONG> (Thumb, 92 bytes, Stack size 0 bytes, interrupt.o(i.IntDisable))
<BR><BR>[Called By]<UL><LI><a href="#[51]">&gt;&gt;</a>&nbsp;&nbsp;&nbsp;I2CMCommand
</UL>

<P><STRONG><a name="[79]"></a>IntEnable</STRONG> (Thumb, 92 bytes, Stack size 0 bytes, interrupt.o(i.IntEnable))
<BR><BR>[Called By]<UL><LI><a href="#[f6]">&gt;&gt;</a>&nbsp;&nbsp;&nbsp;spi_Open
<LI><a href="#[7b]">&gt;&gt;</a>&nbsp;&nbsp;&nbsp;I2CMInit
<LI><a href="#[eb]">&gt;&gt;</a>&nbsp;&nbsp;&nbsp;initTimer1
<LI><a href="#[e6]">&gt;&gt;</a>&nbsp;&nbsp;&nbsp;initTimer
<LI><a href="#[e0]">&gt;&gt;</a>&nbsp;&nbsp;&nbsp;initI2C
<LI><a href="#[51]">&gt;&gt;</a>&nbsp;&nbsp;&nbsp;I2CMCommand
</UL>

<P><STRONG><a name="[77]"></a>IntIsEnabled</STRONG> (Thumb, 88 bytes, Stack size 0 bytes, interrupt.o(i.IntIsEnabled))
<BR><BR>[Called By]<UL><LI><a href="#[51]">&gt;&gt;</a>&nbsp;&nbsp;&nbsp;I2CMCommand
</UL>

<P><STRONG><a name="[8f]"></a>IntMasterEnable</STRONG> (Thumb, 14 bytes, Stack size 8 bytes, interrupt.o(i.IntMasterEnable))
<BR><BR>[Stack]<UL><LI>Max Depth = 8<LI>Call Chain = IntMasterEnable
</UL>
<BR>[Calls]<UL><LI><a href="#[90]">&gt;&gt;</a>&nbsp;&nbsp;&nbsp;CPUcpsie
</UL>
<BR>[Called By]<UL><LI><a href="#[f6]">&gt;&gt;</a>&nbsp;&nbsp;&nbsp;spi_Open
<LI><a href="#[eb]">&gt;&gt;</a>&nbsp;&nbsp;&nbsp;initTimer1
<LI><a href="#[e6]">&gt;&gt;</a>&nbsp;&nbsp;&nbsp;initTimer
</UL>

<P><STRONG><a name="[e9]"></a>IntPriorityGroupingSet</STRONG> (Thumb, 20 bytes, Stack size 0 bytes, interrupt.o(i.IntPriorityGroupingSet))
<BR><BR>[Called By]<UL><LI><a href="#[eb]">&gt;&gt;</a>&nbsp;&nbsp;&nbsp;initTimer1
<LI><a href="#[e6]">&gt;&gt;</a>&nbsp;&nbsp;&nbsp;initTimer
</UL>

<P><STRONG><a name="[87]"></a>IntPriorityMaskSet</STRONG> (Thumb, 4 bytes, Stack size 0 bytes, interrupt.o(i.IntPriorityMaskSet))
<BR><BR>[Calls]<UL><LI><a href="#[91]">&gt;&gt;</a>&nbsp;&nbsp;&nbsp;CPUbasepriSet
</UL>
<BR>[Called By]<UL><LI><a href="#[17]">&gt;&gt;</a>&nbsp;&nbsp;&nbsp;ISL29023AppCallback
</UL>

<P><STRONG><a name="[e3]"></a>IntPrioritySet</STRONG> (Thumb, 36 bytes, Stack size 0 bytes, interrupt.o(i.IntPrioritySet))
<BR><BR>[Called By]<UL><LI><a href="#[eb]">&gt;&gt;</a>&nbsp;&nbsp;&nbsp;initTimer1
<LI><a href="#[e6]">&gt;&gt;</a>&nbsp;&nbsp;&nbsp;initTimer
<LI><a href="#[e0]">&gt;&gt;</a>&nbsp;&nbsp;&nbsp;initI2C
</UL>

<P><STRONG><a name="[7a]"></a>IntTrigger</STRONG> (Thumb, 8 bytes, Stack size 0 bytes, interrupt.o(i.IntTrigger))
<BR><BR>[Called By]<UL><LI><a href="#[10]">&gt;&gt;</a>&nbsp;&nbsp;&nbsp;I2CMWrite8Callback
<LI><a href="#[51]">&gt;&gt;</a>&nbsp;&nbsp;&nbsp;I2CMCommand
</UL>

<P><STRONG><a name="[19]"></a>MPU9150AppCallback</STRONG> (Thumb, 396 bytes, Stack size 104 bytes, board.o(i.MPU9150AppCallback))
<BR><BR>[Stack]<UL><LI>Max Depth = 288<LI>Call Chain = MPU9150AppCallback &rArr; CompDCMUpdate &rArr; __aeabi_drsub &rArr; __aeabi_dadd &rArr; _double_epilogue &rArr; _double_round
</UL>
<BR>[Calls]<UL><LI><a href="#[4d]">&gt;&gt;</a>&nbsp;&nbsp;&nbsp;__aeabi_fmul
<LI><a href="#[35]">&gt;&gt;</a>&nbsp;&nbsp;&nbsp;__aeabi_fadd
<LI><a href="#[4c]">&gt;&gt;</a>&nbsp;&nbsp;&nbsp;__aeabi_f2iz
<LI><a href="#[4f]">&gt;&gt;</a>&nbsp;&nbsp;&nbsp;TimerEnable
<LI><a href="#[94]">&gt;&gt;</a>&nbsp;&nbsp;&nbsp;MPU9150DataMagnetoGetFloat
<LI><a href="#[93]">&gt;&gt;</a>&nbsp;&nbsp;&nbsp;MPU9150DataGyroGetFloat
<LI><a href="#[92]">&gt;&gt;</a>&nbsp;&nbsp;&nbsp;MPU9150DataAccelGetFloat
<LI><a href="#[65]">&gt;&gt;</a>&nbsp;&nbsp;&nbsp;CompDCMUpdate
<LI><a href="#[61]">&gt;&gt;</a>&nbsp;&nbsp;&nbsp;CompDCMStart
<LI><a href="#[95]">&gt;&gt;</a>&nbsp;&nbsp;&nbsp;CompDCMMagnetoUpdate
<LI><a href="#[97]">&gt;&gt;</a>&nbsp;&nbsp;&nbsp;CompDCMGyroUpdate
<LI><a href="#[5f]">&gt;&gt;</a>&nbsp;&nbsp;&nbsp;CompDCMComputeQuaternion
<LI><a href="#[5c]">&gt;&gt;</a>&nbsp;&nbsp;&nbsp;CompDCMComputeEulers
<LI><a href="#[96]">&gt;&gt;</a>&nbsp;&nbsp;&nbsp;CompDCMAccelUpdate
</UL>
<BR>[Address Reference Count : 2]<UL><LI> board.o(i.Timer1IntHandler)
<LI> board.o(i.initI2C)
</UL>
<P><STRONG><a name="[92]"></a>MPU9150DataAccelGetFloat</STRONG> (Thumb, 104 bytes, Stack size 4 bytes, mpu9150.o(i.MPU9150DataAccelGetFloat))
<BR><BR>[Stack]<UL><LI>Max Depth = 4<LI>Call Chain = MPU9150DataAccelGetFloat
</UL>
<BR>[Called By]<UL><LI><a href="#[19]">&gt;&gt;</a>&nbsp;&nbsp;&nbsp;MPU9150AppCallback
</UL>

<P><STRONG><a name="[93]"></a>MPU9150DataGyroGetFloat</STRONG> (Thumb, 124 bytes, Stack size 4 bytes, mpu9150.o(i.MPU9150DataGyroGetFloat))
<BR><BR>[Stack]<UL><LI>Max Depth = 4<LI>Call Chain = MPU9150DataGyroGetFloat
</UL>
<BR>[Called By]<UL><LI><a href="#[19]">&gt;&gt;</a>&nbsp;&nbsp;&nbsp;MPU9150AppCallback
</UL>

<P><STRONG><a name="[94]"></a>MPU9150DataMagnetoGetFloat</STRONG> (Thumb, 148 bytes, Stack size 32 bytes, mpu9150.o(i.MPU9150DataMagnetoGetFloat))
<BR><BR>[Stack]<UL><LI>Max Depth = 120<LI>Call Chain = MPU9150DataMagnetoGetFloat &rArr; __aeabi_dmul &rArr; _double_epilogue &rArr; _double_round
</UL>
<BR>[Calls]<UL><LI><a href="#[67]">&gt;&gt;</a>&nbsp;&nbsp;&nbsp;__aeabi_f2d
<LI><a href="#[42]">&gt;&gt;</a>&nbsp;&nbsp;&nbsp;__aeabi_dmul
<LI><a href="#[44]">&gt;&gt;</a>&nbsp;&nbsp;&nbsp;__aeabi_d2f
</UL>
<BR>[Called By]<UL><LI><a href="#[19]">&gt;&gt;</a>&nbsp;&nbsp;&nbsp;MPU9150AppCallback
</UL>

<P><STRONG><a name="[98]"></a>MPU9150DataRead</STRONG> (Thumb, 94 bytes, Stack size 40 bytes, mpu9150.o(i.MPU9150DataRead))
<BR><BR>[Stack]<UL><LI>Max Depth = 96<LI>Call Chain = MPU9150DataRead &rArr; I2CMCommand
</UL>
<BR>[Calls]<UL><LI><a href="#[51]">&gt;&gt;</a>&nbsp;&nbsp;&nbsp;I2CMCommand
</UL>
<BR>[Called By]<UL><LI><a href="#[6]">&gt;&gt;</a>&nbsp;&nbsp;&nbsp;Timer1IntHandler
</UL>

<P><STRONG><a name="[99]"></a>MPU9150Init</STRONG> (Thumb, 92 bytes, Stack size 24 bytes, mpu9150.o(i.MPU9150Init))
<BR><BR>[Stack]<UL><LI>Max Depth = 120<LI>Call Chain = MPU9150Init &rArr; I2CMWrite &rArr; I2CMCommand
</UL>
<BR>[Calls]<UL><LI><a href="#[84]">&gt;&gt;</a>&nbsp;&nbsp;&nbsp;I2CMWrite
</UL>
<BR>[Called By]<UL><LI><a href="#[e0]">&gt;&gt;</a>&nbsp;&nbsp;&nbsp;initI2C
</UL>

<P><STRONG><a name="[9a]"></a>MPU9150Write</STRONG> (Thumb, 154 bytes, Stack size 32 bytes, mpu9150.o(i.MPU9150Write))
<BR><BR>[Stack]<UL><LI>Max Depth = 136<LI>Call Chain = MPU9150Write &rArr; I2CMWrite8 &rArr; I2CMCommand
</UL>
<BR>[Calls]<UL><LI><a href="#[85]">&gt;&gt;</a>&nbsp;&nbsp;&nbsp;I2CMWrite8
</UL>
<BR>[Called By]<UL><LI><a href="#[e0]">&gt;&gt;</a>&nbsp;&nbsp;&nbsp;initI2C
</UL>

<P><STRONG><a name="[18]"></a>SHT21AppCallback</STRONG> (Thumb, 190 bytes, Stack size 64 bytes, board.o(i.SHT21AppCallback))
<BR><BR>[Stack]<UL><LI>Max Depth = 200<LI>Call Chain = SHT21AppCallback &rArr; SHT21Write &rArr; I2CMWrite8 &rArr; I2CMCommand
</UL>
<BR>[Calls]<UL><LI><a href="#[4d]">&gt;&gt;</a>&nbsp;&nbsp;&nbsp;__aeabi_fmul
<LI><a href="#[4c]">&gt;&gt;</a>&nbsp;&nbsp;&nbsp;__aeabi_f2iz
<LI><a href="#[4f]">&gt;&gt;</a>&nbsp;&nbsp;&nbsp;TimerEnable
<LI><a href="#[2d]">&gt;&gt;</a>&nbsp;&nbsp;&nbsp;SysCtlDelay
<LI><a href="#[9c]">&gt;&gt;</a>&nbsp;&nbsp;&nbsp;SHT21Write
<LI><a href="#[9b]">&gt;&gt;</a>&nbsp;&nbsp;&nbsp;SHT21DataTemperatureGetFloat
<LI><a href="#[49]">&gt;&gt;</a>&nbsp;&nbsp;&nbsp;__aeabi_memclr4
</UL>
<BR>[Address Reference Count : 3]<UL><LI> board.o(i.SHT21AppCallback)
<LI> board.o(i.Timer1IntHandler)
<LI> board.o(i.initI2C)
</UL>
<P><STRONG><a name="[9d]"></a>SHT21DataRead</STRONG> (Thumb, 78 bytes, Stack size 40 bytes, sht21.o(i.SHT21DataRead))
<BR><BR>[Stack]<UL><LI>Max Depth = 96<LI>Call Chain = SHT21DataRead &rArr; I2CMCommand
</UL>
<BR>[Calls]<UL><LI><a href="#[51]">&gt;&gt;</a>&nbsp;&nbsp;&nbsp;I2CMCommand
</UL>
<BR>[Called By]<UL><LI><a href="#[6]">&gt;&gt;</a>&nbsp;&nbsp;&nbsp;Timer1IntHandler
</UL>

<P><STRONG><a name="[9b]"></a>SHT21DataTemperatureGetFloat</STRONG> (Thumb, 72 bytes, Stack size 8 bytes, sht21.o(i.SHT21DataTemperatureGetFloat))
<BR><BR>[Stack]<UL><LI>Max Depth = 96<LI>Call Chain = SHT21DataTemperatureGetFloat &rArr; __aeabi_dadd &rArr; _double_epilogue &rArr; _double_round
</UL>
<BR>[Calls]<UL><LI><a href="#[3b]">&gt;&gt;</a>&nbsp;&nbsp;&nbsp;__aeabi_dadd
<LI><a href="#[67]">&gt;&gt;</a>&nbsp;&nbsp;&nbsp;__aeabi_f2d
<LI><a href="#[42]">&gt;&gt;</a>&nbsp;&nbsp;&nbsp;__aeabi_dmul
<LI><a href="#[44]">&gt;&gt;</a>&nbsp;&nbsp;&nbsp;__aeabi_d2f
</UL>
<BR>[Called By]<UL><LI><a href="#[18]">&gt;&gt;</a>&nbsp;&nbsp;&nbsp;SHT21AppCallback
</UL>

<P><STRONG><a name="[9e]"></a>SHT21Init</STRONG> (Thumb, 68 bytes, Stack size 40 bytes, sht21.o(i.SHT21Init))
<BR><BR>[Stack]<UL><LI>Max Depth = 96<LI>Call Chain = SHT21Init &rArr; I2CMCommand
</UL>
<BR>[Calls]<UL><LI><a href="#[51]">&gt;&gt;</a>&nbsp;&nbsp;&nbsp;I2CMCommand
</UL>
<BR>[Called By]<UL><LI><a href="#[e0]">&gt;&gt;</a>&nbsp;&nbsp;&nbsp;initI2C
</UL>

<P><STRONG><a name="[9c]"></a>SHT21Write</STRONG> (Thumb, 74 bytes, Stack size 32 bytes, sht21.o(i.SHT21Write))
<BR><BR>[Stack]<UL><LI>Max Depth = 136<LI>Call Chain = SHT21Write &rArr; I2CMWrite8 &rArr; I2CMCommand
</UL>
<BR>[Calls]<UL><LI><a href="#[85]">&gt;&gt;</a>&nbsp;&nbsp;&nbsp;I2CMWrite8
</UL>
<BR>[Called By]<UL><LI><a href="#[e0]">&gt;&gt;</a>&nbsp;&nbsp;&nbsp;initI2C
<LI><a href="#[18]">&gt;&gt;</a>&nbsp;&nbsp;&nbsp;SHT21AppCallback
</UL>

<P><STRONG><a name="[fc]"></a>SSIBusy</STRONG> (Thumb, 8 bytes, Stack size 0 bytes, ssi.o(i.SSIBusy))
<BR><BR>[Called By]<UL><LI><a href="#[c6]">&gt;&gt;</a>&nbsp;&nbsp;&nbsp;spi_Write
<LI><a href="#[c0]">&gt;&gt;</a>&nbsp;&nbsp;&nbsp;spi_Read
</UL>

<P><STRONG><a name="[f8]"></a>SSIConfigSetExpClk</STRONG> (Thumb, 58 bytes, Stack size 4 bytes, ssi.o(i.SSIConfigSetExpClk))
<BR><BR>[Stack]<UL><LI>Max Depth = 4<LI>Call Chain = SSIConfigSetExpClk
</UL>
<BR>[Called By]<UL><LI><a href="#[f6]">&gt;&gt;</a>&nbsp;&nbsp;&nbsp;spi_Open
</UL>

<P><STRONG><a name="[fb]"></a>SSIDataGetNonBlocking</STRONG> (Thumb, 20 bytes, Stack size 0 bytes, ssi.o(i.SSIDataGetNonBlocking))
<BR><BR>[Called By]<UL><LI><a href="#[c6]">&gt;&gt;</a>&nbsp;&nbsp;&nbsp;spi_Write
<LI><a href="#[c0]">&gt;&gt;</a>&nbsp;&nbsp;&nbsp;spi_Read
</UL>

<P><STRONG><a name="[fa]"></a>SSIDataPutNonBlocking</STRONG> (Thumb, 16 bytes, Stack size 0 bytes, ssi.o(i.SSIDataPutNonBlocking))
<BR><BR>[Called By]<UL><LI><a href="#[c6]">&gt;&gt;</a>&nbsp;&nbsp;&nbsp;spi_Write
<LI><a href="#[c0]">&gt;&gt;</a>&nbsp;&nbsp;&nbsp;spi_Read
</UL>

<P><STRONG><a name="[f9]"></a>SSIEnable</STRONG> (Thumb, 10 bytes, Stack size 0 bytes, ssi.o(i.SSIEnable))
<BR><BR>[Called By]<UL><LI><a href="#[f6]">&gt;&gt;</a>&nbsp;&nbsp;&nbsp;spi_Open
</UL>

<P><STRONG><a name="[9f]"></a>SimpleLinkGeneralEventHandler</STRONG> (Thumb, 6 bytes, Stack size 0 bytes, main.o(i.SimpleLinkGeneralEventHandler))
<BR><BR>[Stack]<UL><LI>Max Depth = 24<LI>Call Chain = SimpleLinkGeneralEventHandler &rArr; CLI_Write
</UL>
<BR>[Calls]<UL><LI><a href="#[5a]">&gt;&gt;</a>&nbsp;&nbsp;&nbsp;CLI_Write
</UL>
<BR>[Called By]<UL><LI><a href="#[ad]">&gt;&gt;</a>&nbsp;&nbsp;&nbsp;_SlDriverHandleError
<LI><a href="#[25]">&gt;&gt;</a>&nbsp;&nbsp;&nbsp;_SlDrvDeviceEventHandler
</UL>

<P><STRONG><a name="[a0]"></a>SimpleLinkHttpServerCallback</STRONG> (Thumb, 1794 bytes, Stack size 64 bytes, main.o(i.SimpleLinkHttpServerCallback))
<BR><BR>[Stack]<UL><LI>Max Depth = 280<LI>Call Chain = SimpleLinkHttpServerCallback &rArr; __0sscanf &rArr; __vfscanf_char &rArr; __vfscanf &rArr; _scanf_int
</UL>
<BR>[Calls]<UL><LI><a href="#[5a]">&gt;&gt;</a>&nbsp;&nbsp;&nbsp;CLI_Write
<LI><a href="#[a7]">&gt;&gt;</a>&nbsp;&nbsp;&nbsp;turnLedOn
<LI><a href="#[a6]">&gt;&gt;</a>&nbsp;&nbsp;&nbsp;turnLedOff
<LI><a href="#[a5]">&gt;&gt;</a>&nbsp;&nbsp;&nbsp;ToggleTimer0
<LI><a href="#[a2]">&gt;&gt;</a>&nbsp;&nbsp;&nbsp;GetTimer0Status
<LI><a href="#[74]">&gt;&gt;</a>&nbsp;&nbsp;&nbsp;GetLEDStatus
<LI><a href="#[a3]">&gt;&gt;</a>&nbsp;&nbsp;&nbsp;__2sprintf
<LI><a href="#[a1]">&gt;&gt;</a>&nbsp;&nbsp;&nbsp;memcmp
<LI><a href="#[5b]">&gt;&gt;</a>&nbsp;&nbsp;&nbsp;strlen
<LI><a href="#[49]">&gt;&gt;</a>&nbsp;&nbsp;&nbsp;__aeabi_memclr4
<LI><a href="#[a4]">&gt;&gt;</a>&nbsp;&nbsp;&nbsp;__aeabi_memcpy
<LI><a href="#[31]">&gt;&gt;</a>&nbsp;&nbsp;&nbsp;__0sscanf
</UL>
<BR>[Called By]<UL><LI><a href="#[b8]">&gt;&gt;</a>&nbsp;&nbsp;&nbsp;_SlDrvDispatchHttpServerEvents
</UL>

<P><STRONG><a name="[28]"></a>SimpleLinkNetAppEventHandler</STRONG> (Thumb, 40 bytes, Stack size 0 bytes, main.o(i.SimpleLinkNetAppEventHandler))
<BR><BR>[Stack]<UL><LI>Max Depth = 24<LI>Call Chain = SimpleLinkNetAppEventHandler &rArr; CLI_Write
</UL>
<BR>[Calls]<UL><LI><a href="#[5a]">&gt;&gt;</a>&nbsp;&nbsp;&nbsp;CLI_Write
</UL>
<BR>[Address Reference Count : 1]<UL><LI> driver.o(.constdata)
</UL>
<P><STRONG><a name="[27]"></a>SimpleLinkSockEventHandler</STRONG> (Thumb, 6 bytes, Stack size 0 bytes, main.o(i.SimpleLinkSockEventHandler))
<BR><BR>[Stack]<UL><LI>Max Depth = 24<LI>Call Chain = SimpleLinkSockEventHandler &rArr; CLI_Write
</UL>
<BR>[Calls]<UL><LI><a href="#[5a]">&gt;&gt;</a>&nbsp;&nbsp;&nbsp;CLI_Write
</UL>
<BR>[Address Reference Count : 1]<UL><LI> driver.o(.constdata)
</UL>
<P><STRONG><a name="[26]"></a>SimpleLinkWlanEventHandler</STRONG> (Thumb, 76 bytes, Stack size 0 bytes, main.o(i.SimpleLinkWlanEventHandler))
<BR><BR>[Stack]<UL><LI>Max Depth = 24<LI>Call Chain = SimpleLinkWlanEventHandler &rArr; CLI_Write
</UL>
<BR>[Calls]<UL><LI><a href="#[5a]">&gt;&gt;</a>&nbsp;&nbsp;&nbsp;CLI_Write
</UL>
<BR>[Address Reference Count : 1]<UL><LI> driver.o(.constdata)
</UL>
<P><STRONG><a name="[df]"></a>SysCtlClockFreqSet</STRONG> (Thumb, 672 bytes, Stack size 28 bytes, sysctl.o(i.SysCtlClockFreqSet))
<BR><BR>[Stack]<UL><LI>Max Depth = 28<LI>Call Chain = SysCtlClockFreqSet
</UL>
<BR>[Called By]<UL><LI><a href="#[dc]">&gt;&gt;</a>&nbsp;&nbsp;&nbsp;initClk
</UL>

<P><STRONG><a name="[e1]"></a>SysCtlPeripheralEnable</STRONG> (Thumb, 36 bytes, Stack size 0 bytes, sysctl.o(i.SysCtlPeripheralEnable))
<BR><BR>[Called By]<UL><LI><a href="#[f6]">&gt;&gt;</a>&nbsp;&nbsp;&nbsp;spi_Open
<LI><a href="#[eb]">&gt;&gt;</a>&nbsp;&nbsp;&nbsp;initTimer1
<LI><a href="#[e6]">&gt;&gt;</a>&nbsp;&nbsp;&nbsp;initTimer
<LI><a href="#[e5]">&gt;&gt;</a>&nbsp;&nbsp;&nbsp;initLEDs
<LI><a href="#[e0]">&gt;&gt;</a>&nbsp;&nbsp;&nbsp;initI2C
</UL>

<P><STRONG><a name="[15]"></a>TMP006AppCallback</STRONG> (Thumb, 146 bytes, Stack size 48 bytes, board.o(i.TMP006AppCallback))
<BR><BR>[Stack]<UL><LI>Max Depth = 192<LI>Call Chain = TMP006AppCallback &rArr; TMP006DataTemperatureGetFloat &rArr; __aeabi_dsub &rArr; __aeabi_dadd &rArr; _double_epilogue &rArr; _double_round
</UL>
<BR>[Calls]<UL><LI><a href="#[4d]">&gt;&gt;</a>&nbsp;&nbsp;&nbsp;__aeabi_fmul
<LI><a href="#[4c]">&gt;&gt;</a>&nbsp;&nbsp;&nbsp;__aeabi_f2iz
<LI><a href="#[4f]">&gt;&gt;</a>&nbsp;&nbsp;&nbsp;TimerEnable
<LI><a href="#[a8]">&gt;&gt;</a>&nbsp;&nbsp;&nbsp;TMP006DataTemperatureGetFloat
<LI><a href="#[49]">&gt;&gt;</a>&nbsp;&nbsp;&nbsp;__aeabi_memclr4
</UL>
<BR>[Address Reference Count : 2]<UL><LI> board.o(i.Timer1IntHandler)
<LI> board.o(i.initI2C)
</UL>
<P><STRONG><a name="[a9]"></a>TMP006DataRead</STRONG> (Thumb, 82 bytes, Stack size 40 bytes, tmp006.o(i.TMP006DataRead))
<BR><BR>[Stack]<UL><LI>Max Depth = 96<LI>Call Chain = TMP006DataRead &rArr; I2CMCommand
</UL>
<BR>[Calls]<UL><LI><a href="#[51]">&gt;&gt;</a>&nbsp;&nbsp;&nbsp;I2CMCommand
</UL>
<BR>[Called By]<UL><LI><a href="#[6]">&gt;&gt;</a>&nbsp;&nbsp;&nbsp;Timer1IntHandler
</UL>

<P><STRONG><a name="[a8]"></a>TMP006DataTemperatureGetFloat</STRONG> (Thumb, 438 bytes, Stack size 56 bytes, tmp006.o(i.TMP006DataTemperatureGetFloat))
<BR><BR>[Stack]<UL><LI>Max Depth = 144<LI>Call Chain = TMP006DataTemperatureGetFloat &rArr; __aeabi_dsub &rArr; __aeabi_dadd &rArr; _double_epilogue &rArr; _double_round
</UL>
<BR>[Calls]<UL><LI><a href="#[43]">&gt;&gt;</a>&nbsp;&nbsp;&nbsp;__aeabi_i2d
<LI><a href="#[40]">&gt;&gt;</a>&nbsp;&nbsp;&nbsp;__aeabi_dsub
<LI><a href="#[3b]">&gt;&gt;</a>&nbsp;&nbsp;&nbsp;__aeabi_dadd
<LI><a href="#[67]">&gt;&gt;</a>&nbsp;&nbsp;&nbsp;__aeabi_f2d
<LI><a href="#[42]">&gt;&gt;</a>&nbsp;&nbsp;&nbsp;__aeabi_dmul
<LI><a href="#[44]">&gt;&gt;</a>&nbsp;&nbsp;&nbsp;__aeabi_d2f
<LI><a href="#[60]">&gt;&gt;</a>&nbsp;&nbsp;&nbsp;__hardfp_sqrtf
</UL>
<BR>[Called By]<UL><LI><a href="#[15]">&gt;&gt;</a>&nbsp;&nbsp;&nbsp;TMP006AppCallback
</UL>

<P><STRONG><a name="[aa]"></a>TMP006Init</STRONG> (Thumb, 86 bytes, Stack size 40 bytes, tmp006.o(i.TMP006Init))
<BR><BR>[Stack]<UL><LI>Max Depth = 96<LI>Call Chain = TMP006Init &rArr; I2CMCommand
</UL>
<BR>[Calls]<UL><LI><a href="#[51]">&gt;&gt;</a>&nbsp;&nbsp;&nbsp;I2CMCommand
</UL>
<BR>[Called By]<UL><LI><a href="#[e0]">&gt;&gt;</a>&nbsp;&nbsp;&nbsp;initI2C
</UL>

<P><STRONG><a name="[5]"></a>Timer0IntHandler</STRONG> (Thumb, 40 bytes, Stack size 8 bytes, board.o(i.Timer0IntHandler))
<BR><BR>[Stack]<UL><LI>Max Depth = 8<LI>Call Chain = Timer0IntHandler
</UL>
<BR>[Calls]<UL><LI><a href="#[ab]">&gt;&gt;</a>&nbsp;&nbsp;&nbsp;TimerIntClear
<LI><a href="#[ac]">&gt;&gt;</a>&nbsp;&nbsp;&nbsp;GPIOPinWrite
<LI><a href="#[75]">&gt;&gt;</a>&nbsp;&nbsp;&nbsp;GPIOPinRead
</UL>
<BR>[Address Reference Count : 1]<UL><LI> startup_rvmdk.o(RESET)
</UL>
<P><STRONG><a name="[6]"></a>Timer1IntHandler</STRONG> (Thumb, 136 bytes, Stack size 16 bytes, board.o(i.Timer1IntHandler))
<BR><BR>[Stack]<UL><LI>Max Depth = 112<LI>Call Chain = Timer1IntHandler &rArr; TMP006DataRead &rArr; I2CMCommand
</UL>
<BR>[Calls]<UL><LI><a href="#[ab]">&gt;&gt;</a>&nbsp;&nbsp;&nbsp;TimerIntClear
<LI><a href="#[69]">&gt;&gt;</a>&nbsp;&nbsp;&nbsp;TimerDisable
<LI><a href="#[a9]">&gt;&gt;</a>&nbsp;&nbsp;&nbsp;TMP006DataRead
<LI><a href="#[9d]">&gt;&gt;</a>&nbsp;&nbsp;&nbsp;SHT21DataRead
<LI><a href="#[98]">&gt;&gt;</a>&nbsp;&nbsp;&nbsp;MPU9150DataRead
<LI><a href="#[8c]">&gt;&gt;</a>&nbsp;&nbsp;&nbsp;ISL29023DataRead
<LI><a href="#[ac]">&gt;&gt;</a>&nbsp;&nbsp;&nbsp;GPIOPinWrite
<LI><a href="#[75]">&gt;&gt;</a>&nbsp;&nbsp;&nbsp;GPIOPinRead
<LI><a href="#[52]">&gt;&gt;</a>&nbsp;&nbsp;&nbsp;BMP180DataRead
</UL>
<BR>[Address Reference Count : 1]<UL><LI> startup_rvmdk.o(RESET)
</UL>
<P><STRONG><a name="[e7]"></a>TimerConfigure</STRONG> (Thumb, 88 bytes, Stack size 4 bytes, timer.o(i.TimerConfigure))
<BR><BR>[Stack]<UL><LI>Max Depth = 4<LI>Call Chain = TimerConfigure
</UL>
<BR>[Called By]<UL><LI><a href="#[eb]">&gt;&gt;</a>&nbsp;&nbsp;&nbsp;initTimer1
<LI><a href="#[e6]">&gt;&gt;</a>&nbsp;&nbsp;&nbsp;initTimer
</UL>

<P><STRONG><a name="[69]"></a>TimerDisable</STRONG> (Thumb, 16 bytes, Stack size 0 bytes, timer.o(i.TimerDisable))
<BR><BR>[Called By]<UL><LI><a href="#[6]">&gt;&gt;</a>&nbsp;&nbsp;&nbsp;Timer1IntHandler
<LI><a href="#[68]">&gt;&gt;</a>&nbsp;&nbsp;&nbsp;DisableTimer0
</UL>

<P><STRONG><a name="[4f]"></a>TimerEnable</STRONG> (Thumb, 14 bytes, Stack size 0 bytes, timer.o(i.TimerEnable))
<BR><BR>[Called By]<UL><LI><a href="#[e6]">&gt;&gt;</a>&nbsp;&nbsp;&nbsp;initTimer
<LI><a href="#[e0]">&gt;&gt;</a>&nbsp;&nbsp;&nbsp;initI2C
<LI><a href="#[15]">&gt;&gt;</a>&nbsp;&nbsp;&nbsp;TMP006AppCallback
<LI><a href="#[18]">&gt;&gt;</a>&nbsp;&nbsp;&nbsp;SHT21AppCallback
<LI><a href="#[19]">&gt;&gt;</a>&nbsp;&nbsp;&nbsp;MPU9150AppCallback
<LI><a href="#[17]">&gt;&gt;</a>&nbsp;&nbsp;&nbsp;ISL29023AppCallback
<LI><a href="#[6a]">&gt;&gt;</a>&nbsp;&nbsp;&nbsp;EnableTimer0
<LI><a href="#[16]">&gt;&gt;</a>&nbsp;&nbsp;&nbsp;BMP180AppCallback
</UL>

<P><STRONG><a name="[ab]"></a>TimerIntClear</STRONG> (Thumb, 4 bytes, Stack size 0 bytes, timer.o(i.TimerIntClear))
<BR><BR>[Called By]<UL><LI><a href="#[6]">&gt;&gt;</a>&nbsp;&nbsp;&nbsp;Timer1IntHandler
<LI><a href="#[5]">&gt;&gt;</a>&nbsp;&nbsp;&nbsp;Timer0IntHandler
</UL>

<P><STRONG><a name="[ea]"></a>TimerIntEnable</STRONG> (Thumb, 8 bytes, Stack size 0 bytes, timer.o(i.TimerIntEnable))
<BR><BR>[Called By]<UL><LI><a href="#[eb]">&gt;&gt;</a>&nbsp;&nbsp;&nbsp;initTimer1
<LI><a href="#[e6]">&gt;&gt;</a>&nbsp;&nbsp;&nbsp;initTimer
</UL>

<P><STRONG><a name="[e8]"></a>TimerLoadSet</STRONG> (Thumb, 18 bytes, Stack size 0 bytes, timer.o(i.TimerLoadSet))
<BR><BR>[Called By]<UL><LI><a href="#[eb]">&gt;&gt;</a>&nbsp;&nbsp;&nbsp;initTimer1
<LI><a href="#[e6]">&gt;&gt;</a>&nbsp;&nbsp;&nbsp;initTimer
</UL>

<P><STRONG><a name="[a5]"></a>ToggleTimer0</STRONG> (Thumb, 22 bytes, Stack size 8 bytes, board.o(i.ToggleTimer0))
<BR><BR>[Stack]<UL><LI>Max Depth = 16<LI>Call Chain = ToggleTimer0 &rArr; EnableTimer0
</UL>
<BR>[Calls]<UL><LI><a href="#[6a]">&gt;&gt;</a>&nbsp;&nbsp;&nbsp;EnableTimer0
<LI><a href="#[68]">&gt;&gt;</a>&nbsp;&nbsp;&nbsp;DisableTimer0
</UL>
<BR>[Called By]<UL><LI><a href="#[a0]">&gt;&gt;</a>&nbsp;&nbsp;&nbsp;SimpleLinkHttpServerCallback
</UL>

<P><STRONG><a name="[66]"></a>VectorAdd</STRONG> (Thumb, 50 bytes, Stack size 0 bytes, vector.o(i.VectorAdd))
<BR><BR>[Called By]<UL><LI><a href="#[65]">&gt;&gt;</a>&nbsp;&nbsp;&nbsp;CompDCMUpdate
</UL>

<P><STRONG><a name="[62]"></a>VectorCrossProduct</STRONG> (Thumb, 86 bytes, Stack size 0 bytes, vector.o(i.VectorCrossProduct))
<BR><BR>[Called By]<UL><LI><a href="#[65]">&gt;&gt;</a>&nbsp;&nbsp;&nbsp;CompDCMUpdate
<LI><a href="#[61]">&gt;&gt;</a>&nbsp;&nbsp;&nbsp;CompDCMStart
</UL>

<P><STRONG><a name="[63]"></a>VectorDotProduct</STRONG> (Thumb, 38 bytes, Stack size 0 bytes, vector.o(i.VectorDotProduct))
<BR><BR>[Called By]<UL><LI><a href="#[65]">&gt;&gt;</a>&nbsp;&nbsp;&nbsp;CompDCMUpdate
<LI><a href="#[61]">&gt;&gt;</a>&nbsp;&nbsp;&nbsp;CompDCMStart
</UL>

<P><STRONG><a name="[64]"></a>VectorScale</STRONG> (Thumb, 38 bytes, Stack size 0 bytes, vector.o(i.VectorScale))
<BR><BR>[Called By]<UL><LI><a href="#[65]">&gt;&gt;</a>&nbsp;&nbsp;&nbsp;CompDCMUpdate
<LI><a href="#[61]">&gt;&gt;</a>&nbsp;&nbsp;&nbsp;CompDCMStart
</UL>

<P><STRONG><a name="[ad]"></a>_SlDriverHandleError</STRONG> (Thumb, 84 bytes, Stack size 40 bytes, driver.o(i._SlDriverHandleError))
<BR><BR>[Stack]<UL><LI>Max Depth = 64<LI>Call Chain = _SlDriverHandleError &rArr; SimpleLinkGeneralEventHandler &rArr; CLI_Write
</UL>
<BR>[Calls]<UL><LI><a href="#[af]">&gt;&gt;</a>&nbsp;&nbsp;&nbsp;_SlDrvSyncObjSignal
<LI><a href="#[9f]">&gt;&gt;</a>&nbsp;&nbsp;&nbsp;SimpleLinkGeneralEventHandler
<LI><a href="#[ae]">&gt;&gt;</a>&nbsp;&nbsp;&nbsp;_SlNonOsSemSet
</UL>
<BR>[Called By]<UL><LI><a href="#[ce]">&gt;&gt;</a>&nbsp;&nbsp;&nbsp;_SlDrvSyncObjWaitTimeout
<LI><a href="#[25]">&gt;&gt;</a>&nbsp;&nbsp;&nbsp;_SlDrvDeviceEventHandler
<LI><a href="#[b4]">&gt;&gt;</a>&nbsp;&nbsp;&nbsp;_SlDrvMsgReadCmdCtx
<LI><a href="#[bd]">&gt;&gt;</a>&nbsp;&nbsp;&nbsp;_SlDrvMsgRead
</UL>

<P><STRONG><a name="[b0]"></a>_SlDrvCmdOp</STRONG> (Thumb, 104 bytes, Stack size 32 bytes, driver.o(i._SlDrvCmdOp))
<BR><BR>[Stack]<UL><LI>Max Depth = 192<LI>Call Chain = _SlDrvCmdOp &rArr; _SlDrvMsgReadCmdCtx &rArr; _SlDrvMsgRead &rArr; _SlDrvRxHdrRead &rArr; spi_Write
</UL>
<BR>[Calls]<UL><LI><a href="#[b3]">&gt;&gt;</a>&nbsp;&nbsp;&nbsp;_SlDrvGlobalObjUnLock
<LI><a href="#[b1]">&gt;&gt;</a>&nbsp;&nbsp;&nbsp;_SlDrvObjGlobalLockWaitForever
<LI><a href="#[b2]">&gt;&gt;</a>&nbsp;&nbsp;&nbsp;_SlDrvMsgWrite
<LI><a href="#[b4]">&gt;&gt;</a>&nbsp;&nbsp;&nbsp;_SlDrvMsgReadCmdCtx
</UL>
<BR>[Called By]<UL><LI><a href="#[ee]">&gt;&gt;</a>&nbsp;&nbsp;&nbsp;sl_WlanSetMode
<LI><a href="#[ef]">&gt;&gt;</a>&nbsp;&nbsp;&nbsp;sl_WlanSet
<LI><a href="#[f0]">&gt;&gt;</a>&nbsp;&nbsp;&nbsp;sl_Stop
<LI><a href="#[f1]">&gt;&gt;</a>&nbsp;&nbsp;&nbsp;sl_NetAppSet
<LI><a href="#[f2]">&gt;&gt;</a>&nbsp;&nbsp;&nbsp;sl_NetAppGet
</UL>

<P><STRONG><a name="[b5]"></a>_SlDrvCmdSend</STRONG> (Thumb, 74 bytes, Stack size 56 bytes, driver.o(i._SlDrvCmdSend))
<BR><BR>[Stack]<UL><LI>Max Depth = 120<LI>Call Chain = _SlDrvCmdSend &rArr; _SlDrvMsgWrite &rArr; spi_Write
</UL>
<BR>[Calls]<UL><LI><a href="#[b2]">&gt;&gt;</a>&nbsp;&nbsp;&nbsp;_SlDrvMsgWrite
<LI><a href="#[b6]">&gt;&gt;</a>&nbsp;&nbsp;&nbsp;__aeabi_memcpy4
</UL>
<BR>[Called By]<UL><LI><a href="#[c7]">&gt;&gt;</a>&nbsp;&nbsp;&nbsp;_sl_NetAppSendTokenValue
</UL>

<P><STRONG><a name="[25]"></a>_SlDrvDeviceEventHandler</STRONG> (Thumb, 98 bytes, Stack size 24 bytes, device.o(i._SlDrvDeviceEventHandler))
<BR><BR>[Stack]<UL><LI>Max Depth = 104<LI>Call Chain = _SlDrvDeviceEventHandler &rArr; _sl_HandleAsync_InitComplete &rArr; _SlDrvReleasePoolObj &rArr; _SlDrvProtectionObjLockWaitForever &rArr; _SlNonOsSemGet &rArr; _SlNonOsMainLoopTask
</UL>
<BR>[Calls]<UL><LI><a href="#[b3]">&gt;&gt;</a>&nbsp;&nbsp;&nbsp;_SlDrvGlobalObjUnLock
<LI><a href="#[ad]">&gt;&gt;</a>&nbsp;&nbsp;&nbsp;_SlDriverHandleError
<LI><a href="#[24]">&gt;&gt;</a>&nbsp;&nbsp;&nbsp;_sl_HandleAsync_Stop
<LI><a href="#[b7]">&gt;&gt;</a>&nbsp;&nbsp;&nbsp;_sl_HandleAsync_InitComplete
<LI><a href="#[9f]">&gt;&gt;</a>&nbsp;&nbsp;&nbsp;SimpleLinkGeneralEventHandler
</UL>
<BR>[Address Reference Count : 1]<UL><LI> driver.o(.constdata)
</UL>
[...]
<LI><a href="#[eb]">&gt;&gt;</a>&nbsp;&nbsp;&nbsp;initTimer1
<LI><a href="#[e6]">&gt;&gt;</a>&nbsp;&nbsp;&nbsp;initTimer
<LI><a href="#[e5]">&gt;&gt;</a>&nbsp;&nbsp;&nbsp;initLEDs
<LI><a href="#[e0]">&gt;&gt;</a>&nbsp;&nbsp;&nbsp;initI2C
<LI><a href="#[dc]">&gt;&gt;</a>&nbsp;&nbsp;&nbsp;initClk
<LI><a href="#[2e]">&gt;&gt;</a>&nbsp;&nbsp;&nbsp;__aeabi_memclr
</UL>
<BR>[Address Reference Count : 1]<UL><LI> entry9a.o(.ARM.Collect$$$$0000000B)
</UL>
<P><STRONG><a name="[4e]"></a>powf</STRONG> (Thumb, 20 bytes, Stack size 8 bytes, powf.o(i.powf))
<BR><BR>[Stack]<UL><LI>Max Depth = 128<LI>Call Chain = powf &rArr; __hardfp_powf &rArr; __aeabi_dsub &rArr; __aeabi_dadd &rArr; _double_epilogue &rArr; _double_round
</UL>
<BR>[Calls]<UL><LI><a href="#[d6]">&gt;&gt;</a>&nbsp;&nbsp;&nbsp;__hardfp_powf
</UL>
<BR>[Called By]<UL><LI><a href="#[16]">&gt;&gt;</a>&nbsp;&nbsp;&nbsp;BMP180AppCallback
</UL>

<P><STRONG><a name="[f4]"></a>registerInterruptHandler</STRONG> (Thumb, 8 bytes, Stack size 0 bytes, board.o(i.registerInterruptHandler))
<BR><BR>[Called By]<UL><LI><a href="#[f0]">&gt;&gt;</a>&nbsp;&nbsp;&nbsp;sl_Stop
<LI><a href="#[ed]">&gt;&gt;</a>&nbsp;&nbsp;&nbsp;sl_Start
</UL>

<P><STRONG><a name="[f2]"></a>sl_NetAppGet</STRONG> (Thumb, 100 bytes, Stack size 56 bytes, netapp.o(i.sl_NetAppGet))
<BR><BR>[Stack]<UL><LI>Max Depth = 248<LI>Call Chain = sl_NetAppGet &rArr; _SlDrvCmdOp &rArr; _SlDrvMsgReadCmdCtx &rArr; _SlDrvMsgRead &rArr; _SlDrvRxHdrRead &rArr; spi_Write
</UL>
<BR>[Calls]<UL><LI><a href="#[cc]">&gt;&gt;</a>&nbsp;&nbsp;&nbsp;_SlDrvResetCmdExt
<LI><a href="#[b0]">&gt;&gt;</a>&nbsp;&nbsp;&nbsp;_SlDrvCmdOp
</UL>
<BR>[Called By]<UL><LI><a href="#[9]">&gt;&gt;</a>&nbsp;&nbsp;&nbsp;main
</UL>

<P><STRONG><a name="[f1]"></a>sl_NetAppSet</STRONG> (Thumb, 78 bytes, Stack size 48 bytes, netapp.o(i.sl_NetAppSet))
<BR><BR>[Stack]<UL><LI>Max Depth = 240<LI>Call Chain = sl_NetAppSet &rArr; _SlDrvCmdOp &rArr; _SlDrvMsgReadCmdCtx &rArr; _SlDrvMsgRead &rArr; _SlDrvRxHdrRead &rArr; spi_Write
</UL>
<BR>[Calls]<UL><LI><a href="#[cc]">&gt;&gt;</a>&nbsp;&nbsp;&nbsp;_SlDrvResetCmdExt
<LI><a href="#[b0]">&gt;&gt;</a>&nbsp;&nbsp;&nbsp;_SlDrvCmdOp
</UL>
<BR>[Called By]<UL><LI><a href="#[9]">&gt;&gt;</a>&nbsp;&nbsp;&nbsp;main
</UL>

<P><STRONG><a name="[ed]"></a>sl_Start</STRONG> (Thumb, 142 bytes, Stack size 32 bytes, device.o(i.sl_Start))
<BR><BR>[Stack]<UL><LI>Max Depth = 128<LI>Call Chain = sl_Start &rArr; _SlDrvProtectAsyncRespSetting &rArr; _SlDrvWaitForPoolObj &rArr; _SlDrvSyncObjWaitForever &rArr; _SlNonOsSemGet &rArr; _SlNonOsMainLoopTask
</UL>
<BR>[Calls]<UL><LI><a href="#[ce]">&gt;&gt;</a>&nbsp;&nbsp;&nbsp;_SlDrvSyncObjWaitTimeout
<LI><a href="#[ca]">&gt;&gt;</a>&nbsp;&nbsp;&nbsp;_SlDrvReleasePoolObj
<LI><a href="#[c8]">&gt;&gt;</a>&nbsp;&nbsp;&nbsp;_SlDrvProtectAsyncRespSetting
<LI><a href="#[ba]">&gt;&gt;</a>&nbsp;&nbsp;&nbsp;_SlDrvDriverCBInit
<LI><a href="#[da]">&gt;&gt;</a>&nbsp;&nbsp;&nbsp;_sl_GetStartResponseConvert
<LI><a href="#[f6]">&gt;&gt;</a>&nbsp;&nbsp;&nbsp;spi_Open
<LI><a href="#[f4]">&gt;&gt;</a>&nbsp;&nbsp;&nbsp;registerInterruptHandler
<LI><a href="#[f5]">&gt;&gt;</a>&nbsp;&nbsp;&nbsp;CC3100_enable
<LI><a href="#[f3]">&gt;&gt;</a>&nbsp;&nbsp;&nbsp;CC3100_disable
</UL>
<BR>[Called By]<UL><LI><a href="#[9]">&gt;&gt;</a>&nbsp;&nbsp;&nbsp;main
</UL>

<P><STRONG><a name="[f0]"></a>sl_Stop</STRONG> (Thumb, 138 bytes, Stack size 24 bytes, device.o(i.sl_Stop))
<BR><BR>[Stack]<UL><LI>Max Depth = 216<LI>Call Chain = sl_Stop &rArr; _SlDrvCmdOp &rArr; _SlDrvMsgReadCmdCtx &rArr; _SlDrvMsgRead &rArr; _SlDrvRxHdrRead &rArr; spi_Write
</UL>
<BR>[Calls]<UL><LI><a href="#[ce]">&gt;&gt;</a>&nbsp;&nbsp;&nbsp;_SlDrvSyncObjWaitTimeout
<LI><a href="#[ca]">&gt;&gt;</a>&nbsp;&nbsp;&nbsp;_SlDrvReleasePoolObj
<LI><a href="#[c8]">&gt;&gt;</a>&nbsp;&nbsp;&nbsp;_SlDrvProtectAsyncRespSetting
<LI><a href="#[b9]">&gt;&gt;</a>&nbsp;&nbsp;&nbsp;_SlDrvDriverCBDeinit
<LI><a href="#[b0]">&gt;&gt;</a>&nbsp;&nbsp;&nbsp;_SlDrvCmdOp
<LI><a href="#[f7]">&gt;&gt;</a>&nbsp;&nbsp;&nbsp;spi_Close
<LI><a href="#[f4]">&gt;&gt;</a>&nbsp;&nbsp;&nbsp;registerInterruptHandler
<LI><a href="#[f3]">&gt;&gt;</a>&nbsp;&nbsp;&nbsp;CC3100_disable
</UL>
<BR>[Called By]<UL><LI><a href="#[9]">&gt;&gt;</a>&nbsp;&nbsp;&nbsp;main
</UL>

<P><STRONG><a name="[ef]"></a>sl_WlanSet</STRONG> (Thumb, 80 bytes, Stack size 48 bytes, wlan.o(i.sl_WlanSet))
<BR><BR>[Stack]<UL><LI>Max Depth = 240<LI>Call Chain = sl_WlanSet &rArr; _SlDrvCmdOp &rArr; _SlDrvMsgReadCmdCtx &rArr; _SlDrvMsgRead &rArr; _SlDrvRxHdrRead &rArr; spi_Write
</UL>
<BR>[Calls]<UL><LI><a href="#[cc]">&gt;&gt;</a>&nbsp;&nbsp;&nbsp;_SlDrvResetCmdExt
<LI><a href="#[b0]">&gt;&gt;</a>&nbsp;&nbsp;&nbsp;_SlDrvCmdOp
</UL>
<BR>[Called By]<UL><LI><a href="#[9]">&gt;&gt;</a>&nbsp;&nbsp;&nbsp;main
</UL>

<P><STRONG><a name="[ee]"></a>sl_WlanSetMode</STRONG> (Thumb, 40 bytes, Stack size 8 bytes, wlan.o(i.sl_WlanSetMode))
<BR><BR>[Stack]<UL><LI>Max Depth = 200<LI>Call Chain = sl_WlanSetMode &rArr; _SlDrvCmdOp &rArr; _SlDrvMsgReadCmdCtx &rArr; _SlDrvMsgRead &rArr; _SlDrvRxHdrRead &rArr; spi_Write
</UL>
<BR>[Calls]<UL><LI><a href="#[b0]">&gt;&gt;</a>&nbsp;&nbsp;&nbsp;_SlDrvCmdOp
</UL>
<BR>[Called By]<UL><LI><a href="#[9]">&gt;&gt;</a>&nbsp;&nbsp;&nbsp;main
</UL>

<P><STRONG><a name="[f7]"></a>spi_Close</STRONG> (Thumb, 10 bytes, Stack size 8 bytes, spi.o(i.spi_Close))
<BR><BR>[Stack]<UL><LI>Max Depth = 8<LI>Call Chain = spi_Close
</UL>
<BR>[Calls]<UL><LI><a href="#[54]">&gt;&gt;</a>&nbsp;&nbsp;&nbsp;CC3100_InterruptDisable
</UL>
<BR>[Called By]<UL><LI><a href="#[f0]">&gt;&gt;</a>&nbsp;&nbsp;&nbsp;sl_Stop
</UL>

<P><STRONG><a name="[f6]"></a>spi_Open</STRONG> (Thumb, 250 bytes, Stack size 24 bytes, spi.o(i.spi_Open))
<BR><BR>[Stack]<UL><LI>Max Depth = 60<LI>Call Chain = spi_Open &rArr; GPIOPinTypeSSI &rArr; GPIOPadConfigSet
</UL>
<BR>[Calls]<UL><LI><a href="#[f9]">&gt;&gt;</a>&nbsp;&nbsp;&nbsp;SSIEnable
<LI><a href="#[f8]">&gt;&gt;</a>&nbsp;&nbsp;&nbsp;SSIConfigSetExpClk
<LI><a href="#[73]">&gt;&gt;</a>&nbsp;&nbsp;&nbsp;GPIOPinTypeSSI
<LI><a href="#[6f]">&gt;&gt;</a>&nbsp;&nbsp;&nbsp;GPIOPadConfigSet
<LI><a href="#[e1]">&gt;&gt;</a>&nbsp;&nbsp;&nbsp;SysCtlPeripheralEnable
<LI><a href="#[2d]">&gt;&gt;</a>&nbsp;&nbsp;&nbsp;SysCtlDelay
<LI><a href="#[8f]">&gt;&gt;</a>&nbsp;&nbsp;&nbsp;IntMasterEnable
<LI><a href="#[79]">&gt;&gt;</a>&nbsp;&nbsp;&nbsp;IntEnable
<LI><a href="#[6d]">&gt;&gt;</a>&nbsp;&nbsp;&nbsp;GPIOPinTypeGPIOInput
<LI><a href="#[59]">&gt;&gt;</a>&nbsp;&nbsp;&nbsp;GPIOPinConfigure
<LI><a href="#[e2]">&gt;&gt;</a>&nbsp;&nbsp;&nbsp;GPIOIntTypeSet
<LI><a href="#[6b]">&gt;&gt;</a>&nbsp;&nbsp;&nbsp;GPIOIntStatus
<LI><a href="#[57]">&gt;&gt;</a>&nbsp;&nbsp;&nbsp;GPIOIntEnable
<LI><a href="#[55]">&gt;&gt;</a>&nbsp;&nbsp;&nbsp;GPIOIntDisable
<LI><a href="#[6c]">&gt;&gt;</a>&nbsp;&nbsp;&nbsp;GPIOIntClear
<LI><a href="#[56]">&gt;&gt;</a>&nbsp;&nbsp;&nbsp;CC3100_InterruptEnable
</UL>
<BR>[Called By]<UL><LI><a href="#[ed]">&gt;&gt;</a>&nbsp;&nbsp;&nbsp;sl_Start
</UL>

<P><STRONG><a name="[c0]"></a>spi_Read</STRONG> (Thumb, 88 bytes, Stack size 32 bytes, spi.o(i.spi_Read))
<BR><BR>[Stack]<UL><LI>Max Depth = 32<LI>Call Chain = spi_Read
</UL>
<BR>[Calls]<UL><LI><a href="#[fa]">&gt;&gt;</a>&nbsp;&nbsp;&nbsp;SSIDataPutNonBlocking
<LI><a href="#[fb]">&gt;&gt;</a>&nbsp;&nbsp;&nbsp;SSIDataGetNonBlocking
<LI><a href="#[fc]">&gt;&gt;</a>&nbsp;&nbsp;&nbsp;SSIBusy
<LI><a href="#[ac]">&gt;&gt;</a>&nbsp;&nbsp;&nbsp;GPIOPinWrite
</UL>
<BR>[Called By]<UL><LI><a href="#[be]">&gt;&gt;</a>&nbsp;&nbsp;&nbsp;_SlDrvRxHdrRead
<LI><a href="#[bd]">&gt;&gt;</a>&nbsp;&nbsp;&nbsp;_SlDrvMsgRead
</UL>

<P><STRONG><a name="[c6]"></a>spi_Write</STRONG> (Thumb, 86 bytes, Stack size 32 bytes, spi.o(i.spi_Write))
<BR><BR>[Stack]<UL><LI>Max Depth = 32<LI>Call Chain = spi_Write
</UL>
<BR>[Calls]<UL><LI><a href="#[fa]">&gt;&gt;</a>&nbsp;&nbsp;&nbsp;SSIDataPutNonBlocking
<LI><a href="#[fb]">&gt;&gt;</a>&nbsp;&nbsp;&nbsp;SSIDataGetNonBlocking
<LI><a href="#[fc]">&gt;&gt;</a>&nbsp;&nbsp;&nbsp;SSIBusy
<LI><a href="#[ac]">&gt;&gt;</a>&nbsp;&nbsp;&nbsp;GPIOPinWrite
</UL>
<BR>[Called By]<UL><LI><a href="#[be]">&gt;&gt;</a>&nbsp;&nbsp;&nbsp;_SlDrvRxHdrRead
<LI><a href="#[b2]">&gt;&gt;</a>&nbsp;&nbsp;&nbsp;_SlDrvMsgWrite
</UL>

<P><STRONG><a name="[d2]"></a>sqrtf</STRONG> (Thumb, 62 bytes, Stack size 16 bytes, sqrtf.o(i.sqrtf))
<BR><BR>[Stack]<UL><LI>Max Depth = 16<LI>Call Chain = sqrtf
</UL>
<BR>[Calls]<UL><LI><a href="#[d5]">&gt;&gt;</a>&nbsp;&nbsp;&nbsp;__set_errno
</UL>
<BR>[Called By]<UL><LI><a href="#[5e]">&gt;&gt;</a>&nbsp;&nbsp;&nbsp;__hardfp_asinf
</UL>

<P><STRONG><a name="[ec]"></a>stopWDT</STRONG> (Thumb, 2 bytes, Stack size 0 bytes, board.o(i.stopWDT))
<BR><BR>[Called By]<UL><LI><a href="#[9]">&gt;&gt;</a>&nbsp;&nbsp;&nbsp;main
</UL>

<P><STRONG><a name="[a6]"></a>turnLedOff</STRONG> (Thumb, 28 bytes, Stack size 0 bytes, board.o(i.turnLedOff))
<BR><BR>[Calls]<UL><LI><a href="#[ac]">&gt;&gt;</a>&nbsp;&nbsp;&nbsp;GPIOPinWrite
</UL>
<BR>[Called By]<UL><LI><a href="#[a0]">&gt;&gt;</a>&nbsp;&nbsp;&nbsp;SimpleLinkHttpServerCallback
</UL>

<P><STRONG><a name="[a7]"></a>turnLedOn</STRONG> (Thumb, 28 bytes, Stack size 0 bytes, board.o(i.turnLedOn))
<BR><BR>[Calls]<UL><LI><a href="#[ac]">&gt;&gt;</a>&nbsp;&nbsp;&nbsp;GPIOPinWrite
</UL>
<BR>[Called By]<UL><LI><a href="#[a0]">&gt;&gt;</a>&nbsp;&nbsp;&nbsp;SimpleLinkHttpServerCallback
</UL>
<P>
<H3>
Local Symbols
</H3>
<P><STRONG><a name="[1]"></a>NmiSR</STRONG> (Thumb, 0 bytes, Stack size unknown bytes, startup_rvmdk.o(RESET))
<BR><BR>[Calls]<UL><LI><a href="#[1]">&gt;&gt;</a>&nbsp;&nbsp;&nbsp;NmiSR
</UL>
<BR>[Called By]<UL><LI><a href="#[1]">&gt;&gt;</a>&nbsp;&nbsp;&nbsp;NmiSR
</UL>
<BR>[Address Reference Count : 1]<UL><LI> startup_rvmdk.o(RESET)
</UL>
<P><STRONG><a name="[2]"></a>FaultISR</STRONG> (Thumb, 0 bytes, Stack size unknown bytes, startup_rvmdk.o(RESET))
<BR><BR>[Calls]<UL><LI><a href="#[2]">&gt;&gt;</a>&nbsp;&nbsp;&nbsp;FaultISR
</UL>
<BR>[Called By]<UL><LI><a href="#[2]">&gt;&gt;</a>&nbsp;&nbsp;&nbsp;FaultISR
</UL>
<BR>[Address Reference Count : 1]<UL><LI> startup_rvmdk.o(RESET)
</UL>
<P><STRONG><a name="[3]"></a>IntDefaultHandler</STRONG> (Thumb, 0 bytes, Stack size unknown bytes, startup_rvmdk.o(RESET))
<BR><BR>[Calls]<UL><LI><a href="#[3]">&gt;&gt;</a>&nbsp;&nbsp;&nbsp;IntDefaultHandler
</UL>
<BR>[Called By]<UL><LI><a href="#[3]">&gt;&gt;</a>&nbsp;&nbsp;&nbsp;IntDefaultHandler
</UL>
<BR>[Address Reference Count : 1]<UL><LI> startup_rvmdk.o(RESET)
</UL>
<P><STRONG><a name="[da]"></a>_sl_GetStartResponseConvert</STRONG> (Thumb, 10 bytes, Stack size 0 bytes, device.o(i._sl_GetStartResponseConvert))
<BR><BR>[Called By]<UL><LI><a href="#[b7]">&gt;&gt;</a>&nbsp;&nbsp;&nbsp;_sl_HandleAsync_InitComplete
<LI><a href="#[ed]">&gt;&gt;</a>&nbsp;&nbsp;&nbsp;sl_Start
</UL>

<P><STRONG><a name="[c4]"></a>_SlAsyncEventGenericHandler</STRONG> (Thumb, 114 bytes, Stack size 40 bytes, driver.o(i._SlAsyncEventGenericHandler))
<BR><BR>[Stack]<UL><LI>Max Depth = 40<LI>Call Chain = _SlAsyncEventGenericHandler
</UL>
<BR>[Called By]<UL><LI><a href="#[1c]">&gt;&gt;</a>&nbsp;&nbsp;&nbsp;_SlDrvMsgReadSpawnCtx
<LI><a href="#[b4]">&gt;&gt;</a>&nbsp;&nbsp;&nbsp;_SlDrvMsgReadCmdCtx
</UL>

<P><STRONG><a name="[bf]"></a>_SlDrvClassifyRxMsg</STRONG> (Thumb, 100 bytes, Stack size 0 bytes, driver.o(i._SlDrvClassifyRxMsg))
<BR><BR>[Called By]<UL><LI><a href="#[bd]">&gt;&gt;</a>&nbsp;&nbsp;&nbsp;_SlDrvMsgRead
</UL>

<P><STRONG><a name="[bd]"></a>_SlDrvMsgRead</STRONG> (Thumb, 808 bytes, Stack size 56 bytes, driver.o(i._SlDrvMsgRead))
<BR><BR>[Stack]<UL><LI>Max Depth = 136<LI>Call Chain = _SlDrvMsgRead &rArr; _SlDrvRxHdrRead &rArr; spi_Write
</UL>
<BR>[Calls]<UL><LI><a href="#[af]">&gt;&gt;</a>&nbsp;&nbsp;&nbsp;_SlDrvSyncObjSignal
<LI><a href="#[c3]">&gt;&gt;</a>&nbsp;&nbsp;&nbsp;_SlDrvProtectionObjUnLock
<LI><a href="#[c1]">&gt;&gt;</a>&nbsp;&nbsp;&nbsp;_SlDrvProtectionObjLockWaitForever
<LI><a href="#[b3]">&gt;&gt;</a>&nbsp;&nbsp;&nbsp;_SlDrvGlobalObjUnLock
<LI><a href="#[ad]">&gt;&gt;</a>&nbsp;&nbsp;&nbsp;_SlDriverHandleError
<LI><a href="#[c0]">&gt;&gt;</a>&nbsp;&nbsp;&nbsp;spi_Read
<LI><a href="#[bb]">&gt;&gt;</a>&nbsp;&nbsp;&nbsp;_SlDrvMemZero
<LI><a href="#[c2]">&gt;&gt;</a>&nbsp;&nbsp;&nbsp;_SlFindAndSetActiveObj
<LI><a href="#[be]">&gt;&gt;</a>&nbsp;&nbsp;&nbsp;_SlDrvRxHdrRead
<LI><a href="#[bf]">&gt;&gt;</a>&nbsp;&nbsp;&nbsp;_SlDrvClassifyRxMsg
<LI><a href="#[a4]">&gt;&gt;</a>&nbsp;&nbsp;&nbsp;__aeabi_memcpy
</UL>
<BR>[Called By]<UL><LI><a href="#[1c]">&gt;&gt;</a>&nbsp;&nbsp;&nbsp;_SlDrvMsgReadSpawnCtx
<LI><a href="#[b4]">&gt;&gt;</a>&nbsp;&nbsp;&nbsp;_SlDrvMsgReadCmdCtx
</UL>

<P><STRONG><a name="[b4]"></a>_SlDrvMsgReadCmdCtx</STRONG> (Thumb, 196 bytes, Stack size 24 bytes, driver.o(i._SlDrvMsgReadCmdCtx))
<BR><BR>[Stack]<UL><LI>Max Depth = 160<LI>Call Chain = _SlDrvMsgReadCmdCtx &rArr; _SlDrvMsgRead &rArr; _SlDrvRxHdrRead &rArr; spi_Write
</UL>
<BR>[Calls]<UL><LI><a href="#[b3]">&gt;&gt;</a>&nbsp;&nbsp;&nbsp;_SlDrvGlobalObjUnLock
<LI><a href="#[ad]">&gt;&gt;</a>&nbsp;&nbsp;&nbsp;_SlDriverHandleError
<LI><a href="#[c5]">&gt;&gt;</a>&nbsp;&nbsp;&nbsp;_SlNonOsSpawn
<LI><a href="#[bc]">&gt;&gt;</a>&nbsp;&nbsp;&nbsp;_SlNonOsSemGet
<LI><a href="#[bd]">&gt;&gt;</a>&nbsp;&nbsp;&nbsp;_SlDrvMsgRead
<LI><a href="#[c4]">&gt;&gt;</a>&nbsp;&nbsp;&nbsp;_SlAsyncEventGenericHandler
</UL>
<BR>[Called By]<UL><LI><a href="#[b0]">&gt;&gt;</a>&nbsp;&nbsp;&nbsp;_SlDrvCmdOp
</UL>

<P><STRONG><a name="[b2]"></a>_SlDrvMsgWrite</STRONG> (Thumb, 258 bytes, Stack size 32 bytes, driver.o(i._SlDrvMsgWrite))
<BR><BR>[Stack]<UL><LI>Max Depth = 64<LI>Call Chain = _SlDrvMsgWrite &rArr; spi_Write
</UL>
<BR>[Calls]<UL><LI><a href="#[c6]">&gt;&gt;</a>&nbsp;&nbsp;&nbsp;spi_Write
</UL>
<BR>[Called By]<UL><LI><a href="#[b0]">&gt;&gt;</a>&nbsp;&nbsp;&nbsp;_SlDrvCmdOp
<LI><a href="#[b5]">&gt;&gt;</a>&nbsp;&nbsp;&nbsp;_SlDrvCmdSend
</UL>

<P><STRONG><a name="[b1]"></a>_SlDrvObjGlobalLockWaitForever</STRONG> (Thumb, 28 bytes, Stack size 0 bytes, driver.o(i._SlDrvObjGlobalLockWaitForever))
<BR><BR>[Stack]<UL><LI>Max Depth = 40<LI>Call Chain = _SlDrvObjGlobalLockWaitForever &rArr; _SlNonOsSemGet &rArr; _SlNonOsMainLoopTask
</UL>
<BR>[Calls]<UL><LI><a href="#[bc]">&gt;&gt;</a>&nbsp;&nbsp;&nbsp;_SlNonOsSemGet
</UL>
<BR>[Called By]<UL><LI><a href="#[b0]">&gt;&gt;</a>&nbsp;&nbsp;&nbsp;_SlDrvCmdOp
<LI><a href="#[1c]">&gt;&gt;</a>&nbsp;&nbsp;&nbsp;_SlDrvMsgReadSpawnCtx
</UL>

<P><STRONG><a name="[be]"></a>_SlDrvRxHdrRead</STRONG> (Thumb, 318 bytes, Stack size 48 bytes, driver.o(i._SlDrvRxHdrRead))
<BR><BR>[Stack]<UL><LI>Max Depth = 80<LI>Call Chain = _SlDrvRxHdrRead &rArr; spi_Write
</UL>
<BR>[Calls]<UL><LI><a href="#[c6]">&gt;&gt;</a>&nbsp;&nbsp;&nbsp;spi_Write
<LI><a href="#[c0]">&gt;&gt;</a>&nbsp;&nbsp;&nbsp;spi_Read
</UL>
<BR>[Called By]<UL><LI><a href="#[bd]">&gt;&gt;</a>&nbsp;&nbsp;&nbsp;_SlDrvMsgRead
</UL>

<P><STRONG><a name="[c2]"></a>_SlFindAndSetActiveObj</STRONG> (Thumb, 136 bytes, Stack size 20 bytes, driver.o(i._SlFindAndSetActiveObj))
<BR><BR>[Stack]<UL><LI>Max Depth = 20<LI>Call Chain = _SlFindAndSetActiveObj
</UL>
<BR>[Called By]<UL><LI><a href="#[bd]">&gt;&gt;</a>&nbsp;&nbsp;&nbsp;_SlDrvMsgRead
</UL>

<P><STRONG><a name="[cb]"></a>_SlRemoveFromList</STRONG> (Thumb, 84 bytes, Stack size 12 bytes, driver.o(i._SlRemoveFromList))
<BR><BR>[Stack]<UL><LI>Max Depth = 12<LI>Call Chain = _SlRemoveFromList
</UL>
<BR>[Called By]<UL><LI><a href="#[ca]">&gt;&gt;</a>&nbsp;&nbsp;&nbsp;_SlDrvReleasePoolObj
</UL>

<P><STRONG><a name="[db]"></a>CopyPingResultsToReport</STRONG> (Thumb, 26 bytes, Stack size 0 bytes, netapp.o(i.CopyPingResultsToReport))
<BR><BR>[Called By]<UL><LI><a href="#[1b]">&gt;&gt;</a>&nbsp;&nbsp;&nbsp;_sl_HandleAsync_PingResponse
</UL>

<P><STRONG><a name="[e]"></a>BMP180Callback</STRONG> (Thumb, 500 bytes, Stack size 40 bytes, bmp180.o(i.BMP180Callback))
<BR><BR>[Stack]<UL><LI>Max Depth = 136<LI>Call Chain = BMP180Callback &rArr; I2CMRead &rArr; I2CMCommand
</UL>
<BR>[Calls]<UL><LI><a href="#[50]">&gt;&gt;</a>&nbsp;&nbsp;&nbsp;I2CMRead
<LI><a href="#[51]">&gt;&gt;</a>&nbsp;&nbsp;&nbsp;I2CMCommand
</UL>
<BR>[Address Reference Count : 3]<UL><LI> bmp180.o(i.BMP180DataRead)
<LI> bmp180.o(i.BMP180Init)
<LI> bmp180.o(i.BMP180Callback)
</UL>
<P><STRONG><a name="[f]"></a>I2CMReadModifyWrite8Callback</STRONG> (Thumb, 108 bytes, Stack size 40 bytes, i2cm_drv.o(i.I2CMReadModifyWrite8Callback))
<BR><BR>[Stack]<UL><LI>Max Depth = 96<LI>Call Chain = I2CMReadModifyWrite8Callback &rArr; I2CMCommand
</UL>
<BR>[Calls]<UL><LI><a href="#[51]">&gt;&gt;</a>&nbsp;&nbsp;&nbsp;I2CMCommand
</UL>
<BR>[Address Reference Count : 2]<UL><LI> i2cm_drv.o(i.I2CMReadModifyWrite8)
<LI> i2cm_drv.o(i.I2CMReadModifyWrite8Callback)
</UL>
<P><STRONG><a name="[10]"></a>I2CMWrite8Callback</STRONG> (Thumb, 94 bytes, Stack size 0 bytes, i2cm_drv.o(i.I2CMWrite8Callback))
<BR><BR>[Calls]<UL><LI><a href="#[7a]">&gt;&gt;</a>&nbsp;&nbsp;&nbsp;IntTrigger
</UL>
<BR>[Address Reference Count : 1]<UL><LI> i2cm_drv.o(i.I2CMWrite8)
</UL>
<P><STRONG><a name="[11]"></a>ISL29023Callback</STRONG> (Thumb, 88 bytes, Stack size 0 bytes, isl29023.o(i.ISL29023Callback))
<BR>[Address Reference Count : 5]<UL><LI> isl29023.o(i.ISL29023DataRead)
<LI> isl29023.o(i.ISL29023Init)
<LI> isl29023.o(i.ISL29023Read)
<LI> isl29023.o(i.ISL29023ReadModifyWrite)
<LI> isl29023.o(i.ISL29023Write)
</UL>
<P><STRONG><a name="[12]"></a>MPU9150Callback</STRONG> (Thumb, 566 bytes, Stack size 48 bytes, mpu9150.o(i.MPU9150Callback))
<BR><BR>[Stack]<UL><LI>Max Depth = 144<LI>Call Chain = MPU9150Callback &rArr; I2CMWrite &rArr; I2CMCommand
</UL>
<BR>[Calls]<UL><LI><a href="#[84]">&gt;&gt;</a>&nbsp;&nbsp;&nbsp;I2CMWrite
<LI><a href="#[51]">&gt;&gt;</a>&nbsp;&nbsp;&nbsp;I2CMCommand
</UL>
<BR>[Address Reference Count : 4]<UL><LI> mpu9150.o(i.MPU9150Write)
<LI> mpu9150.o(i.MPU9150Callback)
<LI> mpu9150.o(i.MPU9150DataRead)
<LI> mpu9150.o(i.MPU9150Init)
</UL>
<P><STRONG><a name="[13]"></a>SHT21Callback</STRONG> (Thumb, 22 bytes, Stack size 0 bytes, sht21.o(i.SHT21Callback))
<BR>[Address Reference Count : 3]<UL><LI> sht21.o(i.SHT21Write)
<LI> sht21.o(i.SHT21DataRead)
<LI> sht21.o(i.SHT21Init)
</UL>
<P><STRONG><a name="[14]"></a>TMP006Callback</STRONG> (Thumb, 112 bytes, Stack size 48 bytes, tmp006.o(i.TMP006Callback))
<BR><BR>[Stack]<UL><LI>Max Depth = 104<LI>Call Chain = TMP006Callback &rArr; I2CMCommand
</UL>
<BR>[Calls]<UL><LI><a href="#[51]">&gt;&gt;</a>&nbsp;&nbsp;&nbsp;I2CMCommand
</UL>
<BR>[Address Reference Count : 3]<UL><LI> tmp006.o(i.TMP006Init)
<LI> tmp006.o(i.TMP006Callback)
<LI> tmp006.o(i.TMP006DataRead)
</UL>
<P><STRONG><a name="[d1]"></a>_printf_core</STRONG> (Thumb, 748 bytes, Stack size 96 bytes, printf6.o(i._printf_core), UNUSED)
<BR><BR>[Calls]<UL><LI><a href="#[d7]">&gt;&gt;</a>&nbsp;&nbsp;&nbsp;_printf_pre_padding
<LI><a href="#[d9]">&gt;&gt;</a>&nbsp;&nbsp;&nbsp;_printf_post_padding
<LI><a href="#[d8]">&gt;&gt;</a>&nbsp;&nbsp;&nbsp;__aeabi_uidivmod
</UL>
<BR>[Called By]<UL><LI><a href="#[d0]">&gt;&gt;</a>&nbsp;&nbsp;&nbsp;__0sprintf$6
</UL>

<P><STRONG><a name="[d9]"></a>_printf_post_padding</STRONG> (Thumb, 36 bytes, Stack size 24 bytes, printf6.o(i._printf_post_padding), UNUSED)
<BR><BR>[Called By]<UL><LI><a href="#[d1]">&gt;&gt;</a>&nbsp;&nbsp;&nbsp;_printf_core
</UL>

<P><STRONG><a name="[d7]"></a>_printf_pre_padding</STRONG> (Thumb, 46 bytes, Stack size 24 bytes, printf6.o(i._printf_pre_padding), UNUSED)
<BR><BR>[Called By]<UL><LI><a href="#[d1]">&gt;&gt;</a>&nbsp;&nbsp;&nbsp;_printf_core
</UL>

<P><STRONG><a name="[1d]"></a>_sputc</STRONG> (Thumb, 10 bytes, Stack size 0 bytes, printf6.o(i._sputc))
<BR><BR>[Called By]<UL><LI><a href="#[d0]">&gt;&gt;</a>&nbsp;&nbsp;&nbsp;__0sprintf$6
</UL>
<BR>[Address Reference Count : 1]<UL><LI> printf6.o(i.__0sprintf$6)
</UL>
<P><STRONG><a name="[c]"></a>_scanf_char_input</STRONG> (Thumb, 12 bytes, Stack size 0 bytes, scanf_char.o(.text))
<BR>[Address Reference Count : 1]<UL><LI> scanf_char.o(.text)
</UL><P>
<H3>
Undefined Global Symbols
</H3><HR></body></html>
